Resetting modules to system default. Reseting $MODULEPATH back to system default. All extra directories will be removed from $MODULEPATH.
concurrent.futures.process._RemoteTraceback: 
"""
Traceback (most recent call last):
  File "/home/ibrahimoguz/.conda/envs/rl-env/lib/python3.10/concurrent/futures/process.py", line 246, in _process_worker
    r = call_item.fn(*call_item.args, **call_item.kwargs)
  File "/home/ibrahimoguz/FirefightingSoS/wildfire-rl-new/examples/wildfire/ppo_tester.py", line 528, in _eval_task
    record = _run_single_episode(
  File "/home/ibrahimoguz/FirefightingSoS/wildfire-rl-new/examples/wildfire/ppo_tester.py", line 412, in _run_single_episode
    raw_env = WildfireHourlyEnv(
  File "/home/ibrahimoguz/FirefightingSoS/wildfire-rl-new/examples/wildfire/ppo_runner.py", line 621, in __init__
    self.parameters = self._load_parameters(scenario_path)
  File "/home/ibrahimoguz/FirefightingSoS/wildfire-rl-new/examples/wildfire/ppo_runner.py", line 736, in _load_parameters
    return WildfireParameters.model_validate_json(handle.read())
  File "/home/ibrahimoguz/.conda/envs/rl-env/lib/python3.10/site-packages/pydantic/main.py", line 766, in model_validate_json
    return cls.__pydantic_validator__.validate_json(
pydantic_core._pydantic_core.ValidationError: 1 validation error for WildfireParameters
  Invalid JSON: expected value at line 422 column 9 [type=json_invalid, input_value='{\n    "name": "Pyrenees...hy_cost_weight": 1.0\n}', input_type=str]
    For further information visit https://errors.pydantic.dev/2.12/v/json_invalid
"""

The above exception was the direct cause of the following exception:

Traceback (most recent call last):
  File "/home/ibrahimoguz/.conda/envs/rl-env/lib/python3.10/runpy.py", line 196, in _run_module_as_main
    return _run_code(code, main_globals, None,
  File "/home/ibrahimoguz/.conda/envs/rl-env/lib/python3.10/runpy.py", line 86, in _run_code
    exec(code, run_globals)
  File "/home/ibrahimoguz/FirefightingSoS/wildfire-rl-new/examples/wildfire/ppo_tester.py", line 913, in <module>
    main()
  File "/home/ibrahimoguz/FirefightingSoS/wildfire-rl-new/examples/wildfire/ppo_tester.py", line 874, in main
    rows.append(future.result())
  File "/home/ibrahimoguz/.conda/envs/rl-env/lib/python3.10/concurrent/futures/_base.py", line 451, in result
    return self.__get_result()
  File "/home/ibrahimoguz/.conda/envs/rl-env/lib/python3.10/concurrent/futures/_base.py", line 403, in __get_result
    raise self._exception
pydantic_core._pydantic_core.ValidationError: 1 validation error for WildfireParameters
  Invalid JSON: expected value at line 422 column 9 [type=json_invalid, input_value='{\n    "name": "Pyrenees...hy_cost_weight": 1.0\n}', input_type=str]
    For further information visit https://errors.pydantic.dev/2.12/v/json_invalid
