Resetting modules to system default. Reseting $MODULEPATH back to system default. All extra directories will be removed from $MODULEPATH.
	Command being timed: "python -u -m examples.wildfire.ppo_runner --scenario Palisades copy.json --switch-ignition-1 --num-envs 12 --timesteps 10368 --device cpu --profile-timings --gc-collect-on-reset --output-dir examples/wildfire/data/scenarios/outputs/profile_500674/solo_palisades --progress-file-tag profile_palisades --vec-start-method auto"
	User time (seconds): 11405.38
	System time (seconds): 24.64
	Percent of CPU this job got: 503%
	Elapsed (wall clock) time (h:mm:ss or m:ss): 37:49.56
	Average shared text size (kbytes): 0
	Average unshared data size (kbytes): 0
	Average stack size (kbytes): 0
	Average total size (kbytes): 0
	Maximum resident set size (kbytes): 1935256
	Average resident set size (kbytes): 0
	Major (requiring I/O) page faults: 24069
	Minor (reclaiming a frame) page faults: 2924568
	Voluntary context switches: 251251
	Involuntary context switches: 70128
	Swaps: 0
	File system inputs: 1906712
	File system outputs: 20568
	Socket messages sent: 0
	Socket messages received: 0
	Signals delivered: 0
	Page size (bytes): 4096
	Exit status: 0
	Command being timed: "python -u -m examples.wildfire.ppo_runner --scenario Pyrenees.json --switch-ignition-1 --num-envs 12 --timesteps 10368 --device cpu --profile-timings --gc-collect-on-reset --output-dir examples/wildfire/data/scenarios/outputs/profile_500674/solo_pyrenees --progress-file-tag profile_pyrenees --vec-start-method auto"
	User time (seconds): 41594.61
	System time (seconds): 67.64
	Percent of CPU this job got: 460%
	Elapsed (wall clock) time (h:mm:ss or m:ss): 2:30:47
	Average shared text size (kbytes): 0
	Average unshared data size (kbytes): 0
	Average stack size (kbytes): 0
	Average total size (kbytes): 0
	Maximum resident set size (kbytes): 1855872
	Average resident set size (kbytes): 0
	Major (requiring I/O) page faults: 17318
	Minor (reclaiming a frame) page faults: 9353968
	Voluntary context switches: 459782
	Involuntary context switches: 162969
	Swaps: 0
	File system inputs: 268552
	File system outputs: 34128
	Socket messages sent: 0
	Socket messages received: 0
	Signals delivered: 0
	Page size (bytes): 4096
	Exit status: 0
slurmstepd: error: *** JOB 500674 ON owl082 CANCELLED AT 2026-05-07T16:16:15 DUE TO TIME LIMIT ***
