Resetting modules to system default. Reseting $MODULEPATH back to system default. All extra directories will be removed from $MODULEPATH.
	Command being timed: "python -u -m examples.wildfire.ppo_runner --scenario Palisades_12p.json --switch-ignition-1 --num-envs 12 --timesteps 10368 --device cpu --profile-timings --gc-collect-on-reset --output-dir examples/wildfire/data/scenarios/outputs/profile_12p_501353/solo_palisades --progress-file-tag profile_12p_palisades --vec-start-method auto"
	User time (seconds): 27733.41
	System time (seconds): 60.08
	Percent of CPU this job got: 780%
	Elapsed (wall clock) time (h:mm:ss or m:ss): 59:22.16
	Average shared text size (kbytes): 0
	Average unshared data size (kbytes): 0
	Average stack size (kbytes): 0
	Average total size (kbytes): 0
	Maximum resident set size (kbytes): 1965976
	Average resident set size (kbytes): 0
	Major (requiring I/O) page faults: 30479
	Minor (reclaiming a frame) page faults: 7549233
	Voluntary context switches: 1342338
	Involuntary context switches: 359602
	Swaps: 0
	File system inputs: 2173368
	File system outputs: 28376
	Socket messages sent: 0
	Socket messages received: 0
	Signals delivered: 0
	Page size (bytes): 4096
	Exit status: 0
	Command being timed: "python -u -m examples.wildfire.ppo_runner --scenario Pyrenees_12p.json --switch-ignition-1 --num-envs 12 --timesteps 10368 --device cpu --profile-timings --gc-collect-on-reset --output-dir examples/wildfire/data/scenarios/outputs/profile_12p_501353/solo_pyrenees --progress-file-tag profile_12p_pyrenees --vec-start-method auto"
	User time (seconds): 42112.48
	System time (seconds): 63.09
	Percent of CPU this job got: 437%
	Elapsed (wall clock) time (h:mm:ss or m:ss): 2:40:32
	Average shared text size (kbytes): 0
	Average unshared data size (kbytes): 0
	Average stack size (kbytes): 0
	Average total size (kbytes): 0
	Maximum resident set size (kbytes): 1783608
	Average resident set size (kbytes): 0
	Major (requiring I/O) page faults: 16794
	Minor (reclaiming a frame) page faults: 8111295
	Voluntary context switches: 1180289
	Involuntary context switches: 297793
	Swaps: 0
	File system inputs: 322672
	File system outputs: 29080
	Socket messages sent: 0
	Socket messages received: 0
	Signals delivered: 0
	Page size (bytes): 4096
	Exit status: 0
	Command being timed: "python -u -m examples.wildfire.ppo_runner --scenario Salamis_12p.json --switch-ignition-1 --num-envs 12 --timesteps 10368 --device cpu --profile-timings --gc-collect-on-reset --output-dir examples/wildfire/data/scenarios/outputs/profile_12p_501353/solo_salamis --progress-file-tag profile_12p_salamis --vec-start-method auto"
	User time (seconds): 79371.55
	System time (seconds): 71.92
	Percent of CPU this job got: 417%
	Elapsed (wall clock) time (h:mm:ss or m:ss): 5:16:51
	Average shared text size (kbytes): 0
	Average unshared data size (kbytes): 0
	Average stack size (kbytes): 0
	Average total size (kbytes): 0
	Maximum resident set size (kbytes): 1951484
	Average resident set size (kbytes): 0
	Major (requiring I/O) page faults: 16709
	Minor (reclaiming a frame) page faults: 8618565
	Voluntary context switches: 1103418
	Involuntary context switches: 579933
	Swaps: 0
	File system inputs: 321008
	File system outputs: 30904
	Socket messages sent: 0
	Socket messages received: 0
	Signals delivered: 0
	Page size (bytes): 4096
	Exit status: 0
	Command being timed: "python -u -m examples.wildfire.ppo_runner --switch-scenario --switch-scenarios Palisades_12p.json Pyrenees_12p.json Salamis_12p.json --switch-ignition-1 --num-envs 12 --timesteps 6912 --device cpu --profile-timings --gc-collect-on-reset --output-dir examples/wildfire/data/scenarios/outputs/profile_12p_501353/switch_all --progress-file-tag profile_12p_switch --vec-start-method auto"
	User time (seconds): 32387.66
	System time (seconds): 46.56
	Percent of CPU this job got: 355%
	Elapsed (wall clock) time (h:mm:ss or m:ss): 2:31:58
	Average shared text size (kbytes): 0
	Average unshared data size (kbytes): 0
	Average stack size (kbytes): 0
	Average total size (kbytes): 0
	Maximum resident set size (kbytes): 1893396
	Average resident set size (kbytes): 0
	Major (requiring I/O) page faults: 8
	Minor (reclaiming a frame) page faults: 6066948
	Voluntary context switches: 687908
	Involuntary context switches: 318674
	Swaps: 0
	File system inputs: 0
	File system outputs: 17392
	Socket messages sent: 0
	Socket messages received: 0
	Signals delivered: 0
	Page size (bytes): 4096
	Exit status: 0
