/home/ibrahimoguz/.conda/envs/rl-env/bin/python
--switch-ignition-1 enabled: ignition randomized each episode in a 100x100 cell box around the scenario's original ignition.
PPO rollout config: num_envs=36, n_steps=144, effective_batch=5184, minibatches=12, batch_size=432
Decision start delay: Palisades copy.json response_time / 60 = 60.0 minutes
Allowed tactic combinations: 17
Diagnostic: gc.collect() and prior-sim drop at reset start enabled.
Vector env start method: fork
Policy arch: default (independent pi=[512,256,128] / vf=[512,256,128], Tanh)
Using cpu device
PPO hyperparams: lr=0.0005 (decay^0.6), n_epochs=5, gamma=0.99, target_kl=0.02
Checkpointing every 200000 timesteps (5555/env) to examples/wildfire/data/scenarios/outputs/palisades_dt1_probe_540331/checkpoints

Mission Failed (Palisades)

Mission Failed (Palisades)

Mission Failed (Palisades)

Mission Failed (Palisades)

Mission Failed (Palisades)

Mission Failed (Palisades)

Mission Failed (Palisades)

Mission Failed (Palisades)

Mission Failed (Palisades)

Mission Failed (Palisades)

Mission Failed (Palisades)

Mission Failed (Palisades)

Mission Failed (Palisades)

Mission Failed (Palisades)

Mission Failed (Palisades)

Mission Failed (Palisades)

Mission Failed (Palisades)

Mission Failed (Palisades)

Mission Failed (Palisades)

Mission Failed (Palisades)

Mission Failed (Palisades)

Mission Failed (Palisades)

Mission Failed (Palisades)

Mission Failed (Palisades)

Mission Failed (Palisades)

Mission Failed (Palisades)

Mission Failed (Palisades)

Mission Failed (Palisades)

Mission Failed (Palisades)

Mission Failed (Palisades)

Mission Failed (Palisades)

Mission Failed (Palisades)

Mission Failed (Palisades)

Mission Failed (Palisades)

Mission Failed (Palisades)

Mission Failed (Palisades)

Mission Failed (Palisades)

Mission Failed (Palisades)

Mission Failed (Palisades)

Mission Failed (Palisades)

Mission Failed (Palisades)

Mission Failed (Palisades)

Mission Failed (Palisades)

Mission Failed (Palisades)

Mission Failed (Palisades)

Mission Failed (Palisades)

Mission Failed (Palisades)

Mission Failed (Palisades)

Mission Failed (Palisades)

Mission Failed (Palisades)

Mission Failed (Palisades)

Mission Failed (Palisades)

Mission Failed (Palisades)

Mission Failed (Palisades)

Mission Failed (Palisades)

Mission Failed (Palisades)

Mission Failed (Palisades)

Mission Failed (Palisades)

Mission Failed (Palisades)

Mission Failed (Palisades)

Mission Failed (Palisades)

Mission Failed (Palisades)

Mission Failed (Palisades)

Mission Failed (Palisades)

Mission Failed (Palisades)

Mission Failed (Palisades)

Mission Failed (Palisades)

Mission Failed (Palisades)

Mission Failed (Palisades)

Mission Failed (Palisades)

Mission Failed (Palisades)

Mission Failed (Palisades)

Mission Failed (Palisades)

Mission Failed (Palisades)

Mission Failed (Palisades)

Mission Failed (Palisades)

Mission Failed (Palisades)

Mission Failed (Palisades)

Mission Failed (Palisades)

Mission Failed (Palisades)

Mission Failed (Palisades)

Mission Failed (Palisades)

Mission Failed (Palisades)

Mission Failed (Palisades)

Mission Failed (Palisades)

Mission Failed (Palisades)

Mission Failed (Palisades)

Mission Failed (Palisades)

Mission Failed (Palisades)

Mission Failed (Palisades)

Mission Failed (Palisades)

Mission Failed (Palisades)

Mission Failed (Palisades)

Mission Failed (Palisades)

Mission Failed (Palisades)

Mission Failed (Palisades)

Mission Failed (Palisades)

Mission Failed (Palisades)

Mission Failed (Palisades)
Episode summary log written to examples/wildfire/data/scenarios/outputs/palisades_dt1_probe_540331/results_palisades_dt1_probe_100_summary.csv

Mission Failed (Palisades)

Mission Failed (Palisades)

Mission Failed (Palisades)

Mission Failed (Palisades)

Mission Failed (Palisades)

Mission Failed (Palisades)

Mission Failed (Palisades)

Mission Failed (Palisades)

Mission Failed (Palisades)

Mission Failed (Palisades)

Mission Failed (Palisades)

Mission Failed (Palisades)

Mission Failed (Palisades)

Mission Failed (Palisades)

Mission Failed (Palisades)

Mission Failed (Palisades)

Mission Failed (Palisades)

Mission Failed (Palisades)

Mission Failed (Palisades)

Mission Failed (Palisades)

Mission Failed (Palisades)

Mission Failed (Palisades)

Mission Failed (Palisades)

Mission Failed (Palisades)

Mission Failed (Palisades)

Mission Failed (Palisades)

Mission Failed (Palisades)

Mission Failed (Palisades)

Mission Failed (Palisades)

Mission Failed (Palisades)

Mission Failed (Palisades)

Mission Failed (Palisades)

Mission Failed (Palisades)

Mission Failed (Palisades)

Mission Failed (Palisades)

Mission Failed (Palisades)

Mission Failed (Palisades)

Mission Failed (Palisades)

Mission Failed (Palisades)

Mission Failed (Palisades)

Mission Failed (Palisades)

Mission Failed (Palisades)

Mission Failed (Palisades)

Mission Failed (Palisades)

Mission Failed (Palisades)

Mission Failed (Palisades)

Mission Failed (Palisades)

Mission Failed (Palisades)

Mission Failed (Palisades)

Mission Failed (Palisades)

Mission Failed (Palisades)

Mission Failed (Palisades)

Mission Failed (Palisades)

Mission Failed (Palisades)

Mission Failed (Palisades)

Mission Failed (Palisades)

Mission Failed (Palisades)

Mission Failed (Palisades)

Mission Failed (Palisades)

Mission Failed (Palisades)

Mission Failed (Palisades)

Mission Failed (Palisades)

Mission Failed (Palisades)

Mission Failed (Palisades)

Mission Failed (Palisades)

Mission Failed (Palisades)

Mission Failed (Palisades)

Mission Failed (Palisades)

Mission Failed (Palisades)

Mission Failed (Palisades)

Mission Failed (Palisades)

Mission Failed (Palisades)

Mission Failed (Palisades)

Mission Failed (Palisades)

Mission Failed (Palisades)

Mission Failed (Palisades)
-----------------------------
| time/              |      |
|    fps             | 9    |
|    iterations      | 1    |
|    time_elapsed    | 529  |
|    total_timesteps | 5184 |
-----------------------------

Mission Failed (Palisades)

Mission Failed (Palisades)

Mission Failed (Palisades)

Mission Failed (Palisades)

Mission Failed (Palisades)

Mission Failed (Palisades)

Mission Failed (Palisades)

Mission Failed (Palisades)

Mission Failed (Palisades)

Mission Failed (Palisades)

Mission Failed (Palisades)

Mission Failed (Palisades)

Mission Failed (Palisades)

Mission Failed (Palisades)

Mission Failed (Palisades)

Mission Failed (Palisades)

Mission Failed (Palisades)

Mission Failed (Palisades)

Mission Failed (Palisades)

Mission Failed (Palisades)

Mission Failed (Palisades)

Mission Failed (Palisades)

Mission Failed (Palisades)

Mission Failed (Palisades)
Episode summary log written to examples/wildfire/data/scenarios/outputs/palisades_dt1_probe_540331/results_palisades_dt1_probe_200_summary.csv

Mission Failed (Palisades)

Mission Failed (Palisades)

Mission Failed (Palisades)

Mission Failed (Palisades)

Mission Failed (Palisades)

Mission Failed (Palisades)

Mission Failed (Palisades)

Mission Failed (Palisades)

Mission Failed (Palisades)

Mission Failed (Palisades)

Mission Failed (Palisades)

Mission Failed (Palisades)

Mission Failed (Palisades)

Mission Failed (Palisades)

Mission Failed (Palisades)

Mission Failed (Palisades)

Mission Failed (Palisades)

Mission Failed (Palisades)

Mission Failed (Palisades)

Mission Failed (Palisades)

Mission Failed (Palisades)

Mission Failed (Palisades)

Mission Failed (Palisades)

Mission Failed (Palisades)

Mission Failed (Palisades)

Mission Failed (Palisades)

Mission Failed (Palisades)

Mission Failed (Palisades)

Mission Failed (Palisades)

Mission Failed (Palisades)

Mission Failed (Palisades)

Mission Failed (Palisades)

Mission Failed (Palisades)

Mission Failed (Palisades)

Mission Failed (Palisades)

Mission Failed (Palisades)

Mission Failed (Palisades)

Mission Failed (Palisades)

Mission Failed (Palisades)

Mission Failed (Palisades)

Mission Failed (Palisades)

Mission Failed (Palisades)

Mission Failed (Palisades)

Mission Failed (Palisades)

Mission Failed (Palisades)

Mission Failed (Palisades)

Mission Failed (Palisades)

Mission Failed (Palisades)

Mission Failed (Palisades)

Mission Failed (Palisades)

Mission Failed (Palisades)

Mission Failed (Palisades)

Mission Failed (Palisades)

Mission Failed (Palisades)

Mission Failed (Palisades)

Mission Failed (Palisades)

Mission Failed (Palisades)

Mission Failed (Palisades)

Mission Failed (Palisades)

Mission Failed (Palisades)

Mission Failed (Palisades)

Mission Failed (Palisades)

Mission Failed (Palisades)

Mission Failed (Palisades)

Mission Failed (Palisades)

Mission Failed (Palisades)

Mission Failed (Palisades)

Mission Failed (Palisades)

Mission Failed (Palisades)

Mission Failed (Palisades)

Mission Failed (Palisades)

Mission Failed (Palisades)

Mission Failed (Palisades)

Mission Failed (Palisades)

Mission Failed (Palisades)

Mission Failed (Palisades)

Mission Failed (Palisades)

Mission Failed (Palisades)

Mission Failed (Palisades)

Mission Failed (Palisades)

Mission Failed (Palisades)

Mission Failed (Palisades)

Mission Failed (Palisades)

Mission Failed (Palisades)

Mission Failed (Palisades)

Mission Failed (Palisades)

Mission Failed (Palisades)

Mission Failed (Palisades)

Mission Failed (Palisades)

Mission Failed (Palisades)

Mission Failed (Palisades)

Mission Failed (Palisades)

Mission Failed (Palisades)

Mission Failed (Palisades)

Mission Failed (Palisades)

Mission Failed (Palisades)

Mission Failed (Palisades)

Mission Failed (Palisades)

Mission Failed (Palisades)
Episode summary log written to examples/wildfire/data/scenarios/outputs/palisades_dt1_probe_540331/results_palisades_dt1_probe_300_summary.csv

Mission Failed (Palisades)

Mission Failed (Palisades)

Mission Failed (Palisades)

Mission Failed (Palisades)

Mission Failed (Palisades)

Mission Failed (Palisades)

Mission Failed (Palisades)

Mission Failed (Palisades)

Mission Failed (Palisades)

Mission Failed (Palisades)

Mission Failed (Palisades)

Mission Failed (Palisades)

Mission Failed (Palisades)

Mission Failed (Palisades)

Mission Failed (Palisades)

Mission Failed (Palisades)

Mission Failed (Palisades)

Mission Failed (Palisades)

Mission Failed (Palisades)

Mission Failed (Palisades)

Mission Failed (Palisades)

Mission Failed (Palisades)

Mission Failed (Palisades)

Mission Failed (Palisades)

Mission Failed (Palisades)

Mission Failed (Palisades)

Mission Failed (Palisades)

Mission Failed (Palisades)

Mission Failed (Palisades)

Mission Failed (Palisades)

Mission Failed (Palisades)

Mission Failed (Palisades)

Mission Failed (Palisades)

Mission Failed (Palisades)

Mission Failed (Palisades)

Mission Failed (Palisades)

Mission Failed (Palisades)

Mission Failed (Palisades)

Mission Failed (Palisades)

Mission Failed (Palisades)

Mission Failed (Palisades)

Mission Failed (Palisades)

Mission Failed (Palisades)

Mission Failed (Palisades)

Mission Failed (Palisades)

Mission Failed (Palisades)

Mission Failed (Palisades)

Mission Failed (Palisades)

Mission Failed (Palisades)

Mission Failed (Palisades)

Mission Failed (Palisades)

Mission Failed (Palisades)

Mission Failed (Palisades)

Mission Failed (Palisades)

Mission Failed (Palisades)

Mission Failed (Palisades)

Mission Failed (Palisades)

Mission Failed (Palisades)

Mission Failed (Palisades)

Mission Failed (Palisades)

Mission Failed (Palisades)

Mission Failed (Palisades)

Mission Failed (Palisades)

Mission Failed (Palisades)

Mission Failed (Palisades)

Mission Failed (Palisades)

Mission Failed (Palisades)

Mission Failed (Palisades)

Mission Failed (Palisades)
----------------------------------------
| time/                   |            |
|    fps                  | 9          |
|    iterations           | 2          |
|    time_elapsed         | 1097       |
|    total_timesteps      | 10368      |
| train/                  |            |
|    approx_kl            | 0.00838337 |
|    clip_fraction        | 0.0678     |
|    clip_range           | 0.2        |
|    entropy_loss         | -8.49      |
|    explained_variance   | 0.0507     |
|    learning_rate        | 0.000498   |
|    loss                 | 0.0101     |
|    n_updates            | 5          |
|    policy_gradient_loss | -0.00812   |
|    value_loss           | 0.0708     |
----------------------------------------

Mission Failed (Palisades)

Mission Failed (Palisades)

Mission Failed (Palisades)

Mission Failed (Palisades)

Mission Failed (Palisades)

Mission Failed (Palisades)

Mission Failed (Palisades)

Mission Failed (Palisades)

Mission Failed (Palisades)

Mission Failed (Palisades)

Mission Failed (Palisades)

Mission Failed (Palisades)

Mission Failed (Palisades)

Mission Failed (Palisades)

Mission Failed (Palisades)

Mission Failed (Palisades)

Mission Failed (Palisades)

Mission Failed (Palisades)

Mission Failed (Palisades)

Mission Failed (Palisades)

Mission Failed (Palisades)

Mission Failed (Palisades)

Mission Failed (Palisades)

Mission Failed (Palisades)

Mission Failed (Palisades)

Mission Failed (Palisades)

Mission Failed (Palisades)

Mission Failed (Palisades)

Mission Failed (Palisades)

Mission Failed (Palisades)

Mission Failed (Palisades)

Mission Failed (Palisades)
Episode summary log written to examples/wildfire/data/scenarios/outputs/palisades_dt1_probe_540331/results_palisades_dt1_probe_400_summary.csv

Mission Failed (Palisades)

Mission Failed (Palisades)

Mission Failed (Palisades)

Mission Failed (Palisades)

Mission Failed (Palisades)

Mission Failed (Palisades)

Mission Failed (Palisades)

Mission Failed (Palisades)

Mission Failed (Palisades)

Mission Failed (Palisades)

Mission Failed (Palisades)

Mission Failed (Palisades)

Mission Failed (Palisades)

Mission Failed (Palisades)

Mission Failed (Palisades)

Mission Failed (Palisades)

Mission Failed (Palisades)

Mission Failed (Palisades)

Mission Failed (Palisades)

Mission Failed (Palisades)

Mission Failed (Palisades)

Mission Failed (Palisades)

Mission Failed (Palisades)

Mission Failed (Palisades)

Mission Failed (Palisades)

Mission Failed (Palisades)

Mission Failed (Palisades)

Mission Failed (Palisades)

Mission Failed (Palisades)

Mission Failed (Palisades)

Mission Failed (Palisades)

Mission Failed (Palisades)

Mission Failed (Palisades)

Mission Failed (Palisades)

Mission Failed (Palisades)

Mission Failed (Palisades)

Mission Failed (Palisades)

Mission Failed (Palisades)

Mission Failed (Palisades)

Mission Failed (Palisades)

Mission Failed (Palisades)

Mission Failed (Palisades)

Mission Failed (Palisades)

Mission Failed (Palisades)

Mission Failed (Palisades)

Mission Failed (Palisades)

Mission Failed (Palisades)

Mission Failed (Palisades)

Mission Failed (Palisades)

Mission Failed (Palisades)

Mission Failed (Palisades)

Mission Failed (Palisades)

Mission Failed (Palisades)

Mission Failed (Palisades)

Mission Failed (Palisades)

Mission Failed (Palisades)

Mission Failed (Palisades)

Mission Failed (Palisades)

Mission Failed (Palisades)

Mission Failed (Palisades)

Mission Failed (Palisades)

Mission Failed (Palisades)

Mission Failed (Palisades)

Mission Failed (Palisades)

Mission Failed (Palisades)

Mission Failed (Palisades)

Mission Failed (Palisades)

Mission Failed (Palisades)

Mission Failed (Palisades)

Mission Failed (Palisades)

Mission Failed (Palisades)

Mission Failed (Palisades)

Mission Failed (Palisades)

Mission Failed (Palisades)

Mission Failed (Palisades)

Mission Failed (Palisades)

Mission Failed (Palisades)

Mission Failed (Palisades)

Mission Failed (Palisades)

Mission Failed (Palisades)

Mission Failed (Palisades)

Mission Failed (Palisades)

Mission Failed (Palisades)

Mission Failed (Palisades)

Mission Failed (Palisades)

Mission Failed (Palisades)

Mission Failed (Palisades)

Mission Failed (Palisades)

Mission Failed (Palisades)

Mission Failed (Palisades)

Mission Failed (Palisades)

Mission Failed (Palisades)

Mission Failed (Palisades)

Mission Failed (Palisades)

Mission Failed (Palisades)

Mission Failed (Palisades)

Mission Failed (Palisades)

Mission Failed (Palisades)

Mission Failed (Palisades)

Mission Failed (Palisades)
Episode summary log written to examples/wildfire/data/scenarios/outputs/palisades_dt1_probe_540331/results_palisades_dt1_probe_500_summary.csv

Mission Failed (Palisades)

Mission Failed (Palisades)

Mission Failed (Palisades)

Mission Failed (Palisades)

Mission Failed (Palisades)

Mission Failed (Palisades)

Mission Failed (Palisades)

Mission Failed (Palisades)

Mission Failed (Palisades)

Mission Failed (Palisades)

Mission Failed (Palisades)

Mission Failed (Palisades)

Mission Failed (Palisades)

Mission Failed (Palisades)

Mission Failed (Palisades)

Mission Failed (Palisades)

Mission Failed (Palisades)

Mission Failed (Palisades)

Mission Failed (Palisades)

Mission Failed (Palisades)

Mission Failed (Palisades)

Mission Failed (Palisades)

Mission Failed (Palisades)

Mission Failed (Palisades)

Mission Failed (Palisades)

Mission Failed (Palisades)

Mission Failed (Palisades)

Mission Failed (Palisades)

Mission Failed (Palisades)

Mission Failed (Palisades)

Mission Failed (Palisades)

Mission Failed (Palisades)

Mission Failed (Palisades)

Mission Failed (Palisades)

Mission Failed (Palisades)

Mission Failed (Palisades)

Mission Failed (Palisades)

Mission Failed (Palisades)

Mission Failed (Palisades)

Mission Failed (Palisades)

Mission Failed (Palisades)

Mission Failed (Palisades)

Mission Failed (Palisades)

Mission Failed (Palisades)

Mission Failed (Palisades)

Mission Failed (Palisades)

Mission Failed (Palisades)

Mission Failed (Palisades)

Mission Failed (Palisades)

Mission Failed (Palisades)

Mission Failed (Palisades)

Mission Failed (Palisades)

Mission Failed (Palisades)

Mission Failed (Palisades)

Mission Failed (Palisades)
-----------------------------------------
| time/                   |             |
|    fps                  | 9           |
|    iterations           | 3           |
|    time_elapsed         | 1661        |
|    total_timesteps      | 15552       |
| train/                  |             |
|    approx_kl            | 0.011551547 |
|    clip_fraction        | 0.0995      |
|    clip_range           | 0.2         |
|    entropy_loss         | -8.49       |
|    explained_variance   | 0.703       |
|    learning_rate        | 0.000497    |
|    loss                 | -0.0228     |
|    n_updates            | 10          |
|    policy_gradient_loss | -0.0124     |
|    value_loss           | 0.0155      |
-----------------------------------------

Mission Failed (Palisades)

Mission Failed (Palisades)

Mission Failed (Palisades)

Mission Failed (Palisades)

Mission Failed (Palisades)

Mission Failed (Palisades)

Mission Failed (Palisades)

Mission Failed (Palisades)

Mission Failed (Palisades)

Mission Failed (Palisades)

Mission Failed (Palisades)

Mission Failed (Palisades)

Mission Failed (Palisades)

Mission Failed (Palisades)

Mission Failed (Palisades)

Mission Failed (Palisades)

Mission Failed (Palisades)

Mission Failed (Palisades)

Mission Failed (Palisades)

Mission Failed (Palisades)

Mission Failed (Palisades)

Mission Failed (Palisades)

Mission Failed (Palisades)

Mission Failed (Palisades)

Mission Failed (Palisades)

Mission Failed (Palisades)

Mission Failed (Palisades)

Mission Failed (Palisades)

Mission Failed (Palisades)

Mission Failed (Palisades)

Mission Failed (Palisades)

Mission Failed (Palisades)

Mission Failed (Palisades)

Mission Failed (Palisades)

Mission Failed (Palisades)

Mission Failed (Palisades)

Mission Failed (Palisades)

Mission Failed (Palisades)

Mission Failed (Palisades)

Mission Failed (Palisades)

Mission Failed (Palisades)

Mission Failed (Palisades)

Mission Failed (Palisades)

Mission Failed (Palisades)

Mission Failed (Palisades)

Mission Failed (Palisades)
Episode summary log written to examples/wildfire/data/scenarios/outputs/palisades_dt1_probe_540331/results_palisades_dt1_probe_600_summary.csv

Mission Failed (Palisades)

Mission Failed (Palisades)

Mission Failed (Palisades)

Mission Failed (Palisades)

Mission Failed (Palisades)

Mission Failed (Palisades)

Mission Failed (Palisades)

Mission Failed (Palisades)

Mission Failed (Palisades)

Mission Failed (Palisades)

Mission Failed (Palisades)

Mission Failed (Palisades)

Mission Failed (Palisades)

Mission Failed (Palisades)

Mission Failed (Palisades)

Mission Failed (Palisades)

Mission Failed (Palisades)

Mission Failed (Palisades)

Mission Failed (Palisades)

Mission Failed (Palisades)

Mission Failed (Palisades)

Mission Failed (Palisades)

Mission Failed (Palisades)

Mission Failed (Palisades)

Mission Failed (Palisades)

Mission Failed (Palisades)

Mission Failed (Palisades)

Mission Failed (Palisades)

Mission Failed (Palisades)

Mission Failed (Palisades)

Mission Failed (Palisades)

Mission Failed (Palisades)

Mission Failed (Palisades)

Mission Failed (Palisades)

Mission Failed (Palisades)

Mission Failed (Palisades)

Mission Failed (Palisades)

Mission Failed (Palisades)

Mission Failed (Palisades)

Mission Failed (Palisades)

Mission Failed (Palisades)

Mission Failed (Palisades)

Mission Failed (Palisades)

Mission Failed (Palisades)

Mission Failed (Palisades)

Mission Failed (Palisades)

Mission Failed (Palisades)

Mission Failed (Palisades)

Mission Failed (Palisades)

Mission Failed (Palisades)

Mission Failed (Palisades)

Mission Failed (Palisades)

Mission Failed (Palisades)

Mission Failed (Palisades)

Mission Failed (Palisades)

Mission Failed (Palisades)

Mission Failed (Palisades)

Mission Failed (Palisades)

Mission Failed (Palisades)

Mission Failed (Palisades)

Mission Failed (Palisades)

Mission Failed (Palisades)

Mission Failed (Palisades)

Mission Failed (Palisades)

Mission Failed (Palisades)

Mission Failed (Palisades)

Mission Failed (Palisades)

Mission Failed (Palisades)

Mission Failed (Palisades)

Mission Failed (Palisades)

Mission Failed (Palisades)

Mission Failed (Palisades)

Mission Failed (Palisades)

Mission Failed (Palisades)

Mission Failed (Palisades)

Mission Failed (Palisades)

Mission Failed (Palisades)

Mission Failed (Palisades)

Mission Failed (Palisades)

Mission Failed (Palisades)

Mission Failed (Palisades)

Mission Failed (Palisades)

Mission Failed (Palisades)

Mission Failed (Palisades)

Mission Failed (Palisades)

Mission Failed (Palisades)

Mission Failed (Palisades)

Mission Failed (Palisades)

Mission Failed (Palisades)

Mission Failed (Palisades)

Mission Failed (Palisades)

Mission Failed (Palisades)

Mission Failed (Palisades)

Mission Failed (Palisades)

Mission Failed (Palisades)
Episode summary log written to examples/wildfire/data/scenarios/outputs/palisades_dt1_probe_540331/results_palisades_dt1_probe_700_summary.csv

Mission Failed (Palisades)

Mission Failed (Palisades)

Mission Failed (Palisades)

Mission Failed (Palisades)

Mission Failed (Palisades)

Mission Failed (Palisades)

Mission Failed (Palisades)

Mission Failed (Palisades)

Mission Failed (Palisades)

Mission Failed (Palisades)

Mission Failed (Palisades)

Mission Failed (Palisades)

Mission Failed (Palisades)

Mission Failed (Palisades)

Mission Failed (Palisades)

Mission Failed (Palisades)

Mission Failed (Palisades)

Mission Failed (Palisades)

Mission Failed (Palisades)

Mission Failed (Palisades)

Mission Failed (Palisades)

Mission Failed (Palisades)

Mission Failed (Palisades)

Mission Failed (Palisades)

Mission Failed (Palisades)

Mission Failed (Palisades)

Mission Failed (Palisades)

Mission Failed (Palisades)

Mission Failed (Palisades)

Mission Failed (Palisades)

Mission Failed (Palisades)

Mission Failed (Palisades)

Mission Failed (Palisades)

Mission Failed (Palisades)

Mission Failed (Palisades)

Mission Failed (Palisades)

Mission Failed (Palisades)

Mission Failed (Palisades)

Mission Failed (Palisades)

Mission Failed (Palisades)

Mission Failed (Palisades)

Mission Failed (Palisades)

Mission Failed (Palisades)

Mission Failed (Palisades)

Mission Failed (Palisades)
-----------------------------------------
| time/                   |             |
|    fps                  | 9           |
|    iterations           | 4           |
|    time_elapsed         | 2209        |
|    total_timesteps      | 20736       |
| train/                  |             |
|    approx_kl            | 0.013257316 |
|    clip_fraction        | 0.139       |
|    clip_range           | 0.2         |
|    entropy_loss         | -8.47       |
|    explained_variance   | 0.692       |
|    learning_rate        | 0.000495    |
|    loss                 | -0.0197     |
|    n_updates            | 15          |
|    policy_gradient_loss | -0.0134     |
|    value_loss           | 0.00275     |
-----------------------------------------

Mission Failed (Palisades)

Mission Failed (Palisades)

Mission Failed (Palisades)

Mission Failed (Palisades)

Mission Failed (Palisades)

Mission Failed (Palisades)

Mission Failed (Palisades)

Mission Failed (Palisades)

Mission Failed (Palisades)

Mission Failed (Palisades)

Mission Failed (Palisades)

Mission Failed (Palisades)

Mission Failed (Palisades)

Mission Failed (Palisades)

Mission Failed (Palisades)

Mission Failed (Palisades)

Mission Failed (Palisades)

Mission Failed (Palisades)

Mission Failed (Palisades)

Mission Failed (Palisades)

Mission Failed (Palisades)

Mission Failed (Palisades)

Mission Failed (Palisades)

Mission Failed (Palisades)

Mission Failed (Palisades)

Mission Failed (Palisades)

Mission Failed (Palisades)

Mission Failed (Palisades)

Mission Failed (Palisades)

Mission Failed (Palisades)

Mission Failed (Palisades)

Mission Failed (Palisades)

Mission Failed (Palisades)

Mission Failed (Palisades)

Mission Failed (Palisades)

Mission Failed (Palisades)

Mission Failed (Palisades)

Mission Failed (Palisades)

Mission Failed (Palisades)

Mission Failed (Palisades)

Mission Failed (Palisades)

Mission Failed (Palisades)

Mission Failed (Palisades)

Mission Failed (Palisades)

Mission Failed (Palisades)

Mission Failed (Palisades)

Mission Failed (Palisades)

Mission Failed (Palisades)

Mission Failed (Palisades)

Mission Failed (Palisades)

Mission Failed (Palisades)

Mission Failed (Palisades)

Mission Failed (Palisades)

Mission Failed (Palisades)

Mission Failed (Palisades)
Episode summary log written to examples/wildfire/data/scenarios/outputs/palisades_dt1_probe_540331/results_palisades_dt1_probe_800_summary.csv

Mission Failed (Palisades)

Mission Failed (Palisades)

Mission Failed (Palisades)

Mission Failed (Palisades)

Mission Failed (Palisades)

Mission Failed (Palisades)

Mission Failed (Palisades)

Mission Failed (Palisades)

Mission Failed (Palisades)

Mission Failed (Palisades)

Mission Failed (Palisades)

Mission Failed (Palisades)

Mission Failed (Palisades)

Mission Failed (Palisades)

Mission Failed (Palisades)

Mission Failed (Palisades)

Mission Failed (Palisades)

Mission Failed (Palisades)

Mission Failed (Palisades)

Mission Failed (Palisades)

Mission Failed (Palisades)

Mission Failed (Palisades)

Mission Failed (Palisades)

Mission Failed (Palisades)

Mission Failed (Palisades)

Mission Failed (Palisades)

Mission Failed (Palisades)

Mission Failed (Palisades)

Mission Failed (Palisades)

Mission Failed (Palisades)

Mission Failed (Palisades)

Mission Failed (Palisades)

Mission Failed (Palisades)

Mission Failed (Palisades)

Mission Failed (Palisades)

Mission Failed (Palisades)

Mission Failed (Palisades)

Mission Failed (Palisades)

Mission Failed (Palisades)

Mission Failed (Palisades)

Mission Failed (Palisades)

Mission Failed (Palisades)

Mission Failed (Palisades)

Mission Failed (Palisades)

Mission Failed (Palisades)

Mission Failed (Palisades)

Mission Failed (Palisades)

Mission Failed (Palisades)

Mission Failed (Palisades)

Mission Failed (Palisades)

Mission Failed (Palisades)

Mission Failed (Palisades)

Mission Failed (Palisades)

Mission Failed (Palisades)

Mission Failed (Palisades)

Mission Failed (Palisades)

Mission Failed (Palisades)

Mission Failed (Palisades)

Mission Failed (Palisades)

Mission Failed (Palisades)

Mission Failed (Palisades)

Mission Failed (Palisades)

Mission Failed (Palisades)

Mission Failed (Palisades)

Mission Failed (Palisades)

Mission Failed (Palisades)

Mission Failed (Palisades)

Mission Failed (Palisades)

Mission Failed (Palisades)

Mission Failed (Palisades)

Mission Failed (Palisades)

Mission Failed (Palisades)

Mission Failed (Palisades)

Mission Failed (Palisades)

Mission Failed (Palisades)

Mission Failed (Palisades)

Mission Failed (Palisades)

Mission Failed (Palisades)

Mission Failed (Palisades)

Mission Failed (Palisades)

Mission Failed (Palisades)

Mission Failed (Palisades)

Mission Failed (Palisades)

Mission Failed (Palisades)

Mission Failed (Palisades)

Mission Failed (Palisades)

Mission Failed (Palisades)

Mission Failed (Palisades)

Mission Failed (Palisades)

Mission Failed (Palisades)

Mission Failed (Palisades)

Mission Failed (Palisades)

Mission Failed (Palisades)

Mission Failed (Palisades)

Mission Failed (Palisades)

Mission Failed (Palisades)

Mission Failed (Palisades)

Mission Failed (Palisades)

Mission Failed (Palisades)

Mission Failed (Palisades)
Episode summary log written to examples/wildfire/data/scenarios/outputs/palisades_dt1_probe_540331/results_palisades_dt1_probe_900_summary.csv

Mission Failed (Palisades)

Mission Failed (Palisades)

Mission Failed (Palisades)

Mission Failed (Palisades)

Mission Failed (Palisades)

Mission Failed (Palisades)

Mission Failed (Palisades)

Mission Failed (Palisades)

Mission Failed (Palisades)

Mission Failed (Palisades)

Mission Failed (Palisades)

Mission Failed (Palisades)

Mission Failed (Palisades)

Mission Failed (Palisades)

Mission Failed (Palisades)

Mission Failed (Palisades)

Mission Failed (Palisades)

Mission Failed (Palisades)

Mission Failed (Palisades)

Mission Failed (Palisades)

Mission Failed (Palisades)

Mission Failed (Palisades)

Mission Failed (Palisades)

Mission Failed (Palisades)

Mission Failed (Palisades)

Mission Failed (Palisades)

Mission Failed (Palisades)

Mission Failed (Palisades)

Mission Failed (Palisades)

Mission Failed (Palisades)

Mission Failed (Palisades)

Mission Failed (Palisades)
-----------------------------------------
| time/                   |             |
|    fps                  | 9           |
|    iterations           | 5           |
|    time_elapsed         | 2773        |
|    total_timesteps      | 25920       |
| train/                  |             |
|    approx_kl            | 0.012417891 |
|    clip_fraction        | 0.133       |
|    clip_range           | 0.2         |
|    entropy_loss         | -8.46       |
|    explained_variance   | 0.611       |
|    learning_rate        | 0.000494    |
|    loss                 | -0.027      |
|    n_updates            | 20          |
|    policy_gradient_loss | -0.0126     |
|    value_loss           | 0.00385     |
-----------------------------------------

Mission Failed (Palisades)

Mission Failed (Palisades)

Mission Failed (Palisades)

Mission Failed (Palisades)

Mission Failed (Palisades)

Mission Failed (Palisades)

Mission Failed (Palisades)

Mission Failed (Palisades)

Mission Failed (Palisades)

Mission Failed (Palisades)

Mission Failed (Palisades)

Mission Failed (Palisades)

Mission Failed (Palisades)

Mission Failed (Palisades)

Mission Failed (Palisades)

Mission Failed (Palisades)

Mission Failed (Palisades)

Mission Failed (Palisades)

Mission Failed (Palisades)

Mission Failed (Palisades)

Mission Failed (Palisades)

Mission Failed (Palisades)

Mission Failed (Palisades)

Mission Failed (Palisades)

Mission Failed (Palisades)

Mission Failed (Palisades)

Mission Failed (Palisades)

Mission Failed (Palisades)

Mission Failed (Palisades)

Mission Failed (Palisades)

Mission Failed (Palisades)

Mission Failed (Palisades)

Mission Failed (Palisades)

Mission Failed (Palisades)

Mission Failed (Palisades)

Mission Failed (Palisades)

Mission Failed (Palisades)

Mission Failed (Palisades)

Mission Failed (Palisades)

Mission Failed (Palisades)

Mission Failed (Palisades)

Mission Failed (Palisades)

Mission Failed (Palisades)

Mission Failed (Palisades)

Mission Failed (Palisades)

Mission Failed (Palisades)

Mission Failed (Palisades)

Mission Failed (Palisades)

Mission Failed (Palisades)

Mission Failed (Palisades)

Mission Failed (Palisades)

Mission Failed (Palisades)

Mission Failed (Palisades)

Mission Failed (Palisades)

Mission Failed (Palisades)

Mission Failed (Palisades)

Mission Failed (Palisades)

Mission Failed (Palisades)

Mission Failed (Palisades)

Mission Failed (Palisades)

Mission Failed (Palisades)

Mission Failed (Palisades)

Mission Failed (Palisades)

Mission Failed (Palisades)

Mission Failed (Palisades)

Mission Failed (Palisades)

Mission Failed (Palisades)

Mission Failed (Palisades)

Mission Failed (Palisades)
Per-step log written to examples/wildfire/data/scenarios/outputs/palisades_dt1_probe_540331/results_palisades_dt1_probe_1000_steps.csv
Episode summary log written to examples/wildfire/data/scenarios/outputs/palisades_dt1_probe_540331/results_palisades_dt1_probe_1000_summary.csv

Mission Failed (Palisades)

Mission Failed (Palisades)

Mission Failed (Palisades)

Mission Failed (Palisades)

Mission Failed (Palisades)

Mission Failed (Palisades)

Mission Failed (Palisades)

Mission Failed (Palisades)

Mission Failed (Palisades)

Mission Failed (Palisades)

Mission Failed (Palisades)

Mission Failed (Palisades)

Mission Failed (Palisades)

Mission Failed (Palisades)

Mission Failed (Palisades)

Mission Failed (Palisades)

Mission Failed (Palisades)

Mission Failed (Palisades)

Mission Failed (Palisades)

Mission Failed (Palisades)

Mission Failed (Palisades)

Mission Failed (Palisades)

Mission Failed (Palisades)

Mission Failed (Palisades)

Mission Failed (Palisades)

Mission Failed (Palisades)

Mission Failed (Palisades)

Mission Failed (Palisades)

Mission Failed (Palisades)

Mission Failed (Palisades)

Mission Failed (Palisades)

Mission Failed (Palisades)

Mission Failed (Palisades)

Mission Failed (Palisades)

Mission Failed (Palisades)

Mission Failed (Palisades)

Mission Failed (Palisades)

Mission Failed (Palisades)

Mission Failed (Palisades)

Mission Failed (Palisades)
