/home/ibrahimoguz/.conda/envs/rl-env/bin/python
--switch-ignition-1 enabled: ignition randomized each episode in a 100x100 cell box around the scenario's original ignition.
PPO rollout config: num_envs=36, n_steps=144, effective_batch=5184, minibatches=12, batch_size=432
Decision start delay: Pyrenees.json response_time / 60 = 30.0 minutes
Allowed tactic combinations: 17
Diagnostic: gc.collect() and prior-sim drop at reset start enabled.
Vector env start method: fork
Using cpu device

Mission Completed (Pyrenees)

Mission Completed (Pyrenees)

Mission Completed (Pyrenees)

Mission Completed (Pyrenees)

Mission Completed (Pyrenees)
Episode summary log written to examples/wildfire/data/scenarios/outputs/pyrenees_switch_ignition_1m-5-7-16p/results_pyrenees_switch_ignition_1m_100_summary.csv

Mission Completed (Pyrenees)

Mission Completed (Pyrenees)

Mission Completed (Pyrenees)

Mission Completed (Pyrenees)

Mission Failed (Pyrenees)

Mission Completed (Pyrenees)
Episode summary log written to examples/wildfire/data/scenarios/outputs/pyrenees_switch_ignition_1m-5-7-16p/results_pyrenees_switch_ignition_1m_200_summary.csv

Mission Failed (Pyrenees)

Mission Completed (Pyrenees)

Mission Completed (Pyrenees)

Mission Failed (Pyrenees)
Episode summary log written to examples/wildfire/data/scenarios/outputs/pyrenees_switch_ignition_1m-5-7-16p/results_pyrenees_switch_ignition_1m_300_summary.csv

Mission Completed (Pyrenees)

Mission Completed (Pyrenees)

Mission Completed (Pyrenees)

Mission Failed (Pyrenees)

Mission Completed (Pyrenees)

Mission Completed (Pyrenees)

Mission Completed (Pyrenees)

Mission Completed (Pyrenees)
Episode summary log written to examples/wildfire/data/scenarios/outputs/pyrenees_switch_ignition_1m-5-7-16p/results_pyrenees_switch_ignition_1m_400_summary.csv

Mission Completed (Pyrenees)

Mission Completed (Pyrenees)

Mission Completed (Pyrenees)

Mission Failed (Pyrenees)
Episode summary log written to examples/wildfire/data/scenarios/outputs/pyrenees_switch_ignition_1m-5-7-16p/results_pyrenees_switch_ignition_1m_500_summary.csv

Mission Completed (Pyrenees)

Mission Failed (Pyrenees)

Mission Completed (Pyrenees)

Mission Failed (Pyrenees)

Mission Failed (Pyrenees)

Mission Failed (Pyrenees)

Mission Failed (Pyrenees)

Mission Completed (Pyrenees)
Episode summary log written to examples/wildfire/data/scenarios/outputs/pyrenees_switch_ignition_1m-5-7-16p/results_pyrenees_switch_ignition_1m_600_summary.csv

Mission Completed (Pyrenees)
Episode summary log written to examples/wildfire/data/scenarios/outputs/pyrenees_switch_ignition_1m-5-7-16p/results_pyrenees_switch_ignition_1m_700_summary.csv

Mission Failed (Pyrenees)

Mission Completed (Pyrenees)

Mission Completed (Pyrenees)

Mission Failed (Pyrenees)

Mission Failed (Pyrenees)

Mission Completed (Pyrenees)

Mission Failed (Pyrenees)

Mission Completed (Pyrenees)

Mission Completed (Pyrenees)

Mission Completed (Pyrenees)
Episode summary log written to examples/wildfire/data/scenarios/outputs/pyrenees_switch_ignition_1m-5-7-16p/results_pyrenees_switch_ignition_1m_800_summary.csv

Mission Completed (Pyrenees)

Mission Completed (Pyrenees)

Mission Completed (Pyrenees)

Mission Completed (Pyrenees)

Mission Completed (Pyrenees)

Mission Completed (Pyrenees)

Mission Completed (Pyrenees)

Mission Failed (Pyrenees)

Mission Completed (Pyrenees)

Mission Completed (Pyrenees)
Episode summary log written to examples/wildfire/data/scenarios/outputs/pyrenees_switch_ignition_1m-5-7-16p/results_pyrenees_switch_ignition_1m_900_summary.csv

Mission Completed (Pyrenees)

Mission Completed (Pyrenees)

Mission Completed (Pyrenees)

Mission Failed (Pyrenees)

Mission Completed (Pyrenees)
-----------------------------
| time/              |      |
|    fps             | 2    |
|    iterations      | 1    |
|    time_elapsed    | 1731 |
|    total_timesteps | 5184 |
-----------------------------

Mission Completed (Pyrenees)

Mission Completed (Pyrenees)

Mission Completed (Pyrenees)

Mission Completed (Pyrenees)
Per-step log written to examples/wildfire/data/scenarios/outputs/pyrenees_switch_ignition_1m-5-7-16p/results_pyrenees_switch_ignition_1m_1000_steps.csv
Episode summary log written to examples/wildfire/data/scenarios/outputs/pyrenees_switch_ignition_1m-5-7-16p/results_pyrenees_switch_ignition_1m_1000_summary.csv

Mission Failed (Pyrenees)

Mission Completed (Pyrenees)

Mission Failed (Pyrenees)

Mission Failed (Pyrenees)

Mission Completed (Pyrenees)

Mission Failed (Pyrenees)

Mission Completed (Pyrenees)

Mission Failed (Pyrenees)

Mission Completed (Pyrenees)

Mission Completed (Pyrenees)

Mission Completed (Pyrenees)
Episode summary log written to examples/wildfire/data/scenarios/outputs/pyrenees_switch_ignition_1m-5-7-16p/results_pyrenees_switch_ignition_1m_1100_summary.csv

Mission Completed (Pyrenees)

Mission Completed (Pyrenees)

Mission Completed (Pyrenees)

Mission Completed (Pyrenees)
Episode summary log written to examples/wildfire/data/scenarios/outputs/pyrenees_switch_ignition_1m-5-7-16p/results_pyrenees_switch_ignition_1m_1200_summary.csv

Mission Completed (Pyrenees)

Mission Completed (Pyrenees)

Mission Completed (Pyrenees)

Mission Completed (Pyrenees)
Episode summary log written to examples/wildfire/data/scenarios/outputs/pyrenees_switch_ignition_1m-5-7-16p/results_pyrenees_switch_ignition_1m_1300_summary.csv

Mission Completed (Pyrenees)

Mission Failed (Pyrenees)

Mission Failed (Pyrenees)

Mission Completed (Pyrenees)

Mission Completed (Pyrenees)

Mission Failed (Pyrenees)

Mission Failed (Pyrenees)

Mission Completed (Pyrenees)
Episode summary log written to examples/wildfire/data/scenarios/outputs/pyrenees_switch_ignition_1m-5-7-16p/results_pyrenees_switch_ignition_1m_1400_summary.csv

Mission Failed (Pyrenees)

Mission Completed (Pyrenees)

Mission Failed (Pyrenees)

Mission Completed (Pyrenees)

Mission Failed (Pyrenees)

Mission Completed (Pyrenees)

Mission Completed (Pyrenees)

Mission Completed (Pyrenees)

Mission Completed (Pyrenees)
Episode summary log written to examples/wildfire/data/scenarios/outputs/pyrenees_switch_ignition_1m-5-7-16p/results_pyrenees_switch_ignition_1m_1500_summary.csv

Mission Failed (Pyrenees)

Mission Completed (Pyrenees)

Mission Failed (Pyrenees)

Mission Completed (Pyrenees)

Mission Failed (Pyrenees)

Mission Completed (Pyrenees)

Mission Completed (Pyrenees)
Episode summary log written to examples/wildfire/data/scenarios/outputs/pyrenees_switch_ignition_1m-5-7-16p/results_pyrenees_switch_ignition_1m_1600_summary.csv

Mission Failed (Pyrenees)

Mission Failed (Pyrenees)

Mission Completed (Pyrenees)

Mission Completed (Pyrenees)

Mission Completed (Pyrenees)
Episode summary log written to examples/wildfire/data/scenarios/outputs/pyrenees_switch_ignition_1m-5-7-16p/results_pyrenees_switch_ignition_1m_1700_summary.csv

Mission Completed (Pyrenees)

Mission Completed (Pyrenees)

Mission Completed (Pyrenees)

Mission Failed (Pyrenees)

Mission Completed (Pyrenees)

Mission Failed (Pyrenees)

Mission Completed (Pyrenees)
Episode summary log written to examples/wildfire/data/scenarios/outputs/pyrenees_switch_ignition_1m-5-7-16p/results_pyrenees_switch_ignition_1m_1800_summary.csv

Mission Completed (Pyrenees)

Mission Failed (Pyrenees)

Mission Failed (Pyrenees)

Mission Failed (Pyrenees)

Mission Completed (Pyrenees)

Mission Completed (Pyrenees)

Mission Completed (Pyrenees)
Episode summary log written to examples/wildfire/data/scenarios/outputs/pyrenees_switch_ignition_1m-5-7-16p/results_pyrenees_switch_ignition_1m_1900_summary.csv

Mission Failed (Pyrenees)

Mission Completed (Pyrenees)
-----------------------------------------
| time/                   |             |
|    fps                  | 2           |
|    iterations           | 2           |
|    time_elapsed         | 3510        |
|    total_timesteps      | 10368       |
| train/                  |             |
|    approx_kl            | 0.024772964 |
|    clip_fraction        | 0.222       |
|    clip_range           | 0.2         |
|    entropy_loss         | -36.8       |
|    explained_variance   | -0.275      |
|    learning_rate        | 0.000493    |
|    loss                 | -0.0231     |
|    n_updates            | 5           |
|    policy_gradient_loss | -0.0229     |
|    value_loss           | 0.0974      |
-----------------------------------------

Mission Completed (Pyrenees)

Mission Failed (Pyrenees)

Mission Completed (Pyrenees)

Mission Failed (Pyrenees)

Mission Failed (Pyrenees)

Mission Failed (Pyrenees)

Mission Completed (Pyrenees)

Mission Completed (Pyrenees)

Mission Failed (Pyrenees)

Mission Failed (Pyrenees)
Per-step log written to examples/wildfire/data/scenarios/outputs/pyrenees_switch_ignition_1m-5-7-16p/results_pyrenees_switch_ignition_1m_2000_steps.csv
Episode summary log written to examples/wildfire/data/scenarios/outputs/pyrenees_switch_ignition_1m-5-7-16p/results_pyrenees_switch_ignition_1m_2000_summary.csv

Mission Completed (Pyrenees)

Mission Completed (Pyrenees)

Mission Completed (Pyrenees)

Mission Completed (Pyrenees)

Mission Completed (Pyrenees)

Mission Completed (Pyrenees)
Episode summary log written to examples/wildfire/data/scenarios/outputs/pyrenees_switch_ignition_1m-5-7-16p/results_pyrenees_switch_ignition_1m_2100_summary.csv

Mission Completed (Pyrenees)

Mission Failed (Pyrenees)

Mission Completed (Pyrenees)

Mission Completed (Pyrenees)

Mission Completed (Pyrenees)

Mission Completed (Pyrenees)

Mission Completed (Pyrenees)
Episode summary log written to examples/wildfire/data/scenarios/outputs/pyrenees_switch_ignition_1m-5-7-16p/results_pyrenees_switch_ignition_1m_2200_summary.csv

Mission Completed (Pyrenees)

Mission Completed (Pyrenees)

Mission Failed (Pyrenees)

Mission Completed (Pyrenees)

Mission Failed (Pyrenees)

Mission Completed (Pyrenees)
Episode summary log written to examples/wildfire/data/scenarios/outputs/pyrenees_switch_ignition_1m-5-7-16p/results_pyrenees_switch_ignition_1m_2300_summary.csv

Mission Completed (Pyrenees)

Mission Completed (Pyrenees)

Mission Completed (Pyrenees)

Mission Completed (Pyrenees)

Mission Failed (Pyrenees)

Mission Failed (Pyrenees)

Mission Completed (Pyrenees)

Mission Completed (Pyrenees)

Mission Failed (Pyrenees)

Mission Failed (Pyrenees)
Episode summary log written to examples/wildfire/data/scenarios/outputs/pyrenees_switch_ignition_1m-5-7-16p/results_pyrenees_switch_ignition_1m_2400_summary.csv

Mission Completed (Pyrenees)

Mission Completed (Pyrenees)

Mission Failed (Pyrenees)

Mission Failed (Pyrenees)
Episode summary log written to examples/wildfire/data/scenarios/outputs/pyrenees_switch_ignition_1m-5-7-16p/results_pyrenees_switch_ignition_1m_2500_summary.csv

Mission Completed (Pyrenees)

Mission Failed (Pyrenees)

Mission Completed (Pyrenees)

Mission Completed (Pyrenees)

Mission Failed (Pyrenees)

Mission Failed (Pyrenees)

Mission Completed (Pyrenees)

Mission Failed (Pyrenees)

Mission Failed (Pyrenees)

Mission Failed (Pyrenees)
Episode summary log written to examples/wildfire/data/scenarios/outputs/pyrenees_switch_ignition_1m-5-7-16p/results_pyrenees_switch_ignition_1m_2600_summary.csv

Mission Completed (Pyrenees)

Mission Completed (Pyrenees)

Mission Completed (Pyrenees)

Mission Failed (Pyrenees)

Mission Completed (Pyrenees)

Mission Failed (Pyrenees)

Mission Completed (Pyrenees)

Mission Completed (Pyrenees)
Episode summary log written to examples/wildfire/data/scenarios/outputs/pyrenees_switch_ignition_1m-5-7-16p/results_pyrenees_switch_ignition_1m_2700_summary.csv

Mission Failed (Pyrenees)

Mission Failed (Pyrenees)

Mission Completed (Pyrenees)

Mission Completed (Pyrenees)
Episode summary log written to examples/wildfire/data/scenarios/outputs/pyrenees_switch_ignition_1m-5-7-16p/results_pyrenees_switch_ignition_1m_2800_summary.csv

Mission Completed (Pyrenees)

Mission Completed (Pyrenees)

Mission Completed (Pyrenees)

Mission Failed (Pyrenees)

Mission Completed (Pyrenees)

Mission Completed (Pyrenees)

Mission Failed (Pyrenees)
Episode summary log written to examples/wildfire/data/scenarios/outputs/pyrenees_switch_ignition_1m-5-7-16p/results_pyrenees_switch_ignition_1m_2900_summary.csv
-----------------------------------------
| time/                   |             |
|    fps                  | 2           |
|    iterations           | 3           |
|    time_elapsed         | 5474        |
|    total_timesteps      | 15552       |
| train/                  |             |
|    approx_kl            | 0.024698436 |
|    clip_fraction        | 0.258       |
|    clip_range           | 0.2         |
|    entropy_loss         | -36.8       |
|    explained_variance   | 0.589       |
|    learning_rate        | 0.000487    |
|    loss                 | -0.0176     |
|    n_updates            | 10          |
|    policy_gradient_loss | -0.0245     |
|    value_loss           | 0.0257      |
-----------------------------------------

Mission Completed (Pyrenees)

Mission Completed (Pyrenees)

Mission Failed (Pyrenees)

Mission Failed (Pyrenees)

Mission Completed (Pyrenees)

Mission Completed (Pyrenees)

Mission Failed (Pyrenees)

Mission Failed (Pyrenees)
Per-step log written to examples/wildfire/data/scenarios/outputs/pyrenees_switch_ignition_1m-5-7-16p/results_pyrenees_switch_ignition_1m_3000_steps.csv
Episode summary log written to examples/wildfire/data/scenarios/outputs/pyrenees_switch_ignition_1m-5-7-16p/results_pyrenees_switch_ignition_1m_3000_summary.csv

Mission Failed (Pyrenees)

Mission Failed (Pyrenees)

Mission Failed (Pyrenees)

Mission Completed (Pyrenees)

Mission Completed (Pyrenees)

Mission Failed (Pyrenees)
Episode summary log written to examples/wildfire/data/scenarios/outputs/pyrenees_switch_ignition_1m-5-7-16p/results_pyrenees_switch_ignition_1m_3100_summary.csv

Mission Completed (Pyrenees)

Mission Completed (Pyrenees)

Mission Completed (Pyrenees)

Mission Completed (Pyrenees)

Mission Completed (Pyrenees)

Mission Completed (Pyrenees)

Mission Completed (Pyrenees)

Mission Completed (Pyrenees)

Mission Completed (Pyrenees)
Episode summary log written to examples/wildfire/data/scenarios/outputs/pyrenees_switch_ignition_1m-5-7-16p/results_pyrenees_switch_ignition_1m_3200_summary.csv

Mission Failed (Pyrenees)

Mission Completed (Pyrenees)

Mission Completed (Pyrenees)

Mission Completed (Pyrenees)

Mission Completed (Pyrenees)

Mission Failed (Pyrenees)

Mission Completed (Pyrenees)

Mission Completed (Pyrenees)

Mission Completed (Pyrenees)

Mission Completed (Pyrenees)

Mission Failed (Pyrenees)

Mission Completed (Pyrenees)

Mission Completed (Pyrenees)

Mission Failed (Pyrenees)
Episode summary log written to examples/wildfire/data/scenarios/outputs/pyrenees_switch_ignition_1m-5-7-16p/results_pyrenees_switch_ignition_1m_3300_summary.csv

Mission Completed (Pyrenees)

Mission Completed (Pyrenees)

Mission Completed (Pyrenees)
Episode summary log written to examples/wildfire/data/scenarios/outputs/pyrenees_switch_ignition_1m-5-7-16p/results_pyrenees_switch_ignition_1m_3400_summary.csv

Mission Completed (Pyrenees)

Mission Completed (Pyrenees)

Mission Completed (Pyrenees)

Mission Failed (Pyrenees)

Mission Completed (Pyrenees)

Mission Completed (Pyrenees)

Mission Completed (Pyrenees)
Episode summary log written to examples/wildfire/data/scenarios/outputs/pyrenees_switch_ignition_1m-5-7-16p/results_pyrenees_switch_ignition_1m_3500_summary.csv

Mission Failed (Pyrenees)

Mission Completed (Pyrenees)

Mission Completed (Pyrenees)

Mission Failed (Pyrenees)
Episode summary log written to examples/wildfire/data/scenarios/outputs/pyrenees_switch_ignition_1m-5-7-16p/results_pyrenees_switch_ignition_1m_3600_summary.csv

Mission Failed (Pyrenees)

Mission Completed (Pyrenees)

Mission Completed (Pyrenees)

Mission Failed (Pyrenees)

Mission Failed (Pyrenees)

Mission Failed (Pyrenees)

Mission Failed (Pyrenees)

Mission Completed (Pyrenees)

Mission Failed (Pyrenees)

Mission Failed (Pyrenees)
Episode summary log written to examples/wildfire/data/scenarios/outputs/pyrenees_switch_ignition_1m-5-7-16p/results_pyrenees_switch_ignition_1m_3700_summary.csv

Mission Completed (Pyrenees)

Mission Failed (Pyrenees)
Episode summary log written to examples/wildfire/data/scenarios/outputs/pyrenees_switch_ignition_1m-5-7-16p/results_pyrenees_switch_ignition_1m_3800_summary.csv

Mission Completed (Pyrenees)

Mission Failed (Pyrenees)

Mission Failed (Pyrenees)
---------------------------------------
| time/                   |           |
|    fps                  | 2         |
|    iterations           | 4         |
|    time_elapsed         | 7370      |
|    total_timesteps      | 20736     |
| train/                  |           |
|    approx_kl            | 0.0327761 |
|    clip_fraction        | 0.298     |
|    clip_range           | 0.2       |
|    entropy_loss         | -36.8     |
|    explained_variance   | 0.66      |
|    learning_rate        | 0.00048   |
|    loss                 | -0.0245   |
|    n_updates            | 15        |
|    policy_gradient_loss | -0.0292   |
|    value_loss           | 0.0284    |
---------------------------------------

Mission Failed (Pyrenees)

Mission Completed (Pyrenees)
Episode summary log written to examples/wildfire/data/scenarios/outputs/pyrenees_switch_ignition_1m-5-7-16p/results_pyrenees_switch_ignition_1m_3900_summary.csv

Mission Failed (Pyrenees)

Mission Completed (Pyrenees)

Mission Completed (Pyrenees)

Mission Failed (Pyrenees)

Mission Failed (Pyrenees)

Mission Completed (Pyrenees)

Mission Failed (Pyrenees)

Mission Completed (Pyrenees)

Mission Failed (Pyrenees)
Per-step log written to examples/wildfire/data/scenarios/outputs/pyrenees_switch_ignition_1m-5-7-16p/results_pyrenees_switch_ignition_1m_4000_steps.csv
Episode summary log written to examples/wildfire/data/scenarios/outputs/pyrenees_switch_ignition_1m-5-7-16p/results_pyrenees_switch_ignition_1m_4000_summary.csv

Mission Failed (Pyrenees)

Mission Failed (Pyrenees)

Mission Completed (Pyrenees)

Mission Completed (Pyrenees)

Mission Completed (Pyrenees)

Mission Failed (Pyrenees)

Mission Completed (Pyrenees)

Mission Completed (Pyrenees)
Episode summary log written to examples/wildfire/data/scenarios/outputs/pyrenees_switch_ignition_1m-5-7-16p/results_pyrenees_switch_ignition_1m_4100_summary.csv

Mission Completed (Pyrenees)

Mission Failed (Pyrenees)

Mission Failed (Pyrenees)

Mission Completed (Pyrenees)

Mission Completed (Pyrenees)

Mission Failed (Pyrenees)

Mission Completed (Pyrenees)

Mission Failed (Pyrenees)

Mission Failed (Pyrenees)

Mission Completed (Pyrenees)
Episode summary log written to examples/wildfire/data/scenarios/outputs/pyrenees_switch_ignition_1m-5-7-16p/results_pyrenees_switch_ignition_1m_4200_summary.csv

Mission Completed (Pyrenees)

Mission Completed (Pyrenees)

Mission Failed (Pyrenees)

Mission Completed (Pyrenees)

Mission Completed (Pyrenees)

Mission Failed (Pyrenees)

Mission Failed (Pyrenees)
Episode summary log written to examples/wildfire/data/scenarios/outputs/pyrenees_switch_ignition_1m-5-7-16p/results_pyrenees_switch_ignition_1m_4300_summary.csv

Mission Failed (Pyrenees)

Mission Completed (Pyrenees)

Mission Completed (Pyrenees)
Episode summary log written to examples/wildfire/data/scenarios/outputs/pyrenees_switch_ignition_1m-5-7-16p/results_pyrenees_switch_ignition_1m_4400_summary.csv

Mission Failed (Pyrenees)

Mission Completed (Pyrenees)

Mission Completed (Pyrenees)

Mission Failed (Pyrenees)

Mission Completed (Pyrenees)

Mission Completed (Pyrenees)
Episode summary log written to examples/wildfire/data/scenarios/outputs/pyrenees_switch_ignition_1m-5-7-16p/results_pyrenees_switch_ignition_1m_4500_summary.csv

Mission Completed (Pyrenees)

Mission Completed (Pyrenees)

Mission Completed (Pyrenees)

Mission Failed (Pyrenees)

Mission Completed (Pyrenees)

Mission Failed (Pyrenees)
Episode summary log written to examples/wildfire/data/scenarios/outputs/pyrenees_switch_ignition_1m-5-7-16p/results_pyrenees_switch_ignition_1m_4600_summary.csv

Mission Completed (Pyrenees)

Mission Failed (Pyrenees)

Mission Completed (Pyrenees)

Mission Completed (Pyrenees)

Mission Failed (Pyrenees)

Mission Completed (Pyrenees)

Mission Failed (Pyrenees)
Episode summary log written to examples/wildfire/data/scenarios/outputs/pyrenees_switch_ignition_1m-5-7-16p/results_pyrenees_switch_ignition_1m_4700_summary.csv

Mission Completed (Pyrenees)

Mission Failed (Pyrenees)

Mission Completed (Pyrenees)

Mission Completed (Pyrenees)

Mission Completed (Pyrenees)

Mission Failed (Pyrenees)

Mission Completed (Pyrenees)
Episode summary log written to examples/wildfire/data/scenarios/outputs/pyrenees_switch_ignition_1m-5-7-16p/results_pyrenees_switch_ignition_1m_4800_summary.csv

Mission Failed (Pyrenees)

Mission Completed (Pyrenees)

Mission Failed (Pyrenees)
-----------------------------------------
| time/                   |             |
|    fps                  | 2           |
|    iterations           | 5           |
|    time_elapsed         | 9341        |
|    total_timesteps      | 25920       |
| train/                  |             |
|    approx_kl            | 0.030256653 |
|    clip_fraction        | 0.3         |
|    clip_range           | 0.2         |
|    entropy_loss         | -36.7       |
|    explained_variance   | 0.645       |
|    learning_rate        | 0.000473    |
|    loss                 | -0.0154     |
|    n_updates            | 20          |
|    policy_gradient_loss | -0.0256     |
|    value_loss           | 0.0349      |
-----------------------------------------

Mission Completed (Pyrenees)

Mission Completed (Pyrenees)

Mission Completed (Pyrenees)

Mission Failed (Pyrenees)

Mission Completed (Pyrenees)
Episode summary log written to examples/wildfire/data/scenarios/outputs/pyrenees_switch_ignition_1m-5-7-16p/results_pyrenees_switch_ignition_1m_4900_summary.csv

Mission Completed (Pyrenees)

Mission Failed (Pyrenees)

Mission Completed (Pyrenees)

Mission Failed (Pyrenees)
Per-step log written to examples/wildfire/data/scenarios/outputs/pyrenees_switch_ignition_1m-5-7-16p/results_pyrenees_switch_ignition_1m_5000_steps.csv
Episode summary log written to examples/wildfire/data/scenarios/outputs/pyrenees_switch_ignition_1m-5-7-16p/results_pyrenees_switch_ignition_1m_5000_summary.csv

Mission Completed (Pyrenees)

Mission Completed (Pyrenees)

Mission Completed (Pyrenees)

Mission Completed (Pyrenees)

Mission Completed (Pyrenees)

Mission Completed (Pyrenees)

Mission Failed (Pyrenees)

Mission Failed (Pyrenees)
Episode summary log written to examples/wildfire/data/scenarios/outputs/pyrenees_switch_ignition_1m-5-7-16p/results_pyrenees_switch_ignition_1m_5100_summary.csv

Mission Failed (Pyrenees)

Mission Failed (Pyrenees)

Mission Completed (Pyrenees)

Mission Completed (Pyrenees)

Mission Completed (Pyrenees)

Mission Completed (Pyrenees)

Mission Completed (Pyrenees)

Mission Completed (Pyrenees)

Mission Completed (Pyrenees)

Mission Completed (Pyrenees)

Mission Completed (Pyrenees)
Episode summary log written to examples/wildfire/data/scenarios/outputs/pyrenees_switch_ignition_1m-5-7-16p/results_pyrenees_switch_ignition_1m_5200_summary.csv

Mission Completed (Pyrenees)

Mission Completed (Pyrenees)

Mission Completed (Pyrenees)

Mission Completed (Pyrenees)

Mission Failed (Pyrenees)

Mission Failed (Pyrenees)

Mission Completed (Pyrenees)

Mission Failed (Pyrenees)

Mission Failed (Pyrenees)
Episode summary log written to examples/wildfire/data/scenarios/outputs/pyrenees_switch_ignition_1m-5-7-16p/results_pyrenees_switch_ignition_1m_5300_summary.csv

Mission Completed (Pyrenees)

Mission Completed (Pyrenees)

Mission Failed (Pyrenees)

Mission Completed (Pyrenees)

Mission Failed (Pyrenees)
Episode summary log written to examples/wildfire/data/scenarios/outputs/pyrenees_switch_ignition_1m-5-7-16p/results_pyrenees_switch_ignition_1m_5400_summary.csv

Mission Completed (Pyrenees)

Mission Failed (Pyrenees)

Mission Completed (Pyrenees)

Mission Completed (Pyrenees)

Mission Failed (Pyrenees)

Mission Failed (Pyrenees)
Episode summary log written to examples/wildfire/data/scenarios/outputs/pyrenees_switch_ignition_1m-5-7-16p/results_pyrenees_switch_ignition_1m_5500_summary.csv

Mission Completed (Pyrenees)

Mission Failed (Pyrenees)

Mission Failed (Pyrenees)

Mission Completed (Pyrenees)

Mission Failed (Pyrenees)
Episode summary log written to examples/wildfire/data/scenarios/outputs/pyrenees_switch_ignition_1m-5-7-16p/results_pyrenees_switch_ignition_1m_5600_summary.csv

Mission Failed (Pyrenees)

Mission Completed (Pyrenees)

Mission Completed (Pyrenees)

Mission Failed (Pyrenees)

Mission Failed (Pyrenees)

Mission Completed (Pyrenees)

Mission Completed (Pyrenees)

Mission Failed (Pyrenees)

Mission Failed (Pyrenees)
Episode summary log written to examples/wildfire/data/scenarios/outputs/pyrenees_switch_ignition_1m-5-7-16p/results_pyrenees_switch_ignition_1m_5700_summary.csv

Mission Completed (Pyrenees)

Mission Completed (Pyrenees)

Mission Completed (Pyrenees)

Mission Failed (Pyrenees)
-----------------------------------------
| time/                   |             |
|    fps                  | 2           |
|    iterations           | 6           |
|    time_elapsed         | 11193       |
|    total_timesteps      | 31104       |
| train/                  |             |
|    approx_kl            | 0.027773656 |
|    clip_fraction        | 0.29        |
|    clip_range           | 0.2         |
|    entropy_loss         | -36.7       |
|    explained_variance   | 0.661       |
|    learning_rate        | 0.000466    |
|    loss                 | -0.0249     |
|    n_updates            | 25          |
|    policy_gradient_loss | -0.0279     |
|    value_loss           | 0.035       |
-----------------------------------------

Mission Completed (Pyrenees)

Mission Failed (Pyrenees)

Mission Failed (Pyrenees)

Mission Failed (Pyrenees)
Episode summary log written to examples/wildfire/data/scenarios/outputs/pyrenees_switch_ignition_1m-5-7-16p/results_pyrenees_switch_ignition_1m_5800_summary.csv

Mission Completed (Pyrenees)

Mission Completed (Pyrenees)

Mission Completed (Pyrenees)
Episode summary log written to examples/wildfire/data/scenarios/outputs/pyrenees_switch_ignition_1m-5-7-16p/results_pyrenees_switch_ignition_1m_5900_summary.csv

Mission Completed (Pyrenees)

Mission Failed (Pyrenees)

Mission Failed (Pyrenees)

Mission Completed (Pyrenees)

Mission Completed (Pyrenees)

Mission Completed (Pyrenees)

Mission Completed (Pyrenees)

Mission Completed (Pyrenees)
Per-step log written to examples/wildfire/data/scenarios/outputs/pyrenees_switch_ignition_1m-5-7-16p/results_pyrenees_switch_ignition_1m_6000_steps.csv
Episode summary log written to examples/wildfire/data/scenarios/outputs/pyrenees_switch_ignition_1m-5-7-16p/results_pyrenees_switch_ignition_1m_6000_summary.csv

Mission Completed (Pyrenees)

Mission Completed (Pyrenees)

Mission Completed (Pyrenees)

Mission Failed (Pyrenees)

Mission Failed (Pyrenees)

Mission Completed (Pyrenees)

Mission Completed (Pyrenees)

Mission Failed (Pyrenees)

Mission Completed (Pyrenees)

Mission Failed (Pyrenees)

Mission Failed (Pyrenees)

Mission Completed (Pyrenees)

Mission Completed (Pyrenees)

Mission Failed (Pyrenees)

Mission Failed (Pyrenees)
Episode summary log written to examples/wildfire/data/scenarios/outputs/pyrenees_switch_ignition_1m-5-7-16p/results_pyrenees_switch_ignition_1m_6100_summary.csv

Mission Failed (Pyrenees)

Mission Failed (Pyrenees)

Mission Completed (Pyrenees)

Mission Failed (Pyrenees)
Episode summary log written to examples/wildfire/data/scenarios/outputs/pyrenees_switch_ignition_1m-5-7-16p/results_pyrenees_switch_ignition_1m_6200_summary.csv

Mission Completed (Pyrenees)

Mission Failed (Pyrenees)

Mission Completed (Pyrenees)

Mission Completed (Pyrenees)

Mission Completed (Pyrenees)
Episode summary log written to examples/wildfire/data/scenarios/outputs/pyrenees_switch_ignition_1m-5-7-16p/results_pyrenees_switch_ignition_1m_6300_summary.csv

Mission Completed (Pyrenees)

Mission Failed (Pyrenees)

Mission Completed (Pyrenees)

Mission Failed (Pyrenees)

Mission Completed (Pyrenees)

Mission Failed (Pyrenees)

Mission Completed (Pyrenees)

Mission Failed (Pyrenees)
Episode summary log written to examples/wildfire/data/scenarios/outputs/pyrenees_switch_ignition_1m-5-7-16p/results_pyrenees_switch_ignition_1m_6400_summary.csv

Mission Completed (Pyrenees)

Mission Completed (Pyrenees)

Mission Failed (Pyrenees)

Mission Failed (Pyrenees)

Mission Failed (Pyrenees)

Mission Failed (Pyrenees)

Mission Failed (Pyrenees)

Mission Completed (Pyrenees)

Mission Completed (Pyrenees)

Mission Completed (Pyrenees)

Mission Failed (Pyrenees)
Episode summary log written to examples/wildfire/data/scenarios/outputs/pyrenees_switch_ignition_1m-5-7-16p/results_pyrenees_switch_ignition_1m_6500_summary.csv

Mission Failed (Pyrenees)

Mission Completed (Pyrenees)

Mission Failed (Pyrenees)

Mission Failed (Pyrenees)

Mission Completed (Pyrenees)

Mission Completed (Pyrenees)

Mission Failed (Pyrenees)
Episode summary log written to examples/wildfire/data/scenarios/outputs/pyrenees_switch_ignition_1m-5-7-16p/results_pyrenees_switch_ignition_1m_6600_summary.csv

Mission Failed (Pyrenees)

Mission Completed (Pyrenees)

Mission Completed (Pyrenees)

Mission Completed (Pyrenees)

Mission Completed (Pyrenees)

Mission Failed (Pyrenees)

Mission Failed (Pyrenees)

Mission Failed (Pyrenees)

Mission Completed (Pyrenees)

Mission Failed (Pyrenees)

Mission Completed (Pyrenees)

Mission Completed (Pyrenees)

Mission Completed (Pyrenees)
Episode summary log written to examples/wildfire/data/scenarios/outputs/pyrenees_switch_ignition_1m-5-7-16p/results_pyrenees_switch_ignition_1m_6700_summary.csv

Mission Completed (Pyrenees)

Mission Completed (Pyrenees)

Mission Failed (Pyrenees)
-----------------------------------------
| time/                   |             |
|    fps                  | 2           |
|    iterations           | 7           |
|    time_elapsed         | 13208       |
|    total_timesteps      | 36288       |
| train/                  |             |
|    approx_kl            | 0.028966168 |
|    clip_fraction        | 0.262       |
|    clip_range           | 0.2         |
|    entropy_loss         | -36.7       |
|    explained_variance   | 0.685       |
|    learning_rate        | 0.000459    |
|    loss                 | -0.0188     |
|    n_updates            | 30          |
|    policy_gradient_loss | -0.0292     |
|    value_loss           | 0.0328      |
-----------------------------------------

Mission Completed (Pyrenees)

Mission Failed (Pyrenees)

Mission Failed (Pyrenees)
Episode summary log written to examples/wildfire/data/scenarios/outputs/pyrenees_switch_ignition_1m-5-7-16p/results_pyrenees_switch_ignition_1m_6800_summary.csv

Mission Failed (Pyrenees)

Mission Failed (Pyrenees)

Mission Failed (Pyrenees)

Mission Completed (Pyrenees)

Mission Completed (Pyrenees)

Mission Completed (Pyrenees)

Mission Failed (Pyrenees)

Mission Failed (Pyrenees)

Mission Completed (Pyrenees)

Mission Completed (Pyrenees)
Episode summary log written to examples/wildfire/data/scenarios/outputs/pyrenees_switch_ignition_1m-5-7-16p/results_pyrenees_switch_ignition_1m_6900_summary.csv

Mission Failed (Pyrenees)

Mission Failed (Pyrenees)

Mission Completed (Pyrenees)

Mission Completed (Pyrenees)

Mission Failed (Pyrenees)

Mission Failed (Pyrenees)

Mission Failed (Pyrenees)

Mission Failed (Pyrenees)
Per-step log written to examples/wildfire/data/scenarios/outputs/pyrenees_switch_ignition_1m-5-7-16p/results_pyrenees_switch_ignition_1m_7000_steps.csv
Episode summary log written to examples/wildfire/data/scenarios/outputs/pyrenees_switch_ignition_1m-5-7-16p/results_pyrenees_switch_ignition_1m_7000_summary.csv

Mission Completed (Pyrenees)

Mission Failed (Pyrenees)

Mission Failed (Pyrenees)

Mission Failed (Pyrenees)

Mission Completed (Pyrenees)

Mission Failed (Pyrenees)

Mission Completed (Pyrenees)

Mission Completed (Pyrenees)

Mission Failed (Pyrenees)

Mission Failed (Pyrenees)
Episode summary log written to examples/wildfire/data/scenarios/outputs/pyrenees_switch_ignition_1m-5-7-16p/results_pyrenees_switch_ignition_1m_7100_summary.csv

Mission Completed (Pyrenees)

Mission Completed (Pyrenees)

Mission Failed (Pyrenees)

Mission Completed (Pyrenees)

Mission Failed (Pyrenees)

Mission Failed (Pyrenees)

Mission Failed (Pyrenees)
Episode summary log written to examples/wildfire/data/scenarios/outputs/pyrenees_switch_ignition_1m-5-7-16p/results_pyrenees_switch_ignition_1m_7200_summary.csv

Mission Completed (Pyrenees)

Mission Completed (Pyrenees)

Mission Failed (Pyrenees)

Mission Completed (Pyrenees)

Mission Completed (Pyrenees)

Mission Failed (Pyrenees)

Mission Completed (Pyrenees)

Mission Failed (Pyrenees)

Mission Failed (Pyrenees)

Mission Failed (Pyrenees)

Mission Completed (Pyrenees)
Episode summary log written to examples/wildfire/data/scenarios/outputs/pyrenees_switch_ignition_1m-5-7-16p/results_pyrenees_switch_ignition_1m_7300_summary.csv

Mission Failed (Pyrenees)

Mission Completed (Pyrenees)

Mission Completed (Pyrenees)

Mission Completed (Pyrenees)

Mission Failed (Pyrenees)

Mission Completed (Pyrenees)

Mission Failed (Pyrenees)

Mission Failed (Pyrenees)

Mission Failed (Pyrenees)

Mission Completed (Pyrenees)

Mission Completed (Pyrenees)

Mission Failed (Pyrenees)

Mission Completed (Pyrenees)

Mission Failed (Pyrenees)
Episode summary log written to examples/wildfire/data/scenarios/outputs/pyrenees_switch_ignition_1m-5-7-16p/results_pyrenees_switch_ignition_1m_7400_summary.csv

Mission Completed (Pyrenees)

Mission Failed (Pyrenees)

Mission Failed (Pyrenees)

Mission Completed (Pyrenees)

Mission Completed (Pyrenees)

Mission Failed (Pyrenees)
Episode summary log written to examples/wildfire/data/scenarios/outputs/pyrenees_switch_ignition_1m-5-7-16p/results_pyrenees_switch_ignition_1m_7500_summary.csv

Mission Failed (Pyrenees)

Mission Completed (Pyrenees)

Mission Completed (Pyrenees)

Mission Failed (Pyrenees)

Mission Failed (Pyrenees)

Mission Completed (Pyrenees)

Mission Completed (Pyrenees)
Episode summary log written to examples/wildfire/data/scenarios/outputs/pyrenees_switch_ignition_1m-5-7-16p/results_pyrenees_switch_ignition_1m_7600_summary.csv
-----------------------------------------
| time/                   |             |
|    fps                  | 2           |
|    iterations           | 8           |
|    time_elapsed         | 15476       |
|    total_timesteps      | 41472       |
| train/                  |             |
|    approx_kl            | 0.035736557 |
|    clip_fraction        | 0.292       |
|    clip_range           | 0.2         |
|    entropy_loss         | -36.6       |
|    explained_variance   | 0.671       |
|    learning_rate        | 0.000452    |
|    loss                 | -0.017      |
|    n_updates            | 35          |
|    policy_gradient_loss | -0.0239     |
|    value_loss           | 0.0436      |
-----------------------------------------

Mission Completed (Pyrenees)

Mission Completed (Pyrenees)

Mission Failed (Pyrenees)

Mission Completed (Pyrenees)

Mission Completed (Pyrenees)

Mission Completed (Pyrenees)

Mission Completed (Pyrenees)

Mission Completed (Pyrenees)

Mission Completed (Pyrenees)

Mission Failed (Pyrenees)
Episode summary log written to examples/wildfire/data/scenarios/outputs/pyrenees_switch_ignition_1m-5-7-16p/results_pyrenees_switch_ignition_1m_7700_summary.csv

Mission Failed (Pyrenees)

Mission Completed (Pyrenees)

Mission Completed (Pyrenees)

Mission Failed (Pyrenees)

Mission Completed (Pyrenees)

Mission Failed (Pyrenees)

Mission Failed (Pyrenees)

Mission Completed (Pyrenees)

Mission Failed (Pyrenees)
Episode summary log written to examples/wildfire/data/scenarios/outputs/pyrenees_switch_ignition_1m-5-7-16p/results_pyrenees_switch_ignition_1m_7800_summary.csv

Mission Completed (Pyrenees)

Mission Completed (Pyrenees)

Mission Completed (Pyrenees)

Mission Failed (Pyrenees)

Mission Failed (Pyrenees)

Mission Completed (Pyrenees)

Mission Failed (Pyrenees)
Episode summary log written to examples/wildfire/data/scenarios/outputs/pyrenees_switch_ignition_1m-5-7-16p/results_pyrenees_switch_ignition_1m_7900_summary.csv

Mission Completed (Pyrenees)

Mission Completed (Pyrenees)

Mission Completed (Pyrenees)

Mission Completed (Pyrenees)

Mission Completed (Pyrenees)

Mission Completed (Pyrenees)

Mission Failed (Pyrenees)

Mission Failed (Pyrenees)

Mission Completed (Pyrenees)

Mission Failed (Pyrenees)

Mission Completed (Pyrenees)

Mission Completed (Pyrenees)
Per-step log written to examples/wildfire/data/scenarios/outputs/pyrenees_switch_ignition_1m-5-7-16p/results_pyrenees_switch_ignition_1m_8000_steps.csv
Episode summary log written to examples/wildfire/data/scenarios/outputs/pyrenees_switch_ignition_1m-5-7-16p/results_pyrenees_switch_ignition_1m_8000_summary.csv

Mission Completed (Pyrenees)

Mission Completed (Pyrenees)

Mission Completed (Pyrenees)

Mission Failed (Pyrenees)

Mission Completed (Pyrenees)

Mission Failed (Pyrenees)

Mission Failed (Pyrenees)
Episode summary log written to examples/wildfire/data/scenarios/outputs/pyrenees_switch_ignition_1m-5-7-16p/results_pyrenees_switch_ignition_1m_8100_summary.csv

Mission Failed (Pyrenees)

Mission Completed (Pyrenees)

Mission Failed (Pyrenees)

Mission Completed (Pyrenees)

Mission Failed (Pyrenees)
Episode summary log written to examples/wildfire/data/scenarios/outputs/pyrenees_switch_ignition_1m-5-7-16p/results_pyrenees_switch_ignition_1m_8200_summary.csv

Mission Failed (Pyrenees)

Mission Completed (Pyrenees)

Mission Completed (Pyrenees)

Mission Completed (Pyrenees)

Mission Completed (Pyrenees)

Mission Failed (Pyrenees)
Episode summary log written to examples/wildfire/data/scenarios/outputs/pyrenees_switch_ignition_1m-5-7-16p/results_pyrenees_switch_ignition_1m_8300_summary.csv

Mission Failed (Pyrenees)

Mission Failed (Pyrenees)

Mission Failed (Pyrenees)

Mission Failed (Pyrenees)

Mission Completed (Pyrenees)

Mission Completed (Pyrenees)
Episode summary log written to examples/wildfire/data/scenarios/outputs/pyrenees_switch_ignition_1m-5-7-16p/results_pyrenees_switch_ignition_1m_8400_summary.csv

Mission Failed (Pyrenees)

Mission Failed (Pyrenees)

Mission Completed (Pyrenees)
Episode summary log written to examples/wildfire/data/scenarios/outputs/pyrenees_switch_ignition_1m-5-7-16p/results_pyrenees_switch_ignition_1m_8500_summary.csv

Mission Failed (Pyrenees)

Mission Failed (Pyrenees)

Mission Completed (Pyrenees)
-----------------------------------------
| time/                   |             |
|    fps                  | 2           |
|    iterations           | 9           |
|    time_elapsed         | 17501       |
|    total_timesteps      | 46656       |
| train/                  |             |
|    approx_kl            | 0.034727033 |
|    clip_fraction        | 0.302       |
|    clip_range           | 0.2         |
|    entropy_loss         | -36.6       |
|    explained_variance   | 0.658       |
|    learning_rate        | 0.000445    |
|    loss                 | -0.0179     |
|    n_updates            | 40          |
|    policy_gradient_loss | -0.0274     |
|    value_loss           | 0.0498      |
-----------------------------------------

Mission Failed (Pyrenees)

Mission Completed (Pyrenees)

Mission Failed (Pyrenees)

Mission Completed (Pyrenees)

Mission Completed (Pyrenees)

Mission Failed (Pyrenees)

Mission Completed (Pyrenees)
Episode summary log written to examples/wildfire/data/scenarios/outputs/pyrenees_switch_ignition_1m-5-7-16p/results_pyrenees_switch_ignition_1m_8600_summary.csv

Mission Failed (Pyrenees)

Mission Failed (Pyrenees)

Mission Failed (Pyrenees)

Mission Failed (Pyrenees)

Mission Failed (Pyrenees)

Mission Completed (Pyrenees)

Mission Failed (Pyrenees)

Mission Failed (Pyrenees)

Mission Completed (Pyrenees)
Episode summary log written to examples/wildfire/data/scenarios/outputs/pyrenees_switch_ignition_1m-5-7-16p/results_pyrenees_switch_ignition_1m_8700_summary.csv

Mission Failed (Pyrenees)

Mission Completed (Pyrenees)

Mission Completed (Pyrenees)

Mission Failed (Pyrenees)

Mission Completed (Pyrenees)

Mission Completed (Pyrenees)

Mission Failed (Pyrenees)

Mission Completed (Pyrenees)

Mission Completed (Pyrenees)
Episode summary log written to examples/wildfire/data/scenarios/outputs/pyrenees_switch_ignition_1m-5-7-16p/results_pyrenees_switch_ignition_1m_8800_summary.csv

Mission Failed (Pyrenees)

Mission Completed (Pyrenees)

Mission Failed (Pyrenees)

Mission Failed (Pyrenees)

Mission Completed (Pyrenees)

Mission Completed (Pyrenees)

Mission Completed (Pyrenees)

Mission Completed (Pyrenees)

Mission Failed (Pyrenees)

Mission Completed (Pyrenees)

Mission Failed (Pyrenees)

Mission Failed (Pyrenees)

Mission Completed (Pyrenees)

Mission Completed (Pyrenees)

Mission Failed (Pyrenees)
Episode summary log written to examples/wildfire/data/scenarios/outputs/pyrenees_switch_ignition_1m-5-7-16p/results_pyrenees_switch_ignition_1m_8900_summary.csv

Mission Failed (Pyrenees)

Mission Failed (Pyrenees)

Mission Failed (Pyrenees)

Mission Failed (Pyrenees)

Mission Failed (Pyrenees)

Mission Completed (Pyrenees)

Mission Completed (Pyrenees)

Mission Failed (Pyrenees)

Mission Completed (Pyrenees)

Mission Completed (Pyrenees)

Mission Completed (Pyrenees)

Mission Completed (Pyrenees)

Mission Failed (Pyrenees)
Per-step log written to examples/wildfire/data/scenarios/outputs/pyrenees_switch_ignition_1m-5-7-16p/results_pyrenees_switch_ignition_1m_9000_steps.csv
Episode summary log written to examples/wildfire/data/scenarios/outputs/pyrenees_switch_ignition_1m-5-7-16p/results_pyrenees_switch_ignition_1m_9000_summary.csv

Mission Failed (Pyrenees)

Mission Completed (Pyrenees)

Mission Failed (Pyrenees)

Mission Failed (Pyrenees)

Mission Completed (Pyrenees)

Mission Completed (Pyrenees)

Mission Completed (Pyrenees)

Mission Completed (Pyrenees)

Mission Completed (Pyrenees)
Episode summary log written to examples/wildfire/data/scenarios/outputs/pyrenees_switch_ignition_1m-5-7-16p/results_pyrenees_switch_ignition_1m_9100_summary.csv

Mission Completed (Pyrenees)

Mission Completed (Pyrenees)

Mission Failed (Pyrenees)

Mission Completed (Pyrenees)

Mission Failed (Pyrenees)

Mission Failed (Pyrenees)

Mission Completed (Pyrenees)

Mission Completed (Pyrenees)
Episode summary log written to examples/wildfire/data/scenarios/outputs/pyrenees_switch_ignition_1m-5-7-16p/results_pyrenees_switch_ignition_1m_9200_summary.csv

Mission Completed (Pyrenees)

Mission Completed (Pyrenees)

Mission Completed (Pyrenees)

Mission Completed (Pyrenees)

Mission Completed (Pyrenees)
Episode summary log written to examples/wildfire/data/scenarios/outputs/pyrenees_switch_ignition_1m-5-7-16p/results_pyrenees_switch_ignition_1m_9300_summary.csv

Mission Failed (Pyrenees)

Mission Completed (Pyrenees)

Mission Failed (Pyrenees)

Mission Completed (Pyrenees)
Episode summary log written to examples/wildfire/data/scenarios/outputs/pyrenees_switch_ignition_1m-5-7-16p/results_pyrenees_switch_ignition_1m_9400_summary.csv

Mission Completed (Pyrenees)

Mission Failed (Pyrenees)

Mission Completed (Pyrenees)

Mission Completed (Pyrenees)

Mission Completed (Pyrenees)

Mission Completed (Pyrenees)
-----------------------------------------
| time/                   |             |
|    fps                  | 2           |
|    iterations           | 10          |
|    time_elapsed         | 19539       |
|    total_timesteps      | 51840       |
| train/                  |             |
|    approx_kl            | 0.036377814 |
|    clip_fraction        | 0.299       |
|    clip_range           | 0.2         |
|    entropy_loss         | -36.6       |
|    explained_variance   | 0.652       |
|    learning_rate        | 0.000438    |
|    loss                 | -0.000776   |
|    n_updates            | 45          |
|    policy_gradient_loss | -0.0276     |
|    value_loss           | 0.0416      |
-----------------------------------------

Mission Completed (Pyrenees)

Mission Failed (Pyrenees)
Episode summary log written to examples/wildfire/data/scenarios/outputs/pyrenees_switch_ignition_1m-5-7-16p/results_pyrenees_switch_ignition_1m_9500_summary.csv

Mission Failed (Pyrenees)

Mission Failed (Pyrenees)

Mission Completed (Pyrenees)

Mission Completed (Pyrenees)

Mission Failed (Pyrenees)

Mission Failed (Pyrenees)

Mission Failed (Pyrenees)

Mission Completed (Pyrenees)
Episode summary log written to examples/wildfire/data/scenarios/outputs/pyrenees_switch_ignition_1m-5-7-16p/results_pyrenees_switch_ignition_1m_9600_summary.csv

Mission Completed (Pyrenees)

Mission Completed (Pyrenees)

Mission Failed (Pyrenees)

Mission Failed (Pyrenees)

Mission Failed (Pyrenees)

Mission Completed (Pyrenees)

Mission Completed (Pyrenees)
Episode summary log written to examples/wildfire/data/scenarios/outputs/pyrenees_switch_ignition_1m-5-7-16p/results_pyrenees_switch_ignition_1m_9700_summary.csv

Mission Failed (Pyrenees)

Mission Completed (Pyrenees)

Mission Completed (Pyrenees)

Mission Completed (Pyrenees)

Mission Completed (Pyrenees)

Mission Completed (Pyrenees)

Mission Completed (Pyrenees)
Episode summary log written to examples/wildfire/data/scenarios/outputs/pyrenees_switch_ignition_1m-5-7-16p/results_pyrenees_switch_ignition_1m_9800_summary.csv

Mission Completed (Pyrenees)

Mission Completed (Pyrenees)

Mission Completed (Pyrenees)

Mission Failed (Pyrenees)

Mission Completed (Pyrenees)

Mission Failed (Pyrenees)

Mission Failed (Pyrenees)
Episode summary log written to examples/wildfire/data/scenarios/outputs/pyrenees_switch_ignition_1m-5-7-16p/results_pyrenees_switch_ignition_1m_9900_summary.csv

Mission Completed (Pyrenees)

Mission Failed (Pyrenees)

Mission Completed (Pyrenees)

Mission Failed (Pyrenees)

Mission Completed (Pyrenees)

Mission Completed (Pyrenees)

Mission Completed (Pyrenees)
Per-step log written to examples/wildfire/data/scenarios/outputs/pyrenees_switch_ignition_1m-5-7-16p/results_pyrenees_switch_ignition_1m_10000_steps.csv
Episode summary log written to examples/wildfire/data/scenarios/outputs/pyrenees_switch_ignition_1m-5-7-16p/results_pyrenees_switch_ignition_1m_10000_summary.csv

Mission Completed (Pyrenees)

Mission Completed (Pyrenees)

Mission Completed (Pyrenees)

Mission Failed (Pyrenees)

Mission Completed (Pyrenees)

Mission Completed (Pyrenees)

Mission Failed (Pyrenees)
Episode summary log written to examples/wildfire/data/scenarios/outputs/pyrenees_switch_ignition_1m-5-7-16p/results_pyrenees_switch_ignition_1m_10100_summary.csv

Mission Failed (Pyrenees)

Mission Failed (Pyrenees)

Mission Completed (Pyrenees)

Mission Completed (Pyrenees)

Mission Completed (Pyrenees)

Mission Failed (Pyrenees)

Mission Failed (Pyrenees)

Mission Completed (Pyrenees)

Mission Completed (Pyrenees)

Mission Completed (Pyrenees)

Mission Completed (Pyrenees)

Mission Failed (Pyrenees)

Mission Failed (Pyrenees)

Mission Completed (Pyrenees)
Episode summary log written to examples/wildfire/data/scenarios/outputs/pyrenees_switch_ignition_1m-5-7-16p/results_pyrenees_switch_ignition_1m_10200_summary.csv

Mission Completed (Pyrenees)

Mission Completed (Pyrenees)

Mission Completed (Pyrenees)

Mission Completed (Pyrenees)

Mission Failed (Pyrenees)

Mission Completed (Pyrenees)

Mission Completed (Pyrenees)

Mission Completed (Pyrenees)

Mission Completed (Pyrenees)
Episode summary log written to examples/wildfire/data/scenarios/outputs/pyrenees_switch_ignition_1m-5-7-16p/results_pyrenees_switch_ignition_1m_10300_summary.csv

Mission Failed (Pyrenees)

Mission Failed (Pyrenees)

Mission Completed (Pyrenees)

Mission Failed (Pyrenees)

Mission Failed (Pyrenees)

Mission Failed (Pyrenees)

Mission Completed (Pyrenees)

Mission Failed (Pyrenees)
-----------------------------------------
| time/                   |             |
|    fps                  | 2           |
|    iterations           | 11          |
|    time_elapsed         | 21500       |
|    total_timesteps      | 57024       |
| train/                  |             |
|    approx_kl            | 0.032049086 |
|    clip_fraction        | 0.278       |
|    clip_range           | 0.2         |
|    entropy_loss         | -36.6       |
|    explained_variance   | 0.708       |
|    learning_rate        | 0.00043     |
|    loss                 | -0.0307     |
|    n_updates            | 50          |
|    policy_gradient_loss | -0.0279     |
|    value_loss           | 0.0359      |
-----------------------------------------

Mission Failed (Pyrenees)
Episode summary log written to examples/wildfire/data/scenarios/outputs/pyrenees_switch_ignition_1m-5-7-16p/results_pyrenees_switch_ignition_1m_10400_summary.csv

Mission Completed (Pyrenees)

Mission Failed (Pyrenees)

Mission Failed (Pyrenees)
Episode summary log written to examples/wildfire/data/scenarios/outputs/pyrenees_switch_ignition_1m-5-7-16p/results_pyrenees_switch_ignition_1m_10500_summary.csv

Mission Completed (Pyrenees)

Mission Completed (Pyrenees)

Mission Completed (Pyrenees)

Mission Failed (Pyrenees)

Mission Failed (Pyrenees)

Mission Completed (Pyrenees)

Mission Failed (Pyrenees)

Mission Failed (Pyrenees)
Episode summary log written to examples/wildfire/data/scenarios/outputs/pyrenees_switch_ignition_1m-5-7-16p/results_pyrenees_switch_ignition_1m_10600_summary.csv

Mission Completed (Pyrenees)

Mission Failed (Pyrenees)

Mission Failed (Pyrenees)

Mission Completed (Pyrenees)

Mission Completed (Pyrenees)

Mission Completed (Pyrenees)

Mission Failed (Pyrenees)
Episode summary log written to examples/wildfire/data/scenarios/outputs/pyrenees_switch_ignition_1m-5-7-16p/results_pyrenees_switch_ignition_1m_10700_summary.csv

Mission Completed (Pyrenees)

Mission Completed (Pyrenees)

Mission Completed (Pyrenees)

Mission Completed (Pyrenees)

Mission Failed (Pyrenees)

Mission Completed (Pyrenees)
Episode summary log written to examples/wildfire/data/scenarios/outputs/pyrenees_switch_ignition_1m-5-7-16p/results_pyrenees_switch_ignition_1m_10800_summary.csv

Mission Completed (Pyrenees)

Mission Completed (Pyrenees)

Mission Completed (Pyrenees)

Mission Completed (Pyrenees)

Mission Failed (Pyrenees)

Mission Completed (Pyrenees)
Episode summary log written to examples/wildfire/data/scenarios/outputs/pyrenees_switch_ignition_1m-5-7-16p/results_pyrenees_switch_ignition_1m_10900_summary.csv

Mission Completed (Pyrenees)

Mission Completed (Pyrenees)
Per-step log written to examples/wildfire/data/scenarios/outputs/pyrenees_switch_ignition_1m-5-7-16p/results_pyrenees_switch_ignition_1m_11000_steps.csv
Episode summary log written to examples/wildfire/data/scenarios/outputs/pyrenees_switch_ignition_1m-5-7-16p/results_pyrenees_switch_ignition_1m_11000_summary.csv

Mission Completed (Pyrenees)

Mission Completed (Pyrenees)

Mission Failed (Pyrenees)

Mission Completed (Pyrenees)

Mission Completed (Pyrenees)

Mission Completed (Pyrenees)

Mission Completed (Pyrenees)

Mission Failed (Pyrenees)

Mission Completed (Pyrenees)

Mission Completed (Pyrenees)
Episode summary log written to examples/wildfire/data/scenarios/outputs/pyrenees_switch_ignition_1m-5-7-16p/results_pyrenees_switch_ignition_1m_11100_summary.csv

Mission Failed (Pyrenees)

Mission Completed (Pyrenees)

Mission Failed (Pyrenees)

Mission Completed (Pyrenees)

Mission Failed (Pyrenees)
Episode summary log written to examples/wildfire/data/scenarios/outputs/pyrenees_switch_ignition_1m-5-7-16p/results_pyrenees_switch_ignition_1m_11200_summary.csv

Mission Completed (Pyrenees)

Mission Completed (Pyrenees)

Mission Failed (Pyrenees)

Mission Failed (Pyrenees)
Episode summary log written to examples/wildfire/data/scenarios/outputs/pyrenees_switch_ignition_1m-5-7-16p/results_pyrenees_switch_ignition_1m_11300_summary.csv

Mission Failed (Pyrenees)

Mission Completed (Pyrenees)

Mission Completed (Pyrenees)
-----------------------------------------
| time/                   |             |
|    fps                  | 2           |
|    iterations           | 12          |
|    time_elapsed         | 23254       |
|    total_timesteps      | 62208       |
| train/                  |             |
|    approx_kl            | 0.030492457 |
|    clip_fraction        | 0.29        |
|    clip_range           | 0.2         |
|    entropy_loss         | -36.6       |
|    explained_variance   | 0.675       |
|    learning_rate        | 0.000423    |
|    loss                 | -0.0276     |
|    n_updates            | 55          |
|    policy_gradient_loss | -0.0277     |
|    value_loss           | 0.0361      |
-----------------------------------------

Mission Failed (Pyrenees)
Episode summary log written to examples/wildfire/data/scenarios/outputs/pyrenees_switch_ignition_1m-5-7-16p/results_pyrenees_switch_ignition_1m_11400_summary.csv

Mission Completed (Pyrenees)

Mission Failed (Pyrenees)

Mission Completed (Pyrenees)

Mission Failed (Pyrenees)

Mission Failed (Pyrenees)

Mission Completed (Pyrenees)

Mission Completed (Pyrenees)

Mission Completed (Pyrenees)

Mission Completed (Pyrenees)

Mission Failed (Pyrenees)

Mission Completed (Pyrenees)

Mission Completed (Pyrenees)

Mission Completed (Pyrenees)

Mission Failed (Pyrenees)

Mission Completed (Pyrenees)

Mission Completed (Pyrenees)
Episode summary log written to examples/wildfire/data/scenarios/outputs/pyrenees_switch_ignition_1m-5-7-16p/results_pyrenees_switch_ignition_1m_11500_summary.csv

Mission Failed (Pyrenees)

Mission Completed (Pyrenees)

Mission Completed (Pyrenees)

Mission Completed (Pyrenees)

Mission Failed (Pyrenees)

Mission Completed (Pyrenees)

Mission Completed (Pyrenees)

Mission Failed (Pyrenees)

Mission Failed (Pyrenees)

Mission Failed (Pyrenees)
Episode summary log written to examples/wildfire/data/scenarios/outputs/pyrenees_switch_ignition_1m-5-7-16p/results_pyrenees_switch_ignition_1m_11600_summary.csv

Mission Completed (Pyrenees)

Mission Completed (Pyrenees)

Mission Failed (Pyrenees)

Mission Completed (Pyrenees)

Mission Failed (Pyrenees)

Mission Completed (Pyrenees)

Mission Failed (Pyrenees)

Mission Completed (Pyrenees)

Mission Completed (Pyrenees)

Mission Completed (Pyrenees)

Mission Completed (Pyrenees)

Mission Completed (Pyrenees)
Episode summary log written to examples/wildfire/data/scenarios/outputs/pyrenees_switch_ignition_1m-5-7-16p/results_pyrenees_switch_ignition_1m_11700_summary.csv

Mission Failed (Pyrenees)

Mission Completed (Pyrenees)

Mission Completed (Pyrenees)

Mission Failed (Pyrenees)

Mission Completed (Pyrenees)

Mission Completed (Pyrenees)

Mission Failed (Pyrenees)

Mission Completed (Pyrenees)

Mission Failed (Pyrenees)

Mission Failed (Pyrenees)

Mission Completed (Pyrenees)

Mission Failed (Pyrenees)
Episode summary log written to examples/wildfire/data/scenarios/outputs/pyrenees_switch_ignition_1m-5-7-16p/results_pyrenees_switch_ignition_1m_11800_summary.csv

Mission Completed (Pyrenees)

Mission Failed (Pyrenees)

Mission Completed (Pyrenees)

Mission Completed (Pyrenees)

Mission Failed (Pyrenees)

Mission Completed (Pyrenees)

Mission Failed (Pyrenees)

Mission Completed (Pyrenees)

Mission Failed (Pyrenees)
Episode summary log written to examples/wildfire/data/scenarios/outputs/pyrenees_switch_ignition_1m-5-7-16p/results_pyrenees_switch_ignition_1m_11900_summary.csv

Mission Completed (Pyrenees)

Mission Failed (Pyrenees)

Mission Completed (Pyrenees)

Mission Completed (Pyrenees)

Mission Failed (Pyrenees)

Mission Completed (Pyrenees)
Per-step log written to examples/wildfire/data/scenarios/outputs/pyrenees_switch_ignition_1m-5-7-16p/results_pyrenees_switch_ignition_1m_12000_steps.csv
Episode summary log written to examples/wildfire/data/scenarios/outputs/pyrenees_switch_ignition_1m-5-7-16p/results_pyrenees_switch_ignition_1m_12000_summary.csv

Mission Completed (Pyrenees)

Mission Completed (Pyrenees)

Mission Completed (Pyrenees)

Mission Completed (Pyrenees)

Mission Failed (Pyrenees)

Mission Failed (Pyrenees)

Mission Completed (Pyrenees)

Mission Failed (Pyrenees)

Mission Failed (Pyrenees)

Mission Failed (Pyrenees)
Episode summary log written to examples/wildfire/data/scenarios/outputs/pyrenees_switch_ignition_1m-5-7-16p/results_pyrenees_switch_ignition_1m_12100_summary.csv

Mission Completed (Pyrenees)

Mission Completed (Pyrenees)

Mission Completed (Pyrenees)

Mission Completed (Pyrenees)

Mission Completed (Pyrenees)

Mission Failed (Pyrenees)

Mission Completed (Pyrenees)

Mission Failed (Pyrenees)

Mission Completed (Pyrenees)
Episode summary log written to examples/wildfire/data/scenarios/outputs/pyrenees_switch_ignition_1m-5-7-16p/results_pyrenees_switch_ignition_1m_12200_summary.csv

Mission Completed (Pyrenees)

Mission Failed (Pyrenees)

Mission Completed (Pyrenees)
-----------------------------------------
| time/                   |             |
|    fps                  | 2           |
|    iterations           | 13          |
|    time_elapsed         | 25240       |
|    total_timesteps      | 67392       |
| train/                  |             |
|    approx_kl            | 0.030017117 |
|    clip_fraction        | 0.299       |
|    clip_range           | 0.2         |
|    entropy_loss         | -36.5       |
|    explained_variance   | 0.643       |
|    learning_rate        | 0.000416    |
|    loss                 | -0.0321     |
|    n_updates            | 60          |
|    policy_gradient_loss | -0.0268     |
|    value_loss           | 0.028       |
-----------------------------------------

Mission Completed (Pyrenees)

Mission Completed (Pyrenees)
Episode summary log written to examples/wildfire/data/scenarios/outputs/pyrenees_switch_ignition_1m-5-7-16p/results_pyrenees_switch_ignition_1m_12300_summary.csv

Mission Failed (Pyrenees)

Mission Failed (Pyrenees)

Mission Completed (Pyrenees)

Mission Completed (Pyrenees)
