/home/ibrahimoguz/.conda/envs/rl-env/bin/python
============================================================
>>> SOLO PROFILE (12-plane): Palisades_12p.json
============================================================
--switch-ignition-1 enabled: ignition randomized each episode in a 100x100 cell box around the scenario's original ignition.
PPO rollout config: num_envs=12, n_steps=144, effective_batch=1728, minibatches=12, batch_size=144
Decision start delay: Palisades_12p.json response_time / 60 = 60.0 minutes
Allowed tactic combinations: 17
Profiling: per-step/reset wall time and RSS enabled.
Diagnostic: gc.collect() and prior-sim drop at reset start enabled.
Vector env start method: fork
Using cpu device

Mission Completed (Palisades)

Mission Completed (Palisades)

Mission Completed (Palisades)

Mission Completed (Palisades)

Mission Completed (Palisades)
Episode summary log written to examples/wildfire/data/scenarios/outputs/profile_12p_501353/solo_palisades/results_profile_12p_palisades_100_summary.csv

Mission Completed (Palisades)

Mission Completed (Palisades)

Mission Completed (Palisades)

Mission Completed (Palisades)

Mission Completed (Palisades)

Mission Completed (Palisades)

Mission Completed (Palisades)

Mission Completed (Palisades)
Episode summary log written to examples/wildfire/data/scenarios/outputs/profile_12p_501353/solo_palisades/results_profile_12p_palisades_200_summary.csv

Mission Completed (Palisades)

Mission Completed (Palisades)
[profile-timings] rollout 1 summary:
  scenario                  step_n  step_mean  step_p95  reset_n  reset_mean  free_burn_mean  rss_mean_MB  rss_max_MB  wkr_max_MB
  Palisades_12p.json          1728     1.6056    2.4378      239      2.5304          1.1559       1617.0      1804.7      1742.0
-----------------------------
| time/              |      |
|    fps             | 3    |
|    iterations      | 1    |
|    time_elapsed    | 573  |
|    total_timesteps | 1728 |
-----------------------------

Mission Completed (Palisades)

Mission Completed (Palisades)

Mission Completed (Palisades)

Mission Completed (Palisades)
Episode summary log written to examples/wildfire/data/scenarios/outputs/profile_12p_501353/solo_palisades/results_profile_12p_palisades_300_summary.csv

Mission Completed (Palisades)

Mission Completed (Palisades)

Mission Completed (Palisades)

Mission Completed (Palisades)

Mission Completed (Palisades)

Mission Completed (Palisades)

Mission Completed (Palisades)

Mission Completed (Palisades)

Mission Completed (Palisades)

Mission Completed (Palisades)
Episode summary log written to examples/wildfire/data/scenarios/outputs/profile_12p_501353/solo_palisades/results_profile_12p_palisades_400_summary.csv

Mission Completed (Palisades)

Mission Completed (Palisades)

Mission Completed (Palisades)

Mission Completed (Palisades)
[profile-timings] rollout 2 summary:
  scenario                  step_n  step_mean  step_p95  reset_n  reset_mean  free_burn_mean  rss_mean_MB  rss_max_MB  wkr_max_MB
  Palisades_12p.json          1728     1.5426    2.3588      258      2.5080          1.1417       1640.5      1863.8      1711.7
-----------------------------------------
| time/                   |             |
|    fps                  | 2           |
|    iterations           | 2           |
|    time_elapsed         | 1166        |
|    total_timesteps      | 3456        |
| train/                  |             |
|    approx_kl            | 0.037404697 |
|    clip_fraction        | 0.287       |
|    clip_range           | 0.2         |
|    entropy_loss         | -36.8       |
|    explained_variance   | -27.7       |
|    learning_rate        | 0.000444    |
|    loss                 | -0.0785     |
|    n_updates            | 5           |
|    policy_gradient_loss | -0.0512     |
|    value_loss           | 0.0103      |
-----------------------------------------
Episode summary log written to examples/wildfire/data/scenarios/outputs/profile_12p_501353/solo_palisades/results_profile_12p_palisades_500_summary.csv

Mission Completed (Palisades)

Mission Completed (Palisades)

Mission Completed (Palisades)

Mission Completed (Palisades)

Mission Completed (Palisades)

Mission Completed (Palisades)

Mission Completed (Palisades)

Mission Completed (Palisades)

Mission Completed (Palisades)

Mission Completed (Palisades)

Mission Completed (Palisades)

Mission Completed (Palisades)
Episode summary log written to examples/wildfire/data/scenarios/outputs/profile_12p_501353/solo_palisades/results_profile_12p_palisades_600_summary.csv

Mission Completed (Palisades)

Mission Completed (Palisades)

Mission Completed (Palisades)

Mission Completed (Palisades)

Mission Completed (Palisades)
Episode summary log written to examples/wildfire/data/scenarios/outputs/profile_12p_501353/solo_palisades/results_profile_12p_palisades_700_summary.csv

Mission Completed (Palisades)
[profile-timings] rollout 3 summary:
  scenario                  step_n  step_mean  step_p95  reset_n  reset_mean  free_burn_mean  rss_mean_MB  rss_max_MB  wkr_max_MB
  Palisades_12p.json          1728     1.5753    2.3681      246      2.5235          1.1563       1620.9      1802.8      1711.7
----------------------------------------
| time/                   |            |
|    fps                  | 2          |
|    iterations           | 3          |
|    time_elapsed         | 1758       |
|    total_timesteps      | 5184       |
| train/                  |            |
|    approx_kl            | 0.03728022 |
|    clip_fraction        | 0.313      |
|    clip_range           | 0.2        |
|    entropy_loss         | -36.8      |
|    explained_variance   | -10.8      |
|    learning_rate        | 0.000384   |
|    loss                 | -0.0734    |
|    n_updates            | 10         |
|    policy_gradient_loss | -0.0496    |
|    value_loss           | 0.000125   |
----------------------------------------

Mission Completed (Palisades)

Mission Completed (Palisades)

Mission Completed (Palisades)

Mission Completed (Palisades)

Mission Completed (Palisades)

Mission Completed (Palisades)

Mission Completed (Palisades)

Mission Completed (Palisades)

Mission Completed (Palisades)
Episode summary log written to examples/wildfire/data/scenarios/outputs/profile_12p_501353/solo_palisades/results_profile_12p_palisades_800_summary.csv

Mission Completed (Palisades)

Mission Completed (Palisades)

Mission Completed (Palisades)

Mission Completed (Palisades)

Mission Completed (Palisades)
Episode summary log written to examples/wildfire/data/scenarios/outputs/profile_12p_501353/solo_palisades/results_profile_12p_palisades_900_summary.csv

Mission Completed (Palisades)

Mission Completed (Palisades)

Mission Completed (Palisades)

Mission Completed (Palisades)
[profile-timings] rollout 4 summary:
  scenario                  step_n  step_mean  step_p95  reset_n  reset_mean  free_burn_mean  rss_mean_MB  rss_max_MB  wkr_max_MB
  Palisades_12p.json          1728     1.6268    2.4908      238      2.5298          1.1650       1622.1      1818.1      1711.7
----------------------------------------
| time/                   |            |
|    fps                  | 2          |
|    iterations           | 4          |
|    time_elapsed         | 2342       |
|    total_timesteps      | 6912       |
| train/                  |            |
|    approx_kl            | 0.03254791 |
|    clip_fraction        | 0.272      |
|    clip_range           | 0.2        |
|    entropy_loss         | -36.7      |
|    explained_variance   | -25        |
|    learning_rate        | 0.000319   |
|    loss                 | -0.0759    |
|    n_updates            | 15         |
|    policy_gradient_loss | -0.0509    |
|    value_loss           | 3.57e-05   |
----------------------------------------

Mission Completed (Palisades)

Mission Completed (Palisades)

Mission Completed (Palisades)
Per-step log written to examples/wildfire/data/scenarios/outputs/profile_12p_501353/solo_palisades/results_profile_12p_palisades_1000_steps.csv
Episode summary log written to examples/wildfire/data/scenarios/outputs/profile_12p_501353/solo_palisades/results_profile_12p_palisades_1000_summary.csv

Mission Completed (Palisades)

Mission Completed (Palisades)

Mission Completed (Palisades)

Mission Completed (Palisades)

Mission Completed (Palisades)

Mission Completed (Palisades)
Episode summary log written to examples/wildfire/data/scenarios/outputs/profile_12p_501353/solo_palisades/results_profile_12p_palisades_1100_summary.csv

Mission Completed (Palisades)

Mission Completed (Palisades)

Mission Completed (Palisades)

Mission Completed (Palisades)
[profile-timings] rollout 5 summary:
  scenario                  step_n  step_mean  step_p95  reset_n  reset_mean  free_burn_mean  rss_mean_MB  rss_max_MB  wkr_max_MB
  Palisades_12p.json          1728     1.5410    2.3717      256      2.5149          1.1491       1619.4      1803.8      1711.7
----------------------------------------
| time/                   |            |
|    fps                  | 2          |
|    iterations           | 5          |
|    time_elapsed         | 2933       |
|    total_timesteps      | 8640       |
| train/                  |            |
|    approx_kl            | 0.03064248 |
|    clip_fraction        | 0.257      |
|    clip_range           | 0.2        |
|    entropy_loss         | -36.7      |
|    explained_variance   | -19.7      |
|    learning_rate        | 0.000245   |
|    loss                 | -0.0648    |
|    n_updates            | 20         |
|    policy_gradient_loss | -0.0508    |
|    value_loss           | 2.33e-05   |
----------------------------------------

Mission Completed (Palisades)
Episode summary log written to examples/wildfire/data/scenarios/outputs/profile_12p_501353/solo_palisades/results_profile_12p_palisades_1200_summary.csv

Mission Completed (Palisades)

Mission Completed (Palisades)

Mission Completed (Palisades)
Episode summary log written to examples/wildfire/data/scenarios/outputs/profile_12p_501353/solo_palisades/results_profile_12p_palisades_1300_summary.csv

Mission Completed (Palisades)

Mission Completed (Palisades)

Mission Completed (Palisades)

Mission Completed (Palisades)

Mission Completed (Palisades)

Mission Completed (Palisades)
Episode summary log written to examples/wildfire/data/scenarios/outputs/profile_12p_501353/solo_palisades/results_profile_12p_palisades_1400_summary.csv

Mission Completed (Palisades)

Mission Completed (Palisades)
[profile-timings] rollout 6 summary:
  scenario                  step_n  step_mean  step_p95  reset_n  reset_mean  free_burn_mean  rss_mean_MB  rss_max_MB  wkr_max_MB
  Palisades_12p.json          1728     1.6138    2.4364      241      2.5213          1.1555       1626.4      1822.0      1822.0
----------------------------------------
| time/                   |            |
|    fps                  | 2          |
|    iterations           | 6          |
|    time_elapsed         | 3512       |
|    total_timesteps      | 10368      |
| train/                  |            |
|    approx_kl            | 0.02087483 |
|    clip_fraction        | 0.181      |
|    clip_range           | 0.2        |
|    entropy_loss         | -36.7      |
|    explained_variance   | -26.4      |
|    learning_rate        | 0.000156   |
|    loss                 | -0.0731    |
|    n_updates            | 25         |
|    policy_gradient_loss | -0.0457    |
|    value_loss           | 1.43e-05   |
----------------------------------------
Per-step log written to examples/wildfire/data/scenarios/outputs/profile_12p_501353/solo_palisades/results_profile_12p_palisades_1414_steps.csv
Training complete in 3513.57 seconds.
Episode training summary written to examples/wildfire/data/scenarios/outputs/profile_12p_501353/solo_palisades/training_episode_summaries.csv
Episode training summary written to examples/wildfire/data/scenarios/outputs/profile_12p_501353/solo_palisades/training_episode_summaries.xlsx
============================================================
>>> SOLO PROFILE (12-plane): Pyrenees_12p.json
============================================================
--switch-ignition-1 enabled: ignition randomized each episode in a 100x100 cell box around the scenario's original ignition.
PPO rollout config: num_envs=12, n_steps=144, effective_batch=1728, minibatches=12, batch_size=144
Decision start delay: Pyrenees_12p.json response_time / 60 = 30.0 minutes
Allowed tactic combinations: 17
Profiling: per-step/reset wall time and RSS enabled.
Diagnostic: gc.collect() and prior-sim drop at reset start enabled.
Vector env start method: fork
Using cpu device

Mission Completed (Pyrenees)

Mission Failed (Pyrenees)

Mission Failed (Pyrenees)

Mission Failed (Pyrenees)

Mission Failed (Pyrenees)

Mission Completed (Pyrenees)

Mission Completed (Pyrenees)

Mission Completed (Pyrenees)
Episode summary log written to examples/wildfire/data/scenarios/outputs/profile_12p_501353/solo_pyrenees/results_profile_12p_pyrenees_100_summary.csv

Mission Failed (Pyrenees)

Mission Completed (Pyrenees)

Mission Failed (Pyrenees)

Mission Failed (Pyrenees)

Mission Completed (Pyrenees)

Mission Completed (Pyrenees)

Mission Completed (Pyrenees)

Mission Failed (Pyrenees)

Mission Failed (Pyrenees)

Mission Failed (Pyrenees)

Mission Failed (Pyrenees)

Mission Failed (Pyrenees)

Mission Completed (Pyrenees)

Mission Failed (Pyrenees)

Mission Completed (Pyrenees)
Episode summary log written to examples/wildfire/data/scenarios/outputs/profile_12p_501353/solo_pyrenees/results_profile_12p_pyrenees_200_summary.csv

Mission Failed (Pyrenees)

Mission Failed (Pyrenees)

Mission Failed (Pyrenees)

Mission Failed (Pyrenees)

Mission Failed (Pyrenees)

Mission Failed (Pyrenees)

Mission Failed (Pyrenees)

Mission Failed (Pyrenees)
[profile-timings] rollout 1 summary:
  scenario                  step_n  step_mean  step_p95  reset_n  reset_mean  free_burn_mean  rss_mean_MB  rss_max_MB  wkr_max_MB
  Pyrenees_12p.json           1728     2.6499    7.0763      259      2.8003          0.5336       1599.0      1684.7      1652.6
-----------------------------
| time/              |      |
|    fps             | 1    |
|    iterations      | 1    |
|    time_elapsed    | 1300 |
|    total_timesteps | 1728 |
-----------------------------

Mission Failed (Pyrenees)

Mission Failed (Pyrenees)

Mission Failed (Pyrenees)

Mission Failed (Pyrenees)

Mission Failed (Pyrenees)

Mission Completed (Pyrenees)

Mission Failed (Pyrenees)

Mission Completed (Pyrenees)

Mission Failed (Pyrenees)

Mission Failed (Pyrenees)

Mission Failed (Pyrenees)

Mission Completed (Pyrenees)

Mission Failed (Pyrenees)

Mission Failed (Pyrenees)

Mission Failed (Pyrenees)
Episode summary log written to examples/wildfire/data/scenarios/outputs/profile_12p_501353/solo_pyrenees/results_profile_12p_pyrenees_300_summary.csv

Mission Failed (Pyrenees)

Mission Failed (Pyrenees)

Mission Failed (Pyrenees)

Mission Completed (Pyrenees)

Mission Completed (Pyrenees)

Mission Failed (Pyrenees)

Mission Failed (Pyrenees)

Mission Completed (Pyrenees)

Mission Completed (Pyrenees)

Mission Completed (Pyrenees)

Mission Failed (Pyrenees)

Mission Completed (Pyrenees)
Episode summary log written to examples/wildfire/data/scenarios/outputs/profile_12p_501353/solo_pyrenees/results_profile_12p_pyrenees_400_summary.csv

Mission Failed (Pyrenees)

Mission Failed (Pyrenees)

Mission Failed (Pyrenees)

Mission Failed (Pyrenees)

Mission Failed (Pyrenees)

Mission Completed (Pyrenees)

Mission Failed (Pyrenees)

Mission Failed (Pyrenees)

Mission Failed (Pyrenees)

Mission Failed (Pyrenees)

Mission Failed (Pyrenees)

Mission Failed (Pyrenees)

Mission Failed (Pyrenees)

Mission Failed (Pyrenees)

Mission Completed (Pyrenees)
[profile-timings] rollout 2 summary:
  scenario                  step_n  step_mean  step_p95  reset_n  reset_mean  free_burn_mean  rss_mean_MB  rss_max_MB  wkr_max_MB
  Pyrenees_12p.json           1728     3.1392    9.6912      249      2.7917          0.5329       1605.0      1698.4      1637.2
----------------------------------------
| time/                   |            |
|    fps                  | 1          |
|    iterations           | 2          |
|    time_elapsed         | 2994       |
|    total_timesteps      | 3456       |
| train/                  |            |
|    approx_kl            | 0.02322945 |
|    clip_fraction        | 0.244      |
|    clip_range           | 0.2        |
|    entropy_loss         | -36.8      |
|    explained_variance   | -0.0727    |
|    learning_rate        | 0.000444   |
|    loss                 | -0.0177    |
|    n_updates            | 5          |
|    policy_gradient_loss | -0.0357    |
|    value_loss           | 0.13       |
----------------------------------------

Mission Failed (Pyrenees)

Mission Failed (Pyrenees)
Episode summary log written to examples/wildfire/data/scenarios/outputs/profile_12p_501353/solo_pyrenees/results_profile_12p_pyrenees_500_summary.csv

Mission Failed (Pyrenees)

Mission Failed (Pyrenees)

Mission Completed (Pyrenees)

Mission Completed (Pyrenees)

Mission Failed (Pyrenees)

Mission Failed (Pyrenees)

Mission Failed (Pyrenees)

Mission Failed (Pyrenees)

Mission Failed (Pyrenees)

Mission Failed (Pyrenees)

Mission Completed (Pyrenees)

Mission Failed (Pyrenees)
Episode summary log written to examples/wildfire/data/scenarios/outputs/profile_12p_501353/solo_pyrenees/results_profile_12p_pyrenees_600_summary.csv

Mission Failed (Pyrenees)

Mission Failed (Pyrenees)

Mission Failed (Pyrenees)

Mission Failed (Pyrenees)

Mission Failed (Pyrenees)

Mission Failed (Pyrenees)

Mission Completed (Pyrenees)

Mission Completed (Pyrenees)

Mission Completed (Pyrenees)
Episode summary log written to examples/wildfire/data/scenarios/outputs/profile_12p_501353/solo_pyrenees/results_profile_12p_pyrenees_700_summary.csv

Mission Failed (Pyrenees)

Mission Failed (Pyrenees)

Mission Failed (Pyrenees)

Mission Completed (Pyrenees)

Mission Failed (Pyrenees)

Mission Failed (Pyrenees)

Mission Failed (Pyrenees)

Mission Completed (Pyrenees)

Mission Failed (Pyrenees)

Mission Completed (Pyrenees)
[profile-timings] rollout 3 summary:
  scenario                  step_n  step_mean  step_p95  reset_n  reset_mean  free_burn_mean  rss_mean_MB  rss_max_MB  wkr_max_MB
  Pyrenees_12p.json           1728     2.8631    8.3850      272      2.7792          0.5280       1596.8      1683.6      1639.1
----------------------------------------
| time/                   |            |
|    fps                  | 1          |
|    iterations           | 3          |
|    time_elapsed         | 4580       |
|    total_timesteps      | 5184       |
| train/                  |            |
|    approx_kl            | 0.03763928 |
|    clip_fraction        | 0.303      |
|    clip_range           | 0.2        |
|    entropy_loss         | -36.8      |
|    explained_variance   | 0.647      |
|    learning_rate        | 0.000384   |
|    loss                 | -0.0305    |
|    n_updates            | 10         |
|    policy_gradient_loss | -0.0452    |
|    value_loss           | 0.0719     |
----------------------------------------

Mission Failed (Pyrenees)

Mission Failed (Pyrenees)

Mission Failed (Pyrenees)

Mission Failed (Pyrenees)

Mission Failed (Pyrenees)

Mission Failed (Pyrenees)

Mission Failed (Pyrenees)

Mission Completed (Pyrenees)

Mission Failed (Pyrenees)

Mission Completed (Pyrenees)

Mission Failed (Pyrenees)
Episode summary log written to examples/wildfire/data/scenarios/outputs/profile_12p_501353/solo_pyrenees/results_profile_12p_pyrenees_800_summary.csv

Mission Failed (Pyrenees)

Mission Failed (Pyrenees)

Mission Failed (Pyrenees)

Mission Completed (Pyrenees)

Mission Failed (Pyrenees)

Mission Completed (Pyrenees)

Mission Failed (Pyrenees)

Mission Completed (Pyrenees)

Mission Completed (Pyrenees)

Mission Failed (Pyrenees)

Mission Completed (Pyrenees)

Mission Failed (Pyrenees)

Mission Failed (Pyrenees)

Mission Failed (Pyrenees)

Mission Completed (Pyrenees)

Mission Failed (Pyrenees)

Mission Failed (Pyrenees)
Episode summary log written to examples/wildfire/data/scenarios/outputs/profile_12p_501353/solo_pyrenees/results_profile_12p_pyrenees_900_summary.csv

Mission Failed (Pyrenees)

Mission Failed (Pyrenees)

Mission Failed (Pyrenees)

Mission Completed (Pyrenees)

Mission Failed (Pyrenees)

Mission Failed (Pyrenees)

Mission Failed (Pyrenees)

Mission Completed (Pyrenees)

Mission Failed (Pyrenees)

Mission Failed (Pyrenees)

Mission Failed (Pyrenees)

Mission Failed (Pyrenees)
[profile-timings] rollout 4 summary:
  scenario                  step_n  step_mean  step_p95  reset_n  reset_mean  free_burn_mean  rss_mean_MB  rss_max_MB  wkr_max_MB
  Pyrenees_12p.json           1728     3.0594    9.4333      251      2.7846          0.5304       1599.8      1671.3      1671.3
-----------------------------------------
| time/                   |             |
|    fps                  | 1           |
|    iterations           | 4           |
|    time_elapsed         | 6330        |
|    total_timesteps      | 6912        |
| train/                  |             |
|    approx_kl            | 0.028944777 |
|    clip_fraction        | 0.261       |
|    clip_range           | 0.2         |
|    entropy_loss         | -36.7       |
|    explained_variance   | 0.627       |
|    learning_rate        | 0.000319    |
|    loss                 | -0.0476     |
|    n_updates            | 15          |
|    policy_gradient_loss | -0.0467     |
|    value_loss           | 0.0823      |
-----------------------------------------
Per-step log written to examples/wildfire/data/scenarios/outputs/profile_12p_501353/solo_pyrenees/results_profile_12p_pyrenees_1000_steps.csv
Episode summary log written to examples/wildfire/data/scenarios/outputs/profile_12p_501353/solo_pyrenees/results_profile_12p_pyrenees_1000_summary.csv

Mission Failed (Pyrenees)

Mission Failed (Pyrenees)

Mission Completed (Pyrenees)

Mission Failed (Pyrenees)

Mission Failed (Pyrenees)

Mission Failed (Pyrenees)

Mission Failed (Pyrenees)

Mission Failed (Pyrenees)

Mission Completed (Pyrenees)

Mission Failed (Pyrenees)

Mission Failed (Pyrenees)

Mission Completed (Pyrenees)

Mission Completed (Pyrenees)

Mission Failed (Pyrenees)

Mission Failed (Pyrenees)

Mission Failed (Pyrenees)

Mission Failed (Pyrenees)

Mission Failed (Pyrenees)
Episode summary log written to examples/wildfire/data/scenarios/outputs/profile_12p_501353/solo_pyrenees/results_profile_12p_pyrenees_1100_summary.csv

Mission Failed (Pyrenees)

Mission Completed (Pyrenees)

Mission Failed (Pyrenees)

Mission Failed (Pyrenees)

Mission Failed (Pyrenees)

Mission Failed (Pyrenees)

Mission Failed (Pyrenees)

Mission Failed (Pyrenees)

Mission Failed (Pyrenees)
Episode summary log written to examples/wildfire/data/scenarios/outputs/profile_12p_501353/solo_pyrenees/results_profile_12p_pyrenees_1200_summary.csv

Mission Completed (Pyrenees)

Mission Failed (Pyrenees)

Mission Failed (Pyrenees)

Mission Failed (Pyrenees)

Mission Completed (Pyrenees)

Mission Failed (Pyrenees)

Mission Failed (Pyrenees)

Mission Failed (Pyrenees)
[profile-timings] rollout 5 summary:
  scenario                  step_n  step_mean  step_p95  reset_n  reset_mean  free_burn_mean  rss_mean_MB  rss_max_MB  wkr_max_MB
  Pyrenees_12p.json           1728     3.1048    9.9543      257      2.7821          0.5289       1604.9      1701.4      1701.4
-----------------------------------------
| time/                   |             |
|    fps                  | 1           |
|    iterations           | 5           |
|    time_elapsed         | 8091        |
|    total_timesteps      | 8640        |
| train/                  |             |
|    approx_kl            | 0.025949866 |
|    clip_fraction        | 0.224       |
|    clip_range           | 0.2         |
|    entropy_loss         | -36.7       |
|    explained_variance   | 0.625       |
|    learning_rate        | 0.000245    |
|    loss                 | -0.0211     |
|    n_updates            | 20          |
|    policy_gradient_loss | -0.0448     |
|    value_loss           | 0.0904      |
-----------------------------------------

Mission Failed (Pyrenees)

Mission Completed (Pyrenees)

Mission Failed (Pyrenees)

Mission Completed (Pyrenees)

Mission Failed (Pyrenees)

Mission Completed (Pyrenees)

Mission Completed (Pyrenees)

Mission Completed (Pyrenees)

Mission Completed (Pyrenees)

Mission Failed (Pyrenees)

Mission Failed (Pyrenees)
Episode summary log written to examples/wildfire/data/scenarios/outputs/profile_12p_501353/solo_pyrenees/results_profile_12p_pyrenees_1300_summary.csv

Mission Failed (Pyrenees)

Mission Failed (Pyrenees)

Mission Failed (Pyrenees)

Mission Failed (Pyrenees)

Mission Failed (Pyrenees)

Mission Completed (Pyrenees)

Mission Failed (Pyrenees)

Mission Completed (Pyrenees)

Mission Failed (Pyrenees)

Mission Completed (Pyrenees)

Mission Completed (Pyrenees)

Mission Completed (Pyrenees)

Mission Failed (Pyrenees)

Mission Failed (Pyrenees)
Episode summary log written to examples/wildfire/data/scenarios/outputs/profile_12p_501353/solo_pyrenees/results_profile_12p_pyrenees_1400_summary.csv

Mission Completed (Pyrenees)

Mission Failed (Pyrenees)

Mission Failed (Pyrenees)

Mission Failed (Pyrenees)

Mission Completed (Pyrenees)

Mission Failed (Pyrenees)

Mission Failed (Pyrenees)

Mission Completed (Pyrenees)

Mission Failed (Pyrenees)

Mission Completed (Pyrenees)

Mission Failed (Pyrenees)
[profile-timings] rollout 6 summary:
  scenario                  step_n  step_mean  step_p95  reset_n  reset_mean  free_burn_mean  rss_mean_MB  rss_max_MB  wkr_max_MB
  Pyrenees_12p.json           1728     2.7397    7.8740      268      2.7776          0.5267       1610.3      1701.4      1675.4
---------------------------------------
| time/                   |           |
|    fps                  | 1         |
|    iterations           | 6         |
|    time_elapsed         | 9610      |
|    total_timesteps      | 10368     |
| train/                  |           |
|    approx_kl            | 0.0223533 |
|    clip_fraction        | 0.171     |
|    clip_range           | 0.2       |
|    entropy_loss         | -36.7     |
|    explained_variance   | 0.645     |
|    learning_rate        | 0.000156  |
|    loss                 | -0.0339   |
|    n_updates            | 25        |
|    policy_gradient_loss | -0.0409   |
|    value_loss           | 0.0825    |
---------------------------------------
Per-step log written to examples/wildfire/data/scenarios/outputs/profile_12p_501353/solo_pyrenees/results_profile_12p_pyrenees_1493_steps.csv
Training complete in 9611.17 seconds.
Episode training summary written to examples/wildfire/data/scenarios/outputs/profile_12p_501353/solo_pyrenees/training_episode_summaries.csv
Episode training summary written to examples/wildfire/data/scenarios/outputs/profile_12p_501353/solo_pyrenees/training_episode_summaries.xlsx
============================================================
>>> SOLO PROFILE (12-plane): Salamis_12p.json
============================================================
--switch-ignition-1 enabled: ignition randomized each episode in a 100x100 cell box around the scenario's original ignition.
PPO rollout config: num_envs=12, n_steps=144, effective_batch=1728, minibatches=12, batch_size=144
Decision start delay: Salamis_12p.json response_time / 60 = 90.0 minutes
Allowed tactic combinations: 17
Profiling: per-step/reset wall time and RSS enabled.
Diagnostic: gc.collect() and prior-sim drop at reset start enabled.
Vector env start method: fork
Using cpu device

Mission Completed (Salamis)

Mission Completed (Salamis)

Mission Completed (Salamis)

Mission Completed (Salamis)

Mission Completed (Salamis)

Mission Completed (Salamis)
Episode summary log written to examples/wildfire/data/scenarios/outputs/profile_12p_501353/solo_salamis/results_profile_12p_salamis_100_summary.csv

Mission Completed (Salamis)

Mission Completed (Salamis)

Mission Completed (Salamis)

Mission Completed (Salamis)

Mission Completed (Salamis)

Mission Completed (Salamis)

Mission Completed (Salamis)

Mission Completed (Salamis)

Mission Completed (Salamis)
Episode summary log written to examples/wildfire/data/scenarios/outputs/profile_12p_501353/solo_salamis/results_profile_12p_salamis_200_summary.csv

Mission Completed (Salamis)

Mission Completed (Salamis)

Mission Completed (Salamis)

Mission Completed (Salamis)

Mission Completed (Salamis)

Mission Completed (Salamis)
[profile-timings] rollout 1 summary:
  scenario                  step_n  step_mean  step_p95  reset_n  reset_mean  free_burn_mean  rss_mean_MB  rss_max_MB  wkr_max_MB
  Salamis_12p.json            1728     3.6246    4.5580      277     21.4212         20.4454       1649.1      1843.6      1797.2
-----------------------------
| time/              |      |
|    fps             | 0    |
|    iterations      | 1    |
|    time_elapsed    | 3118 |
|    total_timesteps | 1728 |
-----------------------------

Mission Completed (Salamis)

Mission Completed (Salamis)

Mission Completed (Salamis)
Episode summary log written to examples/wildfire/data/scenarios/outputs/profile_12p_501353/solo_salamis/results_profile_12p_salamis_300_summary.csv

Mission Completed (Salamis)

Mission Completed (Salamis)

Mission Completed (Salamis)

Mission Completed (Salamis)

Mission Completed (Salamis)
Episode summary log written to examples/wildfire/data/scenarios/outputs/profile_12p_501353/solo_salamis/results_profile_12p_salamis_400_summary.csv

Mission Completed (Salamis)

Mission Completed (Salamis)

Mission Completed (Salamis)

Mission Completed (Salamis)

Mission Completed (Salamis)
Episode summary log written to examples/wildfire/data/scenarios/outputs/profile_12p_501353/solo_salamis/results_profile_12p_salamis_500_summary.csv

Mission Completed (Salamis)

Mission Completed (Salamis)

Mission Completed (Salamis)

Mission Completed (Salamis)
[profile-timings] rollout 2 summary:
  scenario                  step_n  step_mean  step_p95  reset_n  reset_mean  free_burn_mean  rss_mean_MB  rss_max_MB  wkr_max_MB
  Salamis_12p.json            1728     3.6111    4.5553      285     21.3528         20.3865       1647.7      1844.0      1721.4
-----------------------------------------
| time/                   |             |
|    fps                  | 0           |
|    iterations           | 2           |
|    time_elapsed         | 6262        |
|    total_timesteps      | 3456        |
| train/                  |             |
|    approx_kl            | 0.034842893 |
|    clip_fraction        | 0.272       |
|    clip_range           | 0.2         |
|    entropy_loss         | -36.8       |
|    explained_variance   | -48         |
|    learning_rate        | 0.000444    |
|    loss                 | -0.0616     |
|    n_updates            | 5           |
|    policy_gradient_loss | -0.0437     |
|    value_loss           | 0.0352      |
-----------------------------------------

Mission Completed (Salamis)

Mission Completed (Salamis)
Episode summary log written to examples/wildfire/data/scenarios/outputs/profile_12p_501353/solo_salamis/results_profile_12p_salamis_600_summary.csv

Mission Completed (Salamis)

Mission Completed (Salamis)

Mission Completed (Salamis)
Episode summary log written to examples/wildfire/data/scenarios/outputs/profile_12p_501353/solo_salamis/results_profile_12p_salamis_700_summary.csv

Mission Completed (Salamis)

Mission Completed (Salamis)
Episode summary log written to examples/wildfire/data/scenarios/outputs/profile_12p_501353/solo_salamis/results_profile_12p_salamis_800_summary.csv
[profile-timings] rollout 3 summary:
  scenario                  step_n  step_mean  step_p95  reset_n  reset_mean  free_burn_mean  rss_mean_MB  rss_max_MB  wkr_max_MB
  Salamis_12p.json            1728     3.5750    4.5534      282     21.3615         20.3958       1640.3      1797.2      1735.8
-----------------------------------------
| time/                   |             |
|    fps                  | 0           |
|    iterations           | 3           |
|    time_elapsed         | 9260        |
|    total_timesteps      | 5184        |
| train/                  |             |
|    approx_kl            | 0.037103042 |
|    clip_fraction        | 0.316       |
|    clip_range           | 0.2         |
|    entropy_loss         | -36.8       |
|    explained_variance   | -1.38       |
|    learning_rate        | 0.000384    |
|    loss                 | -0.0531     |
|    n_updates            | 10          |
|    policy_gradient_loss | -0.0436     |
|    value_loss           | 0.000103    |
-----------------------------------------
Episode summary log written to examples/wildfire/data/scenarios/outputs/profile_12p_501353/solo_salamis/results_profile_12p_salamis_900_summary.csv

Mission Completed (Salamis)

Mission Completed (Salamis)

Mission Completed (Salamis)

Mission Completed (Salamis)

Mission Completed (Salamis)
Per-step log written to examples/wildfire/data/scenarios/outputs/profile_12p_501353/solo_salamis/results_profile_12p_salamis_1000_steps.csv
Episode summary log written to examples/wildfire/data/scenarios/outputs/profile_12p_501353/solo_salamis/results_profile_12p_salamis_1000_summary.csv

Mission Completed (Salamis)
[profile-timings] rollout 4 summary:
  scenario                  step_n  step_mean  step_p95  reset_n  reset_mean  free_burn_mean  rss_mean_MB  rss_max_MB  wkr_max_MB
  Salamis_12p.json            1728     3.5936    4.5576      283     21.2671         20.3056       1626.0      1797.3      1797.3
-----------------------------------------
| time/                   |             |
|    fps                  | 0           |
|    iterations           | 4           |
|    time_elapsed         | 12573       |
|    total_timesteps      | 6912        |
| train/                  |             |
|    approx_kl            | 0.034998644 |
|    clip_fraction        | 0.311       |
|    clip_range           | 0.2         |
|    entropy_loss         | -36.7       |
|    explained_variance   | -0.195      |
|    learning_rate        | 0.000319    |
|    loss                 | -0.0792     |
|    n_updates            | 15          |
|    policy_gradient_loss | -0.0472     |
|    value_loss           | 3.41e-05    |
-----------------------------------------
Episode summary log written to examples/wildfire/data/scenarios/outputs/profile_12p_501353/solo_salamis/results_profile_12p_salamis_1100_summary.csv

Mission Completed (Salamis)

Mission Completed (Salamis)
Episode summary log written to examples/wildfire/data/scenarios/outputs/profile_12p_501353/solo_salamis/results_profile_12p_salamis_1200_summary.csv

Mission Completed (Salamis)

Mission Completed (Salamis)
Episode summary log written to examples/wildfire/data/scenarios/outputs/profile_12p_501353/solo_salamis/results_profile_12p_salamis_1300_summary.csv

Mission Completed (Salamis)

Mission Completed (Salamis)

Mission Completed (Salamis)
[profile-timings] rollout 5 summary:
  scenario                  step_n  step_mean  step_p95  reset_n  reset_mean  free_burn_mean  rss_mean_MB  rss_max_MB  wkr_max_MB
  Salamis_12p.json            1728     3.5783    4.5037      285     21.2816         20.3213       1633.2      1797.9      1661.4
----------------------------------------
| time/                   |            |
|    fps                  | 0          |
|    iterations           | 5          |
|    time_elapsed         | 15718      |
|    total_timesteps      | 8640       |
| train/                  |            |
|    approx_kl            | 0.03189377 |
|    clip_fraction        | 0.243      |
|    clip_range           | 0.2        |
|    entropy_loss         | -36.7      |
|    explained_variance   | 0.0557     |
|    learning_rate        | 0.000245   |
|    loss                 | -0.0439    |
|    n_updates            | 20         |
|    policy_gradient_loss | -0.0448    |
|    value_loss           | 2.8e-05    |
----------------------------------------

Mission Completed (Salamis)

Mission Completed (Salamis)

Mission Completed (Salamis)

Mission Completed (Salamis)
Episode summary log written to examples/wildfire/data/scenarios/outputs/profile_12p_501353/solo_salamis/results_profile_12p_salamis_1400_summary.csv

Mission Completed (Salamis)

Mission Completed (Salamis)

Mission Completed (Salamis)

Mission Completed (Salamis)

Mission Completed (Salamis)
Episode summary log written to examples/wildfire/data/scenarios/outputs/profile_12p_501353/solo_salamis/results_profile_12p_salamis_1500_summary.csv

Mission Completed (Salamis)

Mission Completed (Salamis)
Episode summary log written to examples/wildfire/data/scenarios/outputs/profile_12p_501353/solo_salamis/results_profile_12p_salamis_1600_summary.csv

Mission Completed (Salamis)

Mission Completed (Salamis)
[profile-timings] rollout 6 summary:
  scenario                  step_n  step_mean  step_p95  reset_n  reset_mean  free_burn_mean  rss_mean_MB  rss_max_MB  wkr_max_MB
  Salamis_12p.json            1728     3.5631    4.5435      284     21.2967         20.3312       1623.2      1782.7      1661.9
---------------------------------------
| time/                   |           |
|    fps                  | 0         |
|    iterations           | 6         |
|    time_elapsed         | 18964     |
|    total_timesteps      | 10368     |
| train/                  |           |
|    approx_kl            | 0.0203998 |
|    clip_fraction        | 0.156     |
|    clip_range           | 0.2       |
|    entropy_loss         | -36.7     |
|    explained_variance   | 0.181     |
|    learning_rate        | 0.000156  |
|    loss                 | -0.0615   |
|    n_updates            | 25        |
|    policy_gradient_loss | -0.041    |
|    value_loss           | 2.46e-05  |
---------------------------------------
Per-step log written to examples/wildfire/data/scenarios/outputs/profile_12p_501353/solo_salamis/results_profile_12p_salamis_1639_steps.csv
Training complete in 18965.30 seconds.
Episode training summary written to examples/wildfire/data/scenarios/outputs/profile_12p_501353/solo_salamis/training_episode_summaries.csv
Episode training summary written to examples/wildfire/data/scenarios/outputs/profile_12p_501353/solo_salamis/training_episode_summaries.xlsx
============================================================
>>> SWITCH-SCENARIO PROFILE (12-plane round-robin)
============================================================
--switch-ignition-1 enabled: ignition randomized each episode in a 100x100 cell box around the scenario's original ignition.
--switch-scenario enabled: ignoring --scenario and assigning Palisades_12p.json, Pyrenees_12p.json, Salamis_12p.json to workers in round-robin order using each scenario's fleet definition.
Worker scenario assignment (round-robin): Palisades_12p.json -> 4 workers, Pyrenees_12p.json -> 4 workers, Salamis_12p.json -> 4 workers
PPO rollout config: num_envs=12, n_steps=144, effective_batch=1728, minibatches=12, batch_size=144
Decision start delay: scenario response_time / 60 (computed per worker-assigned scenario).
  Palisades_12p.json: 60.0 minutes
  Pyrenees_12p.json: 30.0 minutes
  Salamis_12p.json: 90.0 minutes
Allowed tactic combinations: 17
Profiling: per-step/reset wall time and RSS enabled.
Diagnostic: gc.collect() and prior-sim drop at reset start enabled.
Vector env start method: fork
Using cpu device

Mission Completed (Salamis)

Mission Failed (Pyrenees)

Mission Failed (Pyrenees)

Mission Completed (Salamis)

Mission Completed (Palisades)
Episode summary log written to examples/wildfire/data/scenarios/outputs/profile_12p_501353/switch_all/results_profile_12p_switch_100_summary.csv

Mission Completed (Palisades)

Mission Completed (Salamis)

Mission Failed (Pyrenees)

Mission Completed (Palisades)
Episode summary log written to examples/wildfire/data/scenarios/outputs/profile_12p_501353/switch_all/results_profile_12p_switch_200_summary.csv

Mission Failed (Pyrenees)

Mission Completed (Salamis)

Mission Completed (Pyrenees)

Mission Failed (Pyrenees)
[profile-timings] rollout 1 summary:
  scenario                  step_n  step_mean  step_p95  reset_n  reset_mean  free_burn_mean  rss_mean_MB  rss_max_MB  wkr_max_MB
  Palisades_12p.json           576     1.6200    2.4808       80      2.5220          1.1362       1630.4      1771.0      1668.7
  Pyrenees_12p.json            576     2.3480    5.0239       92      2.8003          0.5314       1614.0      1672.3      1611.3
  Salamis_12p.json             576     3.5470    4.5288       92     21.3037         20.3343       1621.8      1790.7      1790.7
-----------------------------
| time/              |      |
|    fps             | 0    |
|    iterations      | 1    |
|    time_elapsed    | 2077 |
|    total_timesteps | 1728 |
-----------------------------

Mission Completed (Pyrenees)

Mission Failed (Pyrenees)

Mission Completed (Pyrenees)
Episode summary log written to examples/wildfire/data/scenarios/outputs/profile_12p_501353/switch_all/results_profile_12p_switch_300_summary.csv

Mission Failed (Pyrenees)

Mission Failed (Pyrenees)

Mission Completed (Palisades)

Mission Failed (Pyrenees)

Mission Completed (Palisades)

Mission Completed (Salamis)

Mission Failed (Pyrenees)
Episode summary log written to examples/wildfire/data/scenarios/outputs/profile_12p_501353/switch_all/results_profile_12p_switch_400_summary.csv

Mission Failed (Pyrenees)

Mission Failed (Pyrenees)

Mission Completed (Pyrenees)

Mission Completed (Pyrenees)

Mission Completed (Salamis)

Mission Completed (Pyrenees)

Mission Failed (Pyrenees)

Mission Failed (Pyrenees)

Mission Completed (Palisades)
Episode summary log written to examples/wildfire/data/scenarios/outputs/profile_12p_501353/switch_all/results_profile_12p_switch_500_summary.csv
[profile-timings] rollout 2 summary:
  scenario                  step_n  step_mean  step_p95  reset_n  reset_mean  free_burn_mean  rss_mean_MB  rss_max_MB  wkr_max_MB
  Palisades_12p.json           576     1.5727    2.3846       84      2.5049          1.1297       1621.1      1791.4      1669.4
  Pyrenees_12p.json            576     3.2016   10.1480       83      2.7948          0.5364       1610.4      1689.6      1687.6
  Salamis_12p.json             576     3.5224    4.4504       95     21.3362         20.3765       1626.2      1790.7      1681.6
----------------------------------------
| time/                   |            |
|    fps                  | 0          |
|    iterations           | 2          |
|    time_elapsed         | 4443       |
|    total_timesteps      | 3456       |
| train/                  |            |
|    approx_kl            | 0.03518705 |
|    clip_fraction        | 0.267      |
|    clip_range           | 0.2        |
|    entropy_loss         | -36.8      |
|    explained_variance   | -0.473     |
|    learning_rate        | 0.000415   |
|    loss                 | -0.0658    |
|    n_updates            | 5          |
|    policy_gradient_loss | -0.0465    |
|    value_loss           | 0.0472     |
----------------------------------------

Mission Failed (Pyrenees)

Mission Completed (Palisades)

Mission Completed (Palisades)

Mission Completed (Palisades)

Mission Completed (Pyrenees)

Mission Completed (Pyrenees)

Mission Completed (Salamis)

Mission Completed (Pyrenees)

Mission Completed (Palisades)

Mission Failed (Pyrenees)
Episode summary log written to examples/wildfire/data/scenarios/outputs/profile_12p_501353/switch_all/results_profile_12p_switch_600_summary.csv

Mission Completed (Salamis)

Mission Completed (Palisades)

Mission Failed (Pyrenees)

Mission Failed (Pyrenees)

Mission Failed (Pyrenees)

Mission Failed (Pyrenees)

Mission Completed (Pyrenees)

Mission Completed (Pyrenees)

Mission Completed (Pyrenees)
Episode summary log written to examples/wildfire/data/scenarios/outputs/profile_12p_501353/switch_all/results_profile_12p_switch_700_summary.csv

Mission Failed (Pyrenees)

Mission Failed (Pyrenees)

Mission Failed (Pyrenees)

Mission Completed (Palisades)

Mission Failed (Pyrenees)
[profile-timings] rollout 3 summary:
  scenario                  step_n  step_mean  step_p95  reset_n  reset_mean  free_burn_mean  rss_mean_MB  rss_max_MB  wkr_max_MB
  Palisades_12p.json           576     1.6357    2.4821       79      2.5177          1.1399       1618.4      1744.4      1729.1
  Pyrenees_12p.json            576     3.2355   10.9313       78      2.7927          0.5352       1616.6      1688.6      1686.6
  Salamis_12p.json             576     3.5724    4.5275       95     21.2855         20.3234       1620.2      1729.7      1681.6
----------------------------------------
| time/                   |            |
|    fps                  | 0          |
|    iterations           | 3          |
|    time_elapsed         | 6798       |
|    total_timesteps      | 5184       |
| train/                  |            |
|    approx_kl            | 0.03249901 |
|    clip_fraction        | 0.242      |
|    clip_range           | 0.2        |
|    entropy_loss         | -36.8      |
|    explained_variance   | 0.604      |
|    learning_rate        | 0.000319   |
|    loss                 | -0.0504    |
|    n_updates            | 10         |
|    policy_gradient_loss | -0.0442    |
|    value_loss           | 0.0203     |
----------------------------------------

Mission Completed (Salamis)

Mission Failed (Pyrenees)
Episode summary log written to examples/wildfire/data/scenarios/outputs/profile_12p_501353/switch_all/results_profile_12p_switch_800_summary.csv

Mission Completed (Salamis)

Mission Completed (Salamis)

Mission Completed (Salamis)

Mission Completed (Palisades)

Mission Failed (Pyrenees)

Mission Failed (Pyrenees)

Mission Completed (Pyrenees)
Episode summary log written to examples/wildfire/data/scenarios/outputs/profile_12p_501353/switch_all/results_profile_12p_switch_900_summary.csv

Mission Failed (Pyrenees)

Mission Failed (Pyrenees)

Mission Completed (Palisades)

Mission Completed (Salamis)

Mission Completed (Salamis)

Mission Completed (Pyrenees)

Mission Completed (Pyrenees)
[profile-timings] rollout 4 summary:
  scenario                  step_n  step_mean  step_p95  reset_n  reset_mean  free_burn_mean  rss_mean_MB  rss_max_MB  wkr_max_MB
  Palisades_12p.json           576     1.5625    2.3776       83      2.5006          1.1267       1613.4      1775.8      1714.9
  Pyrenees_12p.json            576     2.6609    6.6830       83      2.7926          0.5390       1633.8      1686.9      1686.9
  Salamis_12p.json             576     3.5580    4.4397       94     21.3774         20.4157       1606.8      1681.6      1681.6
-----------------------------------------
| time/                   |             |
|    fps                  | 0           |
|    iterations           | 4           |
|    time_elapsed         | 9078        |
|    total_timesteps      | 6912        |
| train/                  |             |
|    approx_kl            | 0.017356269 |
|    clip_fraction        | 0.151       |
|    clip_range           | 0.2         |
|    entropy_loss         | -36.7       |
|    explained_variance   | 0.745       |
|    learning_rate        | 0.000203    |
|    loss                 | -0.0511     |
|    n_updates            | 15          |
|    policy_gradient_loss | -0.038      |
|    value_loss           | 0.0255      |
-----------------------------------------
Per-step log written to examples/wildfire/data/scenarios/outputs/profile_12p_501353/switch_all/results_profile_12p_switch_999_steps.csv
Training complete in 9078.98 seconds.
Episode training summary written to examples/wildfire/data/scenarios/outputs/profile_12p_501353/switch_all/training_episode_summaries.csv
Episode training summary written to examples/wildfire/data/scenarios/outputs/profile_12p_501353/switch_all/training_episode_summaries.xlsx
============================================================
>>> DONE. Outputs under examples/wildfire/data/scenarios/outputs/profile_12p_501353
============================================================
total 32
drwxrwx---  6 ibrahimoguz ibrahimoguz  2048 May  8 09:51 .
drwxrwx--- 42 ibrahimoguz ibrahimoguz 49152 May  8 00:54 ..
drwxrwx---  2 ibrahimoguz ibrahimoguz  9216 May  8 01:53 solo_palisades
drwxrwx---  2 ibrahimoguz ibrahimoguz  9216 May  8 04:34 solo_pyrenees
drwxrwx---  2 ibrahimoguz ibrahimoguz 10240 May  8 09:51 solo_salamis
drwxrwx---  2 ibrahimoguz ibrahimoguz  6144 May  8 12:23 switch_all
