/home/ibrahimoguz/.conda/envs/rl-env/bin/python
Policies: switch_ignition_1m[ppo_model], random_tactics[random_tactic]
Running parallel evaluation with 24 worker process(es).

Mission Failed (Pyrenees)
[1/400] Evaluated random_tactics on Pyrenees_comparison.json run=2 seed=1099128568

Mission Failed (Pyrenees)
[2/400] Evaluated random_tactics on Pyrenees_comparison.json run=6 seed=309580410

Mission Failed (Pyrenees)
[3/400] Evaluated random_tactics on Pyrenees_comparison.json run=5 seed=74845286

Mission Failed (Pyrenees)
[4/400] Evaluated random_tactics on Pyrenees_comparison.json run=1 seed=1016164991

Mission Failed (Pyrenees)
[5/400] Evaluated random_tactics on Pyrenees_comparison.json run=4 seed=2041105244

Mission Failed (Pyrenees)
[6/400] Evaluated random_tactics on Pyrenees_comparison.json run=10 seed=669652943

Mission Failed (Pyrenees)
[7/400] Evaluated random_tactics on Pyrenees_comparison.json run=7 seed=1767258088

Mission Failed (Pyrenees)
[8/400] Evaluated random_tactics on Pyrenees_comparison.json run=8 seed=2037209174

Mission Failed (Pyrenees)
[9/400] Evaluated random_tactics on Pyrenees_comparison.json run=12 seed=909086626

Mission Failed (Pyrenees)
[10/400] Evaluated random_tactics on Pyrenees_comparison.json run=3 seed=1621709874

Mission Failed (Pyrenees)
[11/400] Evaluated random_tactics on Pyrenees_comparison.json run=9 seed=535214420

Mission Failed (Pyrenees)
[12/400] Evaluated switch_ignition_1m on Pyrenees_comparison.json run=9 seed=535214420

Mission Failed (Pyrenees)
[13/400] Evaluated switch_ignition_1m on Pyrenees_comparison.json run=11 seed=1866217507

Mission Failed (Pyrenees)
[14/400] Evaluated switch_ignition_1m on Pyrenees_comparison.json run=5 seed=74845286

Mission Failed (Pyrenees)
[15/400] Evaluated switch_ignition_1m on Pyrenees_comparison.json run=6 seed=309580410

Mission Failed (Pyrenees)
[16/400] Evaluated switch_ignition_1m on Pyrenees_comparison.json run=12 seed=909086626

Mission Failed (Pyrenees)
[17/400] Evaluated switch_ignition_1m on Pyrenees_comparison.json run=2 seed=1099128568

Mission Failed (Pyrenees)
[18/400] Evaluated random_tactics on Pyrenees_comparison.json run=11 seed=1866217507

Mission Failed (Pyrenees)
[19/400] Evaluated switch_ignition_1m on Pyrenees_comparison.json run=8 seed=2037209174

Mission Failed (Pyrenees)
[20/400] Evaluated switch_ignition_1m on Pyrenees_comparison.json run=7 seed=1767258088

Mission Failed (Pyrenees)
[21/400] Evaluated switch_ignition_1m on Pyrenees_comparison.json run=1 seed=1016164991

Mission Failed (Pyrenees)
[22/400] Evaluated switch_ignition_1m on Pyrenees_comparison.json run=4 seed=2041105244

Mission Failed (Pyrenees)
[23/400] Evaluated switch_ignition_1m on Pyrenees_comparison.json run=3 seed=1621709874

Mission Failed (Pyrenees)
[24/400] Evaluated switch_ignition_1m on Pyrenees_comparison.json run=10 seed=669652943

Mission Failed (Pyrenees)
[25/400] Evaluated random_tactics on Pyrenees_comparison.json run=14 seed=1777477784

Mission Failed (Pyrenees)
[26/400] Evaluated switch_ignition_1m on Pyrenees_comparison.json run=13 seed=586626705

Mission Failed (Pyrenees)
[27/400] Evaluated switch_ignition_1m on Pyrenees_comparison.json run=14 seed=1777477784

Mission Failed (Pyrenees)
[28/400] Evaluated switch_ignition_1m on Pyrenees_comparison.json run=16 seed=878748453

Mission Failed (Pyrenees)
[29/400] Evaluated switch_ignition_1m on Pyrenees_comparison.json run=15 seed=551886180

Mission Failed (Pyrenees)
[30/400] Evaluated switch_ignition_1m on Pyrenees_comparison.json run=17 seed=1382612244

Mission Failed (Pyrenees)
[31/400] Evaluated switch_ignition_1m on Pyrenees_comparison.json run=19 seed=184123696

Mission Failed (Pyrenees)
[32/400] Evaluated random_tactics on Pyrenees_comparison.json run=18 seed=1180243456

Mission Failed (Pyrenees)
[33/400] Evaluated switch_ignition_1m on Pyrenees_comparison.json run=18 seed=1180243456

Mission Failed (Pyrenees)
[34/400] Evaluated switch_ignition_1m on Pyrenees_comparison.json run=20 seed=59182744

Mission Failed (Pyrenees)
[35/400] Evaluated switch_ignition_1m on Pyrenees_comparison.json run=21 seed=1858836761

Mission Failed (Pyrenees)
[36/400] Evaluated switch_ignition_1m on Pyrenees_comparison.json run=22 seed=1618157078

Mission Failed (Pyrenees)
[37/400] Evaluated random_tactics on Pyrenees_comparison.json run=13 seed=586626705

Mission Failed (Pyrenees)
[38/400] Evaluated switch_ignition_1m on Pyrenees_comparison.json run=23 seed=1799343697

Mission Failed (Pyrenees)
[39/400] Evaluated random_tactics on Pyrenees_comparison.json run=22 seed=1618157078

Mission Failed (Pyrenees)

Mission Failed (Pyrenees)
[40/400] Evaluated random_tactics on Pyrenees_comparison.json run=19 seed=184123696
[41/400] Evaluated random_tactics on Pyrenees_comparison.json run=20 seed=59182744

Mission Failed (Pyrenees)
[42/400] Evaluated random_tactics on Pyrenees_comparison.json run=24 seed=1155653964

Mission Failed (Pyrenees)
[43/400] Evaluated switch_ignition_1m on Pyrenees_comparison.json run=24 seed=1155653964

Mission Failed (Pyrenees)
[44/400] Evaluated random_tactics on Pyrenees_comparison.json run=21 seed=1858836761

Mission Failed (Pyrenees)
[45/400] Evaluated random_tactics on Pyrenees_comparison.json run=17 seed=1382612244

Mission Failed (Pyrenees)
[46/400] Evaluated random_tactics on Pyrenees_comparison.json run=16 seed=878748453

Mission Failed (Pyrenees)
[47/400] Evaluated switch_ignition_1m on Pyrenees_comparison.json run=25 seed=1755663523

Mission Failed (Pyrenees)
[48/400] Evaluated switch_ignition_1m on Pyrenees_comparison.json run=26 seed=708093468

Mission Failed (Pyrenees)

Mission Failed (Pyrenees)
[49/400] Evaluated random_tactics on Pyrenees_comparison.json run=26 seed=708093468
[50/400] Evaluated switch_ignition_1m on Pyrenees_comparison.json run=27 seed=972122756

Mission Failed (Pyrenees)
[51/400] Evaluated random_tactics on Pyrenees_comparison.json run=23 seed=1799343697

Mission Failed (Pyrenees)
[52/400] Evaluated switch_ignition_1m on Pyrenees_comparison.json run=28 seed=1693137747

Mission Failed (Pyrenees)
[53/400] Evaluated switch_ignition_1m on Pyrenees_comparison.json run=29 seed=266112162

Mission Failed (Pyrenees)
[54/400] Evaluated switch_ignition_1m on Pyrenees_comparison.json run=30 seed=651105937

Mission Failed (Pyrenees)

Mission Failed (Pyrenees)

Mission Failed (Pyrenees)
[55/400] Evaluated random_tactics on Pyrenees_comparison.json run=27 seed=972122756
[56/400] Evaluated random_tactics on Pyrenees_comparison.json run=30 seed=651105937
[57/400] Evaluated random_tactics on Pyrenees_comparison.json run=15 seed=551886180

Mission Failed (Pyrenees)
[58/400] Evaluated switch_ignition_1m on Pyrenees_comparison.json run=31 seed=267191830

Mission Failed (Pyrenees)
[59/400] Evaluated random_tactics on Pyrenees_comparison.json run=28 seed=1693137747

Mission Failed (Pyrenees)
[60/400] Evaluated switch_ignition_1m on Pyrenees_comparison.json run=32 seed=973879301

Mission Failed (Pyrenees)
[61/400] Evaluated random_tactics on Pyrenees_comparison.json run=25 seed=1755663523

Mission Failed (Pyrenees)
[62/400] Evaluated random_tactics on Pyrenees_comparison.json run=29 seed=266112162

Mission Failed (Pyrenees)
[63/400] Evaluated switch_ignition_1m on Pyrenees_comparison.json run=33 seed=2097889540

Mission Failed (Pyrenees)
[64/400] Evaluated random_tactics on Pyrenees_comparison.json run=31 seed=267191830

Mission Failed (Pyrenees)

Mission Failed (Pyrenees)
[65/400] Evaluated switch_ignition_1m on Pyrenees_comparison.json run=34 seed=287852352
[66/400] Evaluated random_tactics on Pyrenees_comparison.json run=32 seed=973879301

Mission Failed (Pyrenees)
[67/400] Evaluated random_tactics on Pyrenees_comparison.json run=34 seed=287852352

Mission Failed (Pyrenees)
[68/400] Evaluated random_tactics on Pyrenees_comparison.json run=33 seed=2097889540

Mission Failed (Pyrenees)
[69/400] Evaluated switch_ignition_1m on Pyrenees_comparison.json run=35 seed=823155374

Mission Failed (Pyrenees)
[70/400] Evaluated switch_ignition_1m on Pyrenees_comparison.json run=36 seed=865678546

Mission Failed (Pyrenees)
[71/400] Evaluated switch_ignition_1m on Pyrenees_comparison.json run=37 seed=1941050025

Mission Failed (Pyrenees)
[72/400] Evaluated switch_ignition_1m on Pyrenees_comparison.json run=38 seed=436916801

Mission Failed (Pyrenees)
[73/400] Evaluated switch_ignition_1m on Pyrenees_comparison.json run=39 seed=1078591221

Mission Failed (Pyrenees)
[74/400] Evaluated random_tactics on Pyrenees_comparison.json run=38 seed=436916801

Mission Failed (Pyrenees)
[75/400] Evaluated random_tactics on Pyrenees_comparison.json run=35 seed=823155374

Mission Failed (Pyrenees)
[76/400] Evaluated switch_ignition_1m on Pyrenees_comparison.json run=42 seed=1611395863

Mission Failed (Pyrenees)
[77/400] Evaluated switch_ignition_1m on Pyrenees_comparison.json run=40 seed=563313608

Mission Failed (Pyrenees)
[78/400] Evaluated switch_ignition_1m on Pyrenees_comparison.json run=43 seed=133188514

Mission Failed (Pyrenees)
[79/400] Evaluated switch_ignition_1m on Pyrenees_comparison.json run=45 seed=1069973050

Mission Failed (Pyrenees)
[80/400] Evaluated switch_ignition_1m on Pyrenees_comparison.json run=44 seed=602173222

Mission Failed (Pyrenees)
[81/400] Evaluated switch_ignition_1m on Pyrenees_comparison.json run=41 seed=42568569

Mission Failed (Pyrenees)
[82/400] Evaluated random_tactics on Pyrenees_comparison.json run=45 seed=1069973050

Mission Failed (Pyrenees)
[83/400] Evaluated switch_ignition_1m on Pyrenees_comparison.json run=46 seed=1041939683

Mission Failed (Pyrenees)
[84/400] Evaluated random_tactics on Pyrenees_comparison.json run=46 seed=1041939683

Mission Failed (Pyrenees)
[85/400] Evaluated switch_ignition_1m on Pyrenees_comparison.json run=47 seed=251122470

Mission Failed (Pyrenees)
[86/400] Evaluated random_tactics on Pyrenees_comparison.json run=42 seed=1611395863

Mission Failed (Pyrenees)
[87/400] Evaluated random_tactics on Pyrenees_comparison.json run=39 seed=1078591221

Mission Failed (Pyrenees)
[88/400] Evaluated random_tactics on Pyrenees_comparison.json run=47 seed=251122470

Mission Failed (Pyrenees)
[89/400] Evaluated switch_ignition_1m on Pyrenees_comparison.json run=48 seed=2106117098

Mission Failed (Pyrenees)
[90/400] Evaluated random_tactics on Pyrenees_comparison.json run=37 seed=1941050025

Mission Failed (Pyrenees)
[91/400] Evaluated switch_ignition_1m on Pyrenees_comparison.json run=49 seed=1608686207

Mission Failed (Pyrenees)
[92/400] Evaluated random_tactics on Pyrenees_comparison.json run=36 seed=865678546

Mission Failed (Pyrenees)
[93/400] Evaluated random_tactics on Pyrenees_comparison.json run=41 seed=42568569

Mission Failed (Pyrenees)
[94/400] Evaluated random_tactics on Pyrenees_comparison.json run=43 seed=133188514

Mission Failed (Pyrenees)
[95/400] Evaluated switch_ignition_1m on Pyrenees_comparison.json run=50 seed=2065143097

Mission Failed (Pyrenees)
[96/400] Evaluated random_tactics on Pyrenees_comparison.json run=44 seed=602173222

Mission Failed (Pyrenees)
[97/400] Evaluated switch_ignition_1m on Pyrenees_comparison.json run=51 seed=197792238

Mission Failed (Pyrenees)
[98/400] Evaluated switch_ignition_1m on Pyrenees_comparison.json run=52 seed=1556474545

Mission Failed (Pyrenees)
[99/400] Evaluated random_tactics on Pyrenees_comparison.json run=49 seed=1608686207

Mission Failed (Pyrenees)
[100/400] Evaluated random_tactics on Pyrenees_comparison.json run=40 seed=563313608

Mission Failed (Pyrenees)
[101/400] Evaluated random_tactics on Pyrenees_comparison.json run=51 seed=197792238

Mission Failed (Pyrenees)
[102/400] Evaluated random_tactics on Pyrenees_comparison.json run=50 seed=2065143097

Mission Failed (Pyrenees)
[103/400] Evaluated switch_ignition_1m on Pyrenees_comparison.json run=53 seed=629526660

Mission Failed (Pyrenees)
[104/400] Evaluated random_tactics on Pyrenees_comparison.json run=53 seed=629526660

Mission Failed (Pyrenees)
[105/400] Evaluated switch_ignition_1m on Pyrenees_comparison.json run=54 seed=1162275821

Mission Failed (Pyrenees)
[106/400] Evaluated switch_ignition_1m on Pyrenees_comparison.json run=55 seed=1986274267

Mission Failed (Pyrenees)
[107/400] Evaluated switch_ignition_1m on Pyrenees_comparison.json run=56 seed=594619332

Mission Failed (Pyrenees)
[108/400] Evaluated switch_ignition_1m on Pyrenees_comparison.json run=57 seed=1558804747

Mission Failed (Pyrenees)
[109/400] Evaluated switch_ignition_1m on Pyrenees_comparison.json run=58 seed=344997561

Mission Failed (Pyrenees)
[110/400] Evaluated random_tactics on Pyrenees_comparison.json run=48 seed=2106117098

Mission Failed (Pyrenees)
[111/400] Evaluated random_tactics on Pyrenees_comparison.json run=55 seed=1986274267

Mission Failed (Pyrenees)
[112/400] Evaluated switch_ignition_1m on Pyrenees_comparison.json run=60 seed=2082898963

Mission Failed (Pyrenees)
[113/400] Evaluated switch_ignition_1m on Pyrenees_comparison.json run=59 seed=692725760

Mission Failed (Pyrenees)
[114/400] Evaluated random_tactics on Pyrenees_comparison.json run=54 seed=1162275821

Mission Failed (Pyrenees)
[115/400] Evaluated random_tactics on Pyrenees_comparison.json run=57 seed=1558804747

Mission Failed (Pyrenees)
[116/400] Evaluated random_tactics on Pyrenees_comparison.json run=59 seed=692725760

Mission Failed (Pyrenees)
[117/400] Evaluated switch_ignition_1m on Pyrenees_comparison.json run=61 seed=904342678

Mission Failed (Pyrenees)
[118/400] Evaluated random_tactics on Pyrenees_comparison.json run=63 seed=629145195

Mission Failed (Pyrenees)
[119/400] Evaluated switch_ignition_1m on Pyrenees_comparison.json run=62 seed=1108248847

Mission Failed (Pyrenees)
[120/400] Evaluated switch_ignition_1m on Pyrenees_comparison.json run=63 seed=629145195

Mission Failed (Pyrenees)
[121/400] Evaluated switch_ignition_1m on Pyrenees_comparison.json run=64 seed=248819507

Mission Failed (Pyrenees)
[122/400] Evaluated random_tactics on Pyrenees_comparison.json run=56 seed=594619332

Mission Failed (Pyrenees)
[123/400] Evaluated random_tactics on Pyrenees_comparison.json run=58 seed=344997561

Mission Failed (Pyrenees)
[124/400] Evaluated random_tactics on Pyrenees_comparison.json run=61 seed=904342678

Mission Failed (Pyrenees)
[125/400] Evaluated switch_ignition_1m on Pyrenees_comparison.json run=65 seed=911820705

Mission Failed (Pyrenees)
[126/400] Evaluated random_tactics on Pyrenees_comparison.json run=60 seed=2082898963

Mission Failed (Pyrenees)
[127/400] Evaluated random_tactics on Pyrenees_comparison.json run=52 seed=1556474545

Mission Failed (Pyrenees)
[128/400] Evaluated random_tactics on Pyrenees_comparison.json run=65 seed=911820705

Mission Failed (Pyrenees)
[129/400] Evaluated switch_ignition_1m on Pyrenees_comparison.json run=66 seed=1338934053

Mission Failed (Pyrenees)

Mission Failed (Pyrenees)
[130/400] Evaluated random_tactics on Pyrenees_comparison.json run=66 seed=1338934053
[131/400] Evaluated random_tactics on Pyrenees_comparison.json run=62 seed=1108248847

Mission Failed (Pyrenees)
[132/400] Evaluated switch_ignition_1m on Pyrenees_comparison.json run=68 seed=1667914286

Mission Failed (Pyrenees)
[133/400] Evaluated switch_ignition_1m on Pyrenees_comparison.json run=67 seed=978390736

Mission Failed (Pyrenees)
[134/400] Evaluated switch_ignition_1m on Pyrenees_comparison.json run=69 seed=779217002

Mission Failed (Pyrenees)
[135/400] Evaluated switch_ignition_1m on Pyrenees_comparison.json run=70 seed=1316414564

Mission Failed (Pyrenees)
[136/400] Evaluated switch_ignition_1m on Pyrenees_comparison.json run=71 seed=1659553368

Mission Failed (Pyrenees)
[137/400] Evaluated random_tactics on Pyrenees_comparison.json run=64 seed=248819507

Mission Failed (Pyrenees)
[138/400] Evaluated switch_ignition_1m on Pyrenees_comparison.json run=72 seed=1969881820

Mission Failed (Pyrenees)
[139/400] Evaluated random_tactics on Pyrenees_comparison.json run=70 seed=1316414564

Mission Failed (Pyrenees)
[140/400] Evaluated random_tactics on Pyrenees_comparison.json run=69 seed=779217002

Mission Failed (Pyrenees)
[141/400] Evaluated random_tactics on Pyrenees_comparison.json run=72 seed=1969881820

Mission Failed (Pyrenees)
[142/400] Evaluated switch_ignition_1m on Pyrenees_comparison.json run=73 seed=917647715

Mission Failed (Pyrenees)
[143/400] Evaluated random_tactics on Pyrenees_comparison.json run=68 seed=1667914286

Mission Failed (Pyrenees)
[144/400] Evaluated switch_ignition_1m on Pyrenees_comparison.json run=74 seed=85025054

Mission Failed (Pyrenees)
[145/400] Evaluated switch_ignition_1m on Pyrenees_comparison.json run=75 seed=1543026409

Mission Failed (Pyrenees)
[146/400] Evaluated random_tactics on Pyrenees_comparison.json run=74 seed=85025054

Mission Failed (Pyrenees)
[147/400] Evaluated random_tactics on Pyrenees_comparison.json run=75 seed=1543026409

Mission Failed (Pyrenees)
[148/400] Evaluated random_tactics on Pyrenees_comparison.json run=71 seed=1659553368

Mission Failed (Pyrenees)

Mission Failed (Pyrenees)
[149/400] Evaluated switch_ignition_1m on Pyrenees_comparison.json run=77 seed=1872810736
[150/400] Evaluated switch_ignition_1m on Pyrenees_comparison.json run=76 seed=1135136798

Mission Failed (Pyrenees)
[151/400] Evaluated random_tactics on Pyrenees_comparison.json run=76 seed=1135136798

Mission Failed (Pyrenees)
[152/400] Evaluated switch_ignition_1m on Pyrenees_comparison.json run=78 seed=986416296

Mission Failed (Pyrenees)
[153/400] Evaluated random_tactics on Pyrenees_comparison.json run=77 seed=1872810736

Mission Failed (Pyrenees)
[154/400] Evaluated random_tactics on Pyrenees_comparison.json run=67 seed=978390736

Mission Failed (Pyrenees)
[155/400] Evaluated switch_ignition_1m on Pyrenees_comparison.json run=79 seed=790444289

Mission Failed (Pyrenees)
[156/400] Evaluated random_tactics on Pyrenees_comparison.json run=73 seed=917647715

Mission Failed (Pyrenees)
[157/400] Evaluated switch_ignition_1m on Pyrenees_comparison.json run=80 seed=133894701

Mission Failed (Pyrenees)
[158/400] Evaluated switch_ignition_1m on Pyrenees_comparison.json run=81 seed=981769744

Mission Failed (Pyrenees)
[159/400] Evaluated random_tactics on Pyrenees_comparison.json run=80 seed=133894701

Mission Failed (Pyrenees)

Mission Failed (Pyrenees)
[160/400] Evaluated switch_ignition_1m on Pyrenees_comparison.json run=83 seed=1653715900
[161/400] Evaluated switch_ignition_1m on Pyrenees_comparison.json run=82 seed=1377241755

Mission Failed (Pyrenees)
[162/400] Evaluated random_tactics on Pyrenees_comparison.json run=79 seed=790444289

Mission Failed (Pyrenees)
[163/400] Evaluated switch_ignition_1m on Pyrenees_comparison.json run=84 seed=1831015077

Mission Failed (Pyrenees)
[164/400] Evaluated random_tactics on Pyrenees_comparison.json run=78 seed=986416296

Mission Failed (Pyrenees)
[165/400] Evaluated random_tactics on Pyrenees_comparison.json run=83 seed=1653715900

Mission Failed (Pyrenees)
[166/400] Evaluated switch_ignition_1m on Pyrenees_comparison.json run=85 seed=461373844

Mission Failed (Pyrenees)
[167/400] Evaluated random_tactics on Pyrenees_comparison.json run=81 seed=981769744

Mission Failed (Pyrenees)
[168/400] Evaluated switch_ignition_1m on Pyrenees_comparison.json run=86 seed=1273331139

Mission Failed (Pyrenees)
[169/400] Evaluated random_tactics on Pyrenees_comparison.json run=82 seed=1377241755

Mission Failed (Pyrenees)
[170/400] Evaluated switch_ignition_1m on Pyrenees_comparison.json run=87 seed=1727528594

Mission Failed (Pyrenees)
[171/400] Evaluated switch_ignition_1m on Pyrenees_comparison.json run=88 seed=558555015

Mission Failed (Pyrenees)
[172/400] Evaluated random_tactics on Pyrenees_comparison.json run=84 seed=1831015077

Mission Failed (Pyrenees)
[173/400] Evaluated random_tactics on Pyrenees_comparison.json run=86 seed=1273331139

Mission Failed (Pyrenees)
[174/400] Evaluated random_tactics on Pyrenees_comparison.json run=87 seed=1727528594

Mission Failed (Pyrenees)
[175/400] Evaluated switch_ignition_1m on Pyrenees_comparison.json run=89 seed=740102319

Mission Failed (Pyrenees)
[176/400] Evaluated random_tactics on Pyrenees_comparison.json run=85 seed=461373844

Mission Failed (Pyrenees)
[177/400] Evaluated switch_ignition_1m on Pyrenees_comparison.json run=90 seed=1803631831

Mission Failed (Pyrenees)
[178/400] Evaluated switch_ignition_1m on Pyrenees_comparison.json run=91 seed=1248920237

Mission Failed (Pyrenees)
[179/400] Evaluated random_tactics on Pyrenees_comparison.json run=90 seed=1803631831

Mission Failed (Pyrenees)
[180/400] Evaluated switch_ignition_1m on Pyrenees_comparison.json run=92 seed=1094134073

Mission Failed (Pyrenees)
[181/400] Evaluated random_tactics on Pyrenees_comparison.json run=88 seed=558555015

Mission Failed (Pyrenees)
[182/400] Evaluated switch_ignition_1m on Pyrenees_comparison.json run=93 seed=1446720799

Mission Failed (Pyrenees)
[183/400] Evaluated random_tactics on Pyrenees_comparison.json run=89 seed=740102319

Mission Failed (Pyrenees)
[184/400] Evaluated switch_ignition_1m on Pyrenees_comparison.json run=94 seed=1097125524

Mission Failed (Pyrenees)
[185/400] Evaluated random_tactics on Pyrenees_comparison.json run=93 seed=1446720799

Mission Failed (Pyrenees)
[186/400] Evaluated random_tactics on Pyrenees_comparison.json run=91 seed=1248920237

Mission Failed (Pyrenees)
[187/400] Evaluated switch_ignition_1m on Pyrenees_comparison.json run=95 seed=2106555450

Mission Failed (Pyrenees)
[188/400] Evaluated random_tactics on Pyrenees_comparison.json run=92 seed=1094134073

Mission Failed (Pyrenees)
[189/400] Evaluated switch_ignition_1m on Pyrenees_comparison.json run=96 seed=1617120056

Mission Failed (Pyrenees)
[190/400] Evaluated switch_ignition_1m on Pyrenees_comparison.json run=97 seed=116244472

Mission Failed (Pyrenees)
[191/400] Evaluated random_tactics on Pyrenees_comparison.json run=95 seed=2106555450

Mission Failed (Pyrenees)
[192/400] Evaluated random_tactics on Pyrenees_comparison.json run=96 seed=1617120056

Mission Failed (Pyrenees)
[193/400] Evaluated switch_ignition_1m on Pyrenees_comparison.json run=99 seed=1170534941

Mission Failed (Pyrenees)
[194/400] Evaluated switch_ignition_1m on Pyrenees_comparison.json run=98 seed=317660152

Mission Failed (Pyrenees)
[195/400] Evaluated random_tactics on Pyrenees_comparison.json run=94 seed=1097125524

Mission Failed (Pyrenees)
[196/400] Evaluated switch_ignition_1m on Pyrenees_comparison.json run=100 seed=1760134975

Mission Failed (Pyrenees)
[197/400] Evaluated switch_ignition_1m on Pyrenees_comparison.json run=101 seed=148210009

Mission Failed (Pyrenees)

Mission Failed (Pyrenees)
[198/400] Evaluated random_tactics on Pyrenees_comparison.json run=97 seed=116244472
[199/400] Evaluated switch_ignition_1m on Pyrenees_comparison.json run=102 seed=1467347456

Mission Failed (Pyrenees)
[200/400] Evaluated switch_ignition_1m on Pyrenees_comparison.json run=103 seed=1631001374

Mission Failed (Pyrenees)
[201/400] Evaluated random_tactics on Pyrenees_comparison.json run=99 seed=1170534941

Mission Failed (Pyrenees)
[202/400] Evaluated switch_ignition_1m on Pyrenees_comparison.json run=105 seed=1875496127

Mission Failed (Pyrenees)
[203/400] Evaluated random_tactics on Pyrenees_comparison.json run=102 seed=1467347456

Mission Failed (Pyrenees)
[204/400] Evaluated random_tactics on Pyrenees_comparison.json run=100 seed=1760134975

Mission Failed (Pyrenees)
[205/400] Evaluated switch_ignition_1m on Pyrenees_comparison.json run=104 seed=1690277810

Mission Failed (Pyrenees)
[206/400] Evaluated random_tactics on Pyrenees_comparison.json run=98 seed=317660152

Mission Failed (Pyrenees)
[207/400] Evaluated switch_ignition_1m on Pyrenees_comparison.json run=106 seed=411492782

Mission Failed (Pyrenees)
[208/400] Evaluated random_tactics on Pyrenees_comparison.json run=103 seed=1631001374

Mission Failed (Pyrenees)
[209/400] Evaluated switch_ignition_1m on Pyrenees_comparison.json run=107 seed=1192456270

Mission Failed (Pyrenees)
[210/400] Evaluated random_tactics on Pyrenees_comparison.json run=101 seed=148210009

Mission Failed (Pyrenees)
[211/400] Evaluated switch_ignition_1m on Pyrenees_comparison.json run=109 seed=768793750

Mission Failed (Pyrenees)
[212/400] Evaluated random_tactics on Pyrenees_comparison.json run=104 seed=1690277810

Mission Failed (Pyrenees)
[213/400] Evaluated switch_ignition_1m on Pyrenees_comparison.json run=108 seed=1723063914

Mission Failed (Pyrenees)
[214/400] Evaluated random_tactics on Pyrenees_comparison.json run=105 seed=1875496127

Mission Failed (Pyrenees)
[215/400] Evaluated random_tactics on Pyrenees_comparison.json run=108 seed=1723063914

Mission Failed (Pyrenees)

Mission Failed (Pyrenees)
[216/400] Evaluated random_tactics on Pyrenees_comparison.json run=109 seed=768793750
[217/400] Evaluated switch_ignition_1m on Pyrenees_comparison.json run=110 seed=410865002

Mission Failed (Pyrenees)
[218/400] Evaluated switch_ignition_1m on Pyrenees_comparison.json run=112 seed=175132911

Mission Failed (Pyrenees)
[219/400] Evaluated switch_ignition_1m on Pyrenees_comparison.json run=111 seed=1029694513

Mission Failed (Pyrenees)
[220/400] Evaluated switch_ignition_1m on Pyrenees_comparison.json run=113 seed=472445100

Mission Failed (Pyrenees)
[221/400] Evaluated switch_ignition_1m on Pyrenees_comparison.json run=114 seed=1836585941

Mission Failed (Pyrenees)
[222/400] Evaluated switch_ignition_1m on Pyrenees_comparison.json run=115 seed=1433718042

Mission Failed (Pyrenees)
[223/400] Evaluated random_tactics on Pyrenees_comparison.json run=106 seed=411492782

Mission Failed (Pyrenees)
[224/400] Evaluated switch_ignition_1m on Pyrenees_comparison.json run=116 seed=1849592223

Mission Failed (Pyrenees)
[225/400] Evaluated random_tactics on Pyrenees_comparison.json run=107 seed=1192456270

Mission Failed (Pyrenees)
[226/400] Evaluated random_tactics on Pyrenees_comparison.json run=115 seed=1433718042

Mission Failed (Pyrenees)
[227/400] Evaluated random_tactics on Pyrenees_comparison.json run=110 seed=410865002

Mission Failed (Pyrenees)
[228/400] Evaluated random_tactics on Pyrenees_comparison.json run=112 seed=175132911

Mission Failed (Pyrenees)
[229/400] Evaluated switch_ignition_1m on Pyrenees_comparison.json run=117 seed=1803912902

Mission Failed (Pyrenees)
[230/400] Evaluated random_tactics on Pyrenees_comparison.json run=111 seed=1029694513

Mission Failed (Pyrenees)
[231/400] Evaluated switch_ignition_1m on Pyrenees_comparison.json run=118 seed=1882349080

Mission Failed (Pyrenees)
[232/400] Evaluated random_tactics on Pyrenees_comparison.json run=116 seed=1849592223

Mission Failed (Pyrenees)
[233/400] Evaluated random_tactics on Pyrenees_comparison.json run=114 seed=1836585941

Mission Failed (Pyrenees)
[234/400] Evaluated random_tactics on Pyrenees_comparison.json run=113 seed=472445100

Mission Failed (Pyrenees)
[235/400] Evaluated switch_ignition_1m on Pyrenees_comparison.json run=119 seed=666884549

Mission Failed (Pyrenees)
[236/400] Evaluated switch_ignition_1m on Pyrenees_comparison.json run=120 seed=1013418405

Mission Failed (Pyrenees)
[237/400] Evaluated random_tactics on Pyrenees_comparison.json run=119 seed=666884549

Mission Failed (Pyrenees)
[238/400] Evaluated switch_ignition_1m on Pyrenees_comparison.json run=121 seed=1325896902

Mission Failed (Pyrenees)
[239/400] Evaluated random_tactics on Pyrenees_comparison.json run=120 seed=1013418405

Mission Failed (Pyrenees)
[240/400] Evaluated random_tactics on Pyrenees_comparison.json run=117 seed=1803912902

Mission Failed (Pyrenees)
[241/400] Evaluated switch_ignition_1m on Pyrenees_comparison.json run=122 seed=588514432

Mission Failed (Pyrenees)
[242/400] Evaluated switch_ignition_1m on Pyrenees_comparison.json run=123 seed=1974475030

Mission Failed (Pyrenees)
[243/400] Evaluated random_tactics on Pyrenees_comparison.json run=121 seed=1325896902

Mission Failed (Pyrenees)
[244/400] Evaluated switch_ignition_1m on Pyrenees_comparison.json run=124 seed=15229585

Mission Failed (Pyrenees)
[245/400] Evaluated random_tactics on Pyrenees_comparison.json run=118 seed=1882349080

Mission Failed (Pyrenees)
[246/400] Evaluated switch_ignition_1m on Pyrenees_comparison.json run=126 seed=1386675063

Mission Failed (Pyrenees)
[247/400] Evaluated random_tactics on Pyrenees_comparison.json run=126 seed=1386675063

Mission Failed (Pyrenees)
[248/400] Evaluated switch_ignition_1m on Pyrenees_comparison.json run=125 seed=1800089671

Mission Failed (Pyrenees)
[249/400] Evaluated random_tactics on Pyrenees_comparison.json run=124 seed=15229585

Mission Failed (Pyrenees)
[250/400] Evaluated random_tactics on Pyrenees_comparison.json run=123 seed=1974475030

Mission Failed (Pyrenees)
[251/400] Evaluated switch_ignition_1m on Pyrenees_comparison.json run=127 seed=544083117

Mission Failed (Pyrenees)
[252/400] Evaluated switch_ignition_1m on Pyrenees_comparison.json run=128 seed=1545993628

Mission Failed (Pyrenees)
[253/400] Evaluated switch_ignition_1m on Pyrenees_comparison.json run=129 seed=886956485

Mission Failed (Pyrenees)
[254/400] Evaluated random_tactics on Pyrenees_comparison.json run=129 seed=886956485

Mission Failed (Pyrenees)
[255/400] Evaluated switch_ignition_1m on Pyrenees_comparison.json run=130 seed=1794371228

Mission Failed (Pyrenees)
[256/400] Evaluated switch_ignition_1m on Pyrenees_comparison.json run=131 seed=2143709453

Mission Failed (Pyrenees)

Mission Failed (Pyrenees)
[257/400] Evaluated random_tactics on Pyrenees_comparison.json run=128 seed=1545993628
[258/400] Evaluated random_tactics on Pyrenees_comparison.json run=131 seed=2143709453

Mission Failed (Pyrenees)
[259/400] Evaluated random_tactics on Pyrenees_comparison.json run=125 seed=1800089671

Mission Failed (Pyrenees)
[260/400] Evaluated random_tactics on Pyrenees_comparison.json run=122 seed=588514432

Mission Failed (Pyrenees)
[261/400] Evaluated switch_ignition_1m on Pyrenees_comparison.json run=132 seed=605328024

Mission Failed (Pyrenees)
[262/400] Evaluated random_tactics on Pyrenees_comparison.json run=127 seed=544083117

Mission Failed (Pyrenees)
[263/400] Evaluated switch_ignition_1m on Pyrenees_comparison.json run=133 seed=1009388424

Mission Failed (Pyrenees)
[264/400] Evaluated switch_ignition_1m on Pyrenees_comparison.json run=134 seed=462177494

Mission Failed (Pyrenees)
[265/400] Evaluated random_tactics on Pyrenees_comparison.json run=132 seed=605328024

Mission Failed (Pyrenees)
[266/400] Evaluated switch_ignition_1m on Pyrenees_comparison.json run=135 seed=1487220832

Mission Failed (Pyrenees)
[267/400] Evaluated random_tactics on Pyrenees_comparison.json run=130 seed=1794371228

Mission Failed (Pyrenees)
[268/400] Evaluated switch_ignition_1m on Pyrenees_comparison.json run=137 seed=1813665612

Mission Failed (Pyrenees)
[269/400] Evaluated random_tactics on Pyrenees_comparison.json run=134 seed=462177494

Mission Failed (Pyrenees)
[270/400] Evaluated switch_ignition_1m on Pyrenees_comparison.json run=136 seed=1372953683

Mission Failed (Pyrenees)
[271/400] Evaluated switch_ignition_1m on Pyrenees_comparison.json run=138 seed=1728842088

Mission Failed (Pyrenees)
[272/400] Evaluated random_tactics on Pyrenees_comparison.json run=135 seed=1487220832

Mission Failed (Pyrenees)
[273/400] Evaluated random_tactics on Pyrenees_comparison.json run=137 seed=1813665612

Mission Failed (Pyrenees)
[274/400] Evaluated switch_ignition_1m on Pyrenees_comparison.json run=139 seed=2097930220

Mission Failed (Pyrenees)
[275/400] Evaluated random_tactics on Pyrenees_comparison.json run=136 seed=1372953683

Mission Failed (Pyrenees)
[276/400] Evaluated switch_ignition_1m on Pyrenees_comparison.json run=141 seed=1921790505

Mission Failed (Pyrenees)
[277/400] Evaluated switch_ignition_1m on Pyrenees_comparison.json run=142 seed=323249611

Mission Failed (Pyrenees)
[278/400] Evaluated switch_ignition_1m on Pyrenees_comparison.json run=143 seed=90638391

Mission Failed (Pyrenees)
[279/400] Evaluated switch_ignition_1m on Pyrenees_comparison.json run=140 seed=2069467440

Mission Failed (Pyrenees)
[280/400] Evaluated switch_ignition_1m on Pyrenees_comparison.json run=144 seed=1035543218

Mission Failed (Pyrenees)
[281/400] Evaluated random_tactics on Pyrenees_comparison.json run=133 seed=1009388424

Mission Failed (Pyrenees)
[282/400] Evaluated random_tactics on Pyrenees_comparison.json run=142 seed=323249611

Mission Failed (Pyrenees)
[283/400] Evaluated random_tactics on Pyrenees_comparison.json run=139 seed=2097930220

Mission Failed (Pyrenees)
[284/400] Evaluated random_tactics on Pyrenees_comparison.json run=138 seed=1728842088

Mission Failed (Pyrenees)
[285/400] Evaluated switch_ignition_1m on Pyrenees_comparison.json run=145 seed=740899031

Mission Failed (Pyrenees)

Mission Failed (Pyrenees)
[286/400] Evaluated switch_ignition_1m on Pyrenees_comparison.json run=146 seed=1921387682
[287/400] Evaluated random_tactics on Pyrenees_comparison.json run=143 seed=90638391

Mission Failed (Pyrenees)
[288/400] Evaluated random_tactics on Pyrenees_comparison.json run=144 seed=1035543218

Mission Failed (Pyrenees)
[289/400] Evaluated switch_ignition_1m on Pyrenees_comparison.json run=147 seed=1711391460

Mission Failed (Pyrenees)
[290/400] Evaluated random_tactics on Pyrenees_comparison.json run=140 seed=2069467440

Mission Failed (Pyrenees)
[291/400] Evaluated random_tactics on Pyrenees_comparison.json run=146 seed=1921387682

Mission Failed (Pyrenees)
[292/400] Evaluated switch_ignition_1m on Pyrenees_comparison.json run=148 seed=907777644

Mission Failed (Pyrenees)
[293/400] Evaluated switch_ignition_1m on Pyrenees_comparison.json run=149 seed=1235980316

Mission Failed (Pyrenees)
[294/400] Evaluated switch_ignition_1m on Pyrenees_comparison.json run=150 seed=1265946037

Mission Failed (Pyrenees)
[295/400] Evaluated random_tactics on Pyrenees_comparison.json run=141 seed=1921790505

Mission Failed (Pyrenees)
[296/400] Evaluated random_tactics on Pyrenees_comparison.json run=145 seed=740899031

Mission Failed (Pyrenees)
[297/400] Evaluated random_tactics on Pyrenees_comparison.json run=148 seed=907777644

Mission Failed (Pyrenees)

Mission Failed (Pyrenees)
[298/400] Evaluated switch_ignition_1m on Pyrenees_comparison.json run=151 seed=1913147181
[299/400] Evaluated random_tactics on Pyrenees_comparison.json run=147 seed=1711391460

Mission Failed (Pyrenees)
[300/400] Evaluated switch_ignition_1m on Pyrenees_comparison.json run=152 seed=52593328

Mission Failed (Pyrenees)
[301/400] Evaluated random_tactics on Pyrenees_comparison.json run=150 seed=1265946037

Mission Failed (Pyrenees)
[302/400] Evaluated random_tactics on Pyrenees_comparison.json run=153 seed=1051673196

Mission Failed (Pyrenees)
[303/400] Evaluated random_tactics on Pyrenees_comparison.json run=149 seed=1235980316

Mission Failed (Pyrenees)
[304/400] Evaluated switch_ignition_1m on Pyrenees_comparison.json run=153 seed=1051673196

Mission Failed (Pyrenees)
[305/400] Evaluated switch_ignition_1m on Pyrenees_comparison.json run=155 seed=972920472

Mission Failed (Pyrenees)
[306/400] Evaluated switch_ignition_1m on Pyrenees_comparison.json run=154 seed=1446244094

Mission Failed (Pyrenees)
[307/400] Evaluated random_tactics on Pyrenees_comparison.json run=151 seed=1913147181

Mission Failed (Pyrenees)
[308/400] Evaluated switch_ignition_1m on Pyrenees_comparison.json run=156 seed=1973727780

Mission Failed (Pyrenees)
[309/400] Evaluated random_tactics on Pyrenees_comparison.json run=155 seed=972920472

Mission Failed (Pyrenees)
[310/400] Evaluated random_tactics on Pyrenees_comparison.json run=152 seed=52593328

Mission Failed (Pyrenees)
[311/400] Evaluated random_tactics on Pyrenees_comparison.json run=156 seed=1973727780

Mission Failed (Pyrenees)
[312/400] Evaluated switch_ignition_1m on Pyrenees_comparison.json run=157 seed=2041267439

Mission Failed (Pyrenees)
[313/400] Evaluated switch_ignition_1m on Pyrenees_comparison.json run=158 seed=1775593873

Mission Failed (Pyrenees)
[314/400] Evaluated random_tactics on Pyrenees_comparison.json run=158 seed=1775593873

Mission Failed (Pyrenees)
[315/400] Evaluated switch_ignition_1m on Pyrenees_comparison.json run=159 seed=997332142

Mission Failed (Pyrenees)

Mission Failed (Pyrenees)
[316/400] Evaluated switch_ignition_1m on Pyrenees_comparison.json run=160 seed=1901640291
[317/400] Evaluated random_tactics on Pyrenees_comparison.json run=157 seed=2041267439

Mission Failed (Pyrenees)
[318/400] Evaluated switch_ignition_1m on Pyrenees_comparison.json run=161 seed=157374658

Mission Failed (Pyrenees)
[319/400] Evaluated random_tactics on Pyrenees_comparison.json run=154 seed=1446244094

Mission Failed (Pyrenees)
[320/400] Evaluated random_tactics on Pyrenees_comparison.json run=160 seed=1901640291

Mission Failed (Pyrenees)
[321/400] Evaluated switch_ignition_1m on Pyrenees_comparison.json run=163 seed=575740686

Mission Failed (Pyrenees)
[322/400] Evaluated switch_ignition_1m on Pyrenees_comparison.json run=162 seed=1418102380

Mission Failed (Pyrenees)
[323/400] Evaluated random_tactics on Pyrenees_comparison.json run=161 seed=157374658

Mission Failed (Pyrenees)
[324/400] Evaluated switch_ignition_1m on Pyrenees_comparison.json run=164 seed=527319478

Mission Failed (Pyrenees)
[325/400] Evaluated switch_ignition_1m on Pyrenees_comparison.json run=165 seed=1459174190

Mission Failed (Pyrenees)
[326/400] Evaluated switch_ignition_1m on Pyrenees_comparison.json run=166 seed=1650377687

Mission Failed (Pyrenees)
[327/400] Evaluated random_tactics on Pyrenees_comparison.json run=162 seed=1418102380

Mission Failed (Pyrenees)
[328/400] Evaluated random_tactics on Pyrenees_comparison.json run=163 seed=575740686

Mission Failed (Pyrenees)
[329/400] Evaluated switch_ignition_1m on Pyrenees_comparison.json run=167 seed=1907987181

Mission Failed (Pyrenees)
[330/400] Evaluated random_tactics on Pyrenees_comparison.json run=165 seed=1459174190

Mission Failed (Pyrenees)
[331/400] Evaluated random_tactics on Pyrenees_comparison.json run=166 seed=1650377687

Mission Failed (Pyrenees)
[332/400] Evaluated switch_ignition_1m on Pyrenees_comparison.json run=168 seed=454568047

Mission Failed (Pyrenees)
[333/400] Evaluated random_tactics on Pyrenees_comparison.json run=159 seed=997332142

Mission Failed (Pyrenees)
[334/400] Evaluated switch_ignition_1m on Pyrenees_comparison.json run=169 seed=1871892948

Mission Failed (Pyrenees)
[335/400] Evaluated random_tactics on Pyrenees_comparison.json run=169 seed=1871892948

Mission Failed (Pyrenees)
[336/400] Evaluated switch_ignition_1m on Pyrenees_comparison.json run=170 seed=1785149113

Mission Failed (Pyrenees)
[337/400] Evaluated switch_ignition_1m on Pyrenees_comparison.json run=171 seed=675405135

Mission Failed (Pyrenees)
[338/400] Evaluated switch_ignition_1m on Pyrenees_comparison.json run=172 seed=134685712

Mission Failed (Pyrenees)
[339/400] Evaluated random_tactics on Pyrenees_comparison.json run=170 seed=1785149113

Mission Failed (Pyrenees)
[340/400] Evaluated random_tactics on Pyrenees_comparison.json run=167 seed=1907987181

Mission Failed (Pyrenees)
[341/400] Evaluated switch_ignition_1m on Pyrenees_comparison.json run=173 seed=1657585441

Mission Failed (Pyrenees)
[342/400] Evaluated random_tactics on Pyrenees_comparison.json run=164 seed=527319478

Mission Failed (Pyrenees)
[343/400] Evaluated random_tactics on Pyrenees_comparison.json run=171 seed=675405135

Mission Failed (Pyrenees)
[344/400] Evaluated switch_ignition_1m on Pyrenees_comparison.json run=174 seed=1772721579

Mission Failed (Pyrenees)
[345/400] Evaluated random_tactics on Pyrenees_comparison.json run=168 seed=454568047

Mission Failed (Pyrenees)
[346/400] Evaluated switch_ignition_1m on Pyrenees_comparison.json run=176 seed=353276664

Mission Failed (Pyrenees)
[347/400] Evaluated switch_ignition_1m on Pyrenees_comparison.json run=175 seed=989179359

Mission Failed (Pyrenees)
[348/400] Evaluated switch_ignition_1m on Pyrenees_comparison.json run=177 seed=312896403

Mission Failed (Pyrenees)
[349/400] Evaluated random_tactics on Pyrenees_comparison.json run=175 seed=989179359

Mission Failed (Pyrenees)
[350/400] Evaluated switch_ignition_1m on Pyrenees_comparison.json run=178 seed=805622040

Mission Failed (Pyrenees)
[351/400] Evaluated random_tactics on Pyrenees_comparison.json run=172 seed=134685712

Mission Failed (Pyrenees)
[352/400] Evaluated switch_ignition_1m on Pyrenees_comparison.json run=179 seed=1625994511

Mission Failed (Pyrenees)
[353/400] Evaluated random_tactics on Pyrenees_comparison.json run=173 seed=1657585441

Mission Failed (Pyrenees)
[354/400] Evaluated random_tactics on Pyrenees_comparison.json run=174 seed=1772721579

Mission Failed (Pyrenees)
[355/400] Evaluated switch_ignition_1m on Pyrenees_comparison.json run=180 seed=680190032

Mission Failed (Pyrenees)
[356/400] Evaluated random_tactics on Pyrenees_comparison.json run=177 seed=312896403

Mission Failed (Pyrenees)
[357/400] Evaluated random_tactics on Pyrenees_comparison.json run=179 seed=1625994511

Mission Failed (Pyrenees)
[358/400] Evaluated random_tactics on Pyrenees_comparison.json run=176 seed=353276664

Mission Failed (Pyrenees)
[359/400] Evaluated random_tactics on Pyrenees_comparison.json run=178 seed=805622040

Mission Failed (Pyrenees)
[360/400] Evaluated switch_ignition_1m on Pyrenees_comparison.json run=181 seed=67639314

Mission Failed (Pyrenees)
[361/400] Evaluated random_tactics on Pyrenees_comparison.json run=180 seed=680190032

Mission Failed (Pyrenees)
[362/400] Evaluated switch_ignition_1m on Pyrenees_comparison.json run=182 seed=1484634977

Mission Failed (Pyrenees)
[363/400] Evaluated switch_ignition_1m on Pyrenees_comparison.json run=183 seed=1598208864

Mission Failed (Pyrenees)
[364/400] Evaluated random_tactics on Pyrenees_comparison.json run=181 seed=67639314

Mission Failed (Pyrenees)
[365/400] Evaluated random_tactics on Pyrenees_comparison.json run=183 seed=1598208864

Mission Failed (Pyrenees)
[366/400] Evaluated switch_ignition_1m on Pyrenees_comparison.json run=184 seed=383480187

Mission Failed (Pyrenees)

Mission Failed (Pyrenees)
[367/400] Evaluated switch_ignition_1m on Pyrenees_comparison.json run=185 seed=1203509821
[368/400] Evaluated random_tactics on Pyrenees_comparison.json run=182 seed=1484634977

Mission Failed (Pyrenees)
[369/400] Evaluated random_tactics on Pyrenees_comparison.json run=186 seed=850953628

Mission Failed (Pyrenees)
[370/400] Evaluated switch_ignition_1m on Pyrenees_comparison.json run=186 seed=850953628

Mission Failed (Pyrenees)
[371/400] Evaluated switch_ignition_1m on Pyrenees_comparison.json run=187 seed=1076362207

Mission Failed (Pyrenees)
[372/400] Evaluated switch_ignition_1m on Pyrenees_comparison.json run=188 seed=12508222

Mission Failed (Pyrenees)
[373/400] Evaluated random_tactics on Pyrenees_comparison.json run=187 seed=1076362207

Mission Failed (Pyrenees)
[374/400] Evaluated switch_ignition_1m on Pyrenees_comparison.json run=189 seed=1362793716

Mission Failed (Pyrenees)
[375/400] Evaluated switch_ignition_1m on Pyrenees_comparison.json run=190 seed=563703102

Mission Failed (Pyrenees)
[376/400] Evaluated random_tactics on Pyrenees_comparison.json run=184 seed=383480187

Mission Failed (Pyrenees)
[377/400] Evaluated random_tactics on Pyrenees_comparison.json run=189 seed=1362793716

Mission Failed (Pyrenees)
[378/400] Evaluated random_tactics on Pyrenees_comparison.json run=190 seed=563703102

Mission Failed (Pyrenees)
[379/400] Evaluated switch_ignition_1m on Pyrenees_comparison.json run=191 seed=1190527097

Mission Failed (Pyrenees)
[380/400] Evaluated random_tactics on Pyrenees_comparison.json run=188 seed=12508222

Mission Failed (Pyrenees)

Mission Failed (Pyrenees)
[381/400] Evaluated random_tactics on Pyrenees_comparison.json run=185 seed=1203509821
[382/400] Evaluated switch_ignition_1m on Pyrenees_comparison.json run=192 seed=904496090

Mission Failed (Pyrenees)
[383/400] Evaluated switch_ignition_1m on Pyrenees_comparison.json run=193 seed=1309607926

Mission Failed (Pyrenees)
[384/400] Evaluated random_tactics on Pyrenees_comparison.json run=191 seed=1190527097

Mission Failed (Pyrenees)
[385/400] Evaluated random_tactics on Pyrenees_comparison.json run=192 seed=904496090

Mission Failed (Pyrenees)
[386/400] Evaluated switch_ignition_1m on Pyrenees_comparison.json run=194 seed=227464123

Mission Failed (Pyrenees)
[387/400] Evaluated switch_ignition_1m on Pyrenees_comparison.json run=195 seed=781986532

Mission Failed (Pyrenees)
[388/400] Evaluated switch_ignition_1m on Pyrenees_comparison.json run=196 seed=1359700629

Mission Failed (Pyrenees)
[389/400] Evaluated switch_ignition_1m on Pyrenees_comparison.json run=198 seed=816954898

Mission Failed (Pyrenees)
[390/400] Evaluated switch_ignition_1m on Pyrenees_comparison.json run=197 seed=1647837452

Mission Failed (Pyrenees)
[391/400] Evaluated random_tactics on Pyrenees_comparison.json run=194 seed=227464123

Mission Failed (Pyrenees)
[392/400] Evaluated switch_ignition_1m on Pyrenees_comparison.json run=199 seed=52603344

Mission Failed (Pyrenees)
[393/400] Evaluated random_tactics on Pyrenees_comparison.json run=196 seed=1359700629

Mission Failed (Pyrenees)
[394/400] Evaluated switch_ignition_1m on Pyrenees_comparison.json run=200 seed=1557556871

Mission Failed (Pyrenees)
[395/400] Evaluated random_tactics on Pyrenees_comparison.json run=193 seed=1309607926

Mission Failed (Pyrenees)
[396/400] Evaluated random_tactics on Pyrenees_comparison.json run=199 seed=52603344

Mission Failed (Pyrenees)
[397/400] Evaluated random_tactics on Pyrenees_comparison.json run=197 seed=1647837452

Mission Failed (Pyrenees)
[398/400] Evaluated random_tactics on Pyrenees_comparison.json run=195 seed=781986532

Mission Failed (Pyrenees)
[399/400] Evaluated random_tactics on Pyrenees_comparison.json run=198 seed=816954898

Mission Failed (Pyrenees)
[400/400] Evaluated random_tactics on Pyrenees_comparison.json run=200 seed=1557556871
policy | scenario | run | seed | mission_h | burnt_area_m2 | cost_eur | casualties | emissions_t | moe
switch_ignition_1m | Pyrenees_comparison.json | 1 | 1016164991 | 3.00 | 12313575.00 | 5708791.02 | 5140.00 | 223535.86 | -0.1832
switch_ignition_1m | Pyrenees_comparison.json | 2 | 1099128568 | 3.17 | 11773400.00 | 5352177.65 | 4999.00 | 207888.18 | -0.1767
switch_ignition_1m | Pyrenees_comparison.json | 3 | 1621709874 | 3.17 | 12302975.00 | 5467254.35 | 5158.00 | 211410.86 | -0.1823
switch_ignition_1m | Pyrenees_comparison.json | 4 | 2041105244 | 3.17 | 12752675.00 | 5966104.83 | 5228.00 | 234771.55 | -0.1877
switch_ignition_1m | Pyrenees_comparison.json | 5 | 74845286 | 3.17 | 13390100.00 | 6266399.25 | 5715.00 | 245096.60 | -0.2026
switch_ignition_1m | Pyrenees_comparison.json | 6 | 309580410 | 3.00 | 11581400.00 | 5453464.62 | 4914.00 | 213778.35 | -0.1747
switch_ignition_1m | Pyrenees_comparison.json | 7 | 1767258088 | 3.17 | 12047350.00 | 5498248.08 | 5059.00 | 214111.81 | -0.1795
switch_ignition_1m | Pyrenees_comparison.json | 8 | 2037209174 | 3.00 | 11893875.00 | 5567066.30 | 5006.00 | 218333.03 | -0.1782
switch_ignition_1m | Pyrenees_comparison.json | 9 | 535214420 | 3.17 | 12433200.00 | 5704319.88 | 5136.00 | 223291.26 | -0.1834
switch_ignition_1m | Pyrenees_comparison.json | 10 | 669652943 | 3.17 | 12274575.00 | 5540166.30 | 5129.00 | 215306.97 | -0.1820
switch_ignition_1m | Pyrenees_comparison.json | 11 | 1866217507 | 3.00 | 11238300.00 | 5106396.45 | 4803.00 | 198078.64 | -0.1694
switch_ignition_1m | Pyrenees_comparison.json | 12 | 909086626 | 3.17 | 12916275.00 | 5800462.60 | 5313.00 | 225536.52 | -0.1893
switch_ignition_1m | Pyrenees_comparison.json | 13 | 586626705 | 3.00 | 11771050.00 | 5224799.05 | 5015.00 | 201611.39 | -0.1764
switch_ignition_1m | Pyrenees_comparison.json | 14 | 1777477784 | 3.00 | 11416825.00 | 5334702.67 | 4846.00 | 208931.02 | -0.1720
switch_ignition_1m | Pyrenees_comparison.json | 15 | 551886180 | 3.17 | 12836600.00 | 5922940.55 | 5249.00 | 232273.31 | -0.1882
switch_ignition_1m | Pyrenees_comparison.json | 16 | 878748453 | 3.00 | 11986175.00 | 5595210.83 | 5037.00 | 219229.52 | -0.1793
switch_ignition_1m | Pyrenees_comparison.json | 17 | 1382612244 | 3.17 | 12403650.00 | 5799490.52 | 5142.00 | 227605.41 | -0.1839
switch_ignition_1m | Pyrenees_comparison.json | 18 | 1180243456 | 3.17 | 12806150.00 | 6296941.73 | 5076.00 | 252281.46 | -0.1859
switch_ignition_1m | Pyrenees_comparison.json | 19 | 184123696 | 3.17 | 12271750.00 | 5794065.25 | 5020.00 | 228750.55 | -0.1806
switch_ignition_1m | Pyrenees_comparison.json | 20 | 59182744 | 3.17 | 13645525.00 | 6394143.08 | 5566.00 | 252066.63 | -0.2002
switch_ignition_1m | Pyrenees_comparison.json | 21 | 1858836761 | 3.00 | 11893900.00 | 5563211.58 | 4940.00 | 218606.33 | -0.1766
switch_ignition_1m | Pyrenees_comparison.json | 22 | 1618157078 | 3.00 | 12130475.00 | 5681925.58 | 5026.00 | 223420.72 | -0.1799
switch_ignition_1m | Pyrenees_comparison.json | 23 | 1799343697 | 3.17 | 13391050.00 | 6697171.65 | 5394.00 | 268853.54 | -0.1971
switch_ignition_1m | Pyrenees_comparison.json | 24 | 1155653964 | 3.17 | 13046275.00 | 6005476.25 | 5285.00 | 235918.26 | -0.1900
switch_ignition_1m | Pyrenees_comparison.json | 25 | 1755663523 | 3.17 | 12553325.00 | 5849934.78 | 5093.00 | 230457.20 | -0.1834
switch_ignition_1m | Pyrenees_comparison.json | 26 | 708093468 | 3.17 | 13472325.00 | 6456473.30 | 5469.00 | 256203.73 | -0.1978
switch_ignition_1m | Pyrenees_comparison.json | 27 | 972122756 | 3.17 | 12331425.00 | 6057399.90 | 5020.00 | 241611.16 | -0.1822
switch_ignition_1m | Pyrenees_comparison.json | 28 | 1693137747 | 3.00 | 12254275.00 | 5654446.30 | 5094.00 | 221054.91 | -0.1816
switch_ignition_1m | Pyrenees_comparison.json | 29 | 266112162 | 3.17 | 12687050.00 | 5628362.08 | 5236.00 | 218114.29 | -0.1860
switch_ignition_1m | Pyrenees_comparison.json | 30 | 651105937 | 3.00 | 11437400.00 | 5466959.40 | 4798.00 | 215727.75 | -0.1716
switch_ignition_1m | Pyrenees_comparison.json | 31 | 267191830 | 3.17 | 12012825.00 | 5653272.58 | 5086.00 | 221667.43 | -0.1809
switch_ignition_1m | Pyrenees_comparison.json | 32 | 973879301 | 3.00 | 11961325.00 | 5667737.28 | 4926.00 | 223835.34 | -0.1770
switch_ignition_1m | Pyrenees_comparison.json | 33 | 2097889540 | 3.17 | 13467075.00 | 6499290.47 | 5464.00 | 258248.18 | -0.1979
switch_ignition_1m | Pyrenees_comparison.json | 34 | 287852352 | 3.17 | 11672100.00 | 5373067.03 | 4927.00 | 209559.61 | -0.1748
switch_ignition_1m | Pyrenees_comparison.json | 35 | 823155374 | 3.17 | 11959000.00 | 5525951.15 | 5025.00 | 215893.42 | -0.1786
switch_ignition_1m | Pyrenees_comparison.json | 36 | 865678546 | 3.17 | 12821550.00 | 5789867.00 | 5233.00 | 225887.42 | -0.1870
switch_ignition_1m | Pyrenees_comparison.json | 37 | 1941050025 | 3.17 | 11731200.00 | 5233934.22 | 5022.00 | 201735.19 | -0.1765
switch_ignition_1m | Pyrenees_comparison.json | 38 | 436916801 | 3.17 | 12302525.00 | 5825577.03 | 5066.00 | 229942.99 | -0.1820
switch_ignition_1m | Pyrenees_comparison.json | 39 | 1078591221 | 3.00 | 11592575.00 | 5267683.42 | 4991.00 | 203956.08 | -0.1756
switch_ignition_1m | Pyrenees_comparison.json | 40 | 563313608 | 3.17 | 13441275.00 | 6147086.17 | 5502.00 | 240430.03 | -0.1969
switch_ignition_1m | Pyrenees_comparison.json | 41 | 42568569 | 3.17 | 13593125.00 | 6647321.08 | 5530.00 | 265078.08 | -0.2006
switch_ignition_1m | Pyrenees_comparison.json | 42 | 1611395863 | 3.00 | 12030450.00 | 5746134.18 | 4942.00 | 227319.77 | -0.1779
switch_ignition_1m | Pyrenees_comparison.json | 43 | 133188514 | 3.17 | 12840925.00 | 6048587.85 | 5223.00 | 238662.98 | -0.1882
switch_ignition_1m | Pyrenees_comparison.json | 44 | 602173222 | 3.17 | 12222225.00 | 5728879.35 | 5017.00 | 225725.77 | -0.1801
switch_ignition_1m | Pyrenees_comparison.json | 45 | 1069973050 | 3.00 | 12077500.00 | 5602500.83 | 5034.00 | 219517.46 | -0.1795
switch_ignition_1m | Pyrenees_comparison.json | 46 | 1041939683 | 3.17 | 12366125.00 | 5639260.42 | 5154.00 | 219983.45 | -0.1833
switch_ignition_1m | Pyrenees_comparison.json | 47 | 251122470 | 3.17 | 14215575.00 | 6811605.92 | 5739.00 | 270427.84 | -0.2079
switch_ignition_1m | Pyrenees_comparison.json | 48 | 2106117098 | 3.17 | 12494800.00 | 5764682.45 | 5227.00 | 225180.16 | -0.1860
switch_ignition_1m | Pyrenees_comparison.json | 49 | 1608686207 | 3.17 | 11960850.00 | 5488067.20 | 5056.00 | 213813.88 | -0.1792
switch_ignition_1m | Pyrenees_comparison.json | 50 | 2065143097 | 3.17 | 12133800.00 | 5549418.27 | 5121.00 | 216044.97 | -0.1815
switch_ignition_1m | Pyrenees_comparison.json | 51 | 197792238 | 3.17 | 12208175.00 | 5471352.10 | 5164.00 | 211703.57 | -0.1823
switch_ignition_1m | Pyrenees_comparison.json | 52 | 1556474545 | 3.00 | 11153250.00 | 5046576.67 | 4814.00 | 195262.40 | -0.1691
switch_ignition_1m | Pyrenees_comparison.json | 53 | 629526660 | 3.17 | 13147300.00 | 5960690.67 | 5384.00 | 232592.23 | -0.1924
switch_ignition_1m | Pyrenees_comparison.json | 54 | 1162275821 | 3.17 | 12768200.00 | 5820174.42 | 5302.00 | 226900.39 | -0.1887
switch_ignition_1m | Pyrenees_comparison.json | 55 | 1986274267 | 3.17 | 11963450.00 | 5333446.60 | 5117.00 | 205535.38 | -0.1798
switch_ignition_1m | Pyrenees_comparison.json | 56 | 594619332 | 3.17 | 13387900.00 | 6472443.80 | 5366.00 | 257768.44 | -0.1952
switch_ignition_1m | Pyrenees_comparison.json | 57 | 1558804747 | 3.17 | 12576875.00 | 5615686.78 | 5249.00 | 217596.79 | -0.1860
switch_ignition_1m | Pyrenees_comparison.json | 58 | 344997561 | 3.17 | 12013225.00 | 5541357.10 | 5105.00 | 215962.10 | -0.1808
switch_ignition_1m | Pyrenees_comparison.json | 59 | 692725760 | 3.17 | 12926250.00 | 5969112.75 | 5240.00 | 234455.40 | -0.1884
switch_ignition_1m | Pyrenees_comparison.json | 60 | 2082898963 | 3.00 | 11653750.00 | 5353096.03 | 4926.00 | 208744.02 | -0.1746
switch_ignition_1m | Pyrenees_comparison.json | 61 | 904342678 | 3.00 | 12484225.00 | 5573295.10 | 5321.00 | 215145.92 | -0.1873
switch_ignition_1m | Pyrenees_comparison.json | 62 | 1108248847 | 3.00 | 12462775.00 | 6001496.30 | 5025.00 | 238647.74 | -0.1823
switch_ignition_1m | Pyrenees_comparison.json | 63 | 629145195 | 3.17 | 12820825.00 | 6012089.28 | 5187.00 | 237399.35 | -0.1871
switch_ignition_1m | Pyrenees_comparison.json | 64 | 248819507 | 3.00 | 12680150.00 | 5797871.97 | 5225.00 | 226623.07 | -0.1866
switch_ignition_1m | Pyrenees_comparison.json | 65 | 911820705 | 3.17 | 13105950.00 | 6088453.23 | 5254.00 | 239957.01 | -0.1898
switch_ignition_1m | Pyrenees_comparison.json | 66 | 1338934053 | 3.17 | 12473700.00 | 5965666.33 | 5083.00 | 236431.56 | -0.1835
switch_ignition_1m | Pyrenees_comparison.json | 67 | 978390736 | 3.17 | 13722925.00 | 6715761.97 | 5640.00 | 267506.89 | -0.2039
switch_ignition_1m | Pyrenees_comparison.json | 68 | 1667914286 | 3.17 | 13394125.00 | 6307198.78 | 5505.00 | 248743.61 | -0.1977
switch_ignition_1m | Pyrenees_comparison.json | 69 | 779217002 | 3.17 | 12660675.00 | 5864446.75 | 5211.00 | 230015.60 | -0.1865
switch_ignition_1m | Pyrenees_comparison.json | 70 | 1316414564 | 3.17 | 12619500.00 | 5842544.92 | 5282.00 | 228519.11 | -0.1880
switch_ignition_1m | Pyrenees_comparison.json | 71 | 1659553368 | 3.17 | 12583650.00 | 5810870.65 | 5132.00 | 228191.53 | -0.1842
switch_ignition_1m | Pyrenees_comparison.json | 72 | 1969881820 | 3.17 | 12255450.00 | 5739063.83 | 5070.00 | 225672.98 | -0.1815
switch_ignition_1m | Pyrenees_comparison.json | 73 | 917647715 | 3.17 | 13221750.00 | 6048338.97 | 5300.00 | 237446.25 | -0.1910
switch_ignition_1m | Pyrenees_comparison.json | 74 | 85025054 | 3.17 | 12929175.00 | 5956586.45 | 5270.00 | 233701.58 | -0.1891
switch_ignition_1m | Pyrenees_comparison.json | 75 | 1543026409 | 3.17 | 12251325.00 | 5389431.30 | 5172.00 | 207612.40 | -0.1822
switch_ignition_1m | Pyrenees_comparison.json | 76 | 1135136798 | 3.17 | 13167475.00 | 5863476.60 | 5420.00 | 227452.73 | -0.1928
switch_ignition_1m | Pyrenees_comparison.json | 77 | 1872810736 | 3.17 | 12283050.00 | 5648650.95 | 5166.00 | 220235.10 | -0.1834
switch_ignition_1m | Pyrenees_comparison.json | 78 | 986416296 | 3.17 | 13310350.00 | 6329669.05 | 5510.00 | 249684.65 | -0.1977
switch_ignition_1m | Pyrenees_comparison.json | 79 | 790444289 | 3.17 | 12559600.00 | 5957178.33 | 5104.00 | 235641.69 | -0.1842
switch_ignition_1m | Pyrenees_comparison.json | 80 | 133894701 | 3.17 | 12110275.00 | 5548089.75 | 5113.00 | 216233.00 | -0.1812
switch_ignition_1m | Pyrenees_comparison.json | 81 | 981769744 | 3.17 | 11826750.00 | 5415934.77 | 5018.00 | 210788.46 | -0.1776
switch_ignition_1m | Pyrenees_comparison.json | 82 | 1377241755 | 3.00 | 12258425.00 | 5726649.45 | 5084.00 | 225061.75 | -0.1818
switch_ignition_1m | Pyrenees_comparison.json | 83 | 1653715900 | 3.00 | 12068525.00 | 5676675.05 | 5004.00 | 223583.56 | -0.1792
switch_ignition_1m | Pyrenees_comparison.json | 84 | 1831015077 | 3.00 | 11537075.00 | 5154280.42 | 4943.00 | 198933.11 | -0.1737
switch_ignition_1m | Pyrenees_comparison.json | 85 | 461373844 | 3.17 | 12841350.00 | 5748611.48 | 5272.00 | 223597.08 | -0.1878
switch_ignition_1m | Pyrenees_comparison.json | 86 | 1273331139 | 3.17 | 12733525.00 | 5858620.38 | 5214.00 | 229582.51 | -0.1867
switch_ignition_1m | Pyrenees_comparison.json | 87 | 1727528594 | 3.17 | 12708550.00 | 5637808.80 | 5230.00 | 218631.84 | -0.1859
switch_ignition_1m | Pyrenees_comparison.json | 88 | 558555015 | 3.17 | 12626825.00 | 5916989.52 | 5149.00 | 233002.50 | -0.1852
switch_ignition_1m | Pyrenees_comparison.json | 89 | 740102319 | 3.17 | 12713075.00 | 5923900.88 | 5220.00 | 232765.31 | -0.1872
switch_ignition_1m | Pyrenees_comparison.json | 90 | 1803631831 | 3.00 | 12237925.00 | 5624112.70 | 5032.00 | 220321.96 | -0.1800
switch_ignition_1m | Pyrenees_comparison.json | 91 | 1248920237 | 3.17 | 12866450.00 | 5923581.40 | 5160.00 | 233042.52 | -0.1861
switch_ignition_1m | Pyrenees_comparison.json | 92 | 1094134073 | 3.17 | 12457125.00 | 5844351.80 | 5087.00 | 230375.42 | -0.1830
switch_ignition_1m | Pyrenees_comparison.json | 93 | 1446720799 | 3.17 | 12396650.00 | 5790399.00 | 5086.00 | 227871.56 | -0.1825
switch_ignition_1m | Pyrenees_comparison.json | 94 | 1097125524 | 3.00 | 12106100.00 | 5639698.15 | 5060.00 | 221059.53 | -0.1804
switch_ignition_1m | Pyrenees_comparison.json | 95 | 2106555450 | 3.17 | 12979550.00 | 5946268.20 | 5317.00 | 232861.60 | -0.1903
switch_ignition_1m | Pyrenees_comparison.json | 96 | 1617120056 | 3.17 | 13129125.00 | 6316419.97 | 5500.00 | 249701.65 | -0.1970
switch_ignition_1m | Pyrenees_comparison.json | 97 | 116244472 | 3.17 | 12128300.00 | 5592951.72 | 5112.00 | 218275.23 | -0.1815
switch_ignition_1m | Pyrenees_comparison.json | 98 | 317660152 | 3.17 | 12924625.00 | 6254854.53 | 5206.00 | 248925.28 | -0.1891
switch_ignition_1m | Pyrenees_comparison.json | 99 | 1170534941 | 3.17 | 12152650.00 | 5439068.22 | 5120.00 | 210573.69 | -0.1809
switch_ignition_1m | Pyrenees_comparison.json | 100 | 1760134975 | 3.17 | 13374000.00 | 6457069.58 | 5465.00 | 256403.19 | -0.1975
switch_ignition_1m | Pyrenees_comparison.json | 101 | 148210009 | 3.17 | 12406475.00 | 5697596.53 | 5119.00 | 222915.20 | -0.1828
switch_ignition_1m | Pyrenees_comparison.json | 102 | 1467347456 | 3.17 | 11774025.00 | 5379404.22 | 4989.00 | 209178.37 | -0.1765
switch_ignition_1m | Pyrenees_comparison.json | 103 | 1631001374 | 3.00 | 11744075.00 | 5524903.50 | 4935.00 | 217096.05 | -0.1760
switch_ignition_1m | Pyrenees_comparison.json | 104 | 1690277810 | 3.00 | 13061925.00 | 6401259.77 | 5316.00 | 255306.82 | -0.1928
switch_ignition_1m | Pyrenees_comparison.json | 105 | 1875496127 | 3.17 | 11435675.00 | 5266675.50 | 4880.00 | 204997.33 | -0.1725
switch_ignition_1m | Pyrenees_comparison.json | 106 | 411492782 | 3.00 | 12252775.00 | 5743796.73 | 5011.00 | 226396.70 | -0.1801
switch_ignition_1m | Pyrenees_comparison.json | 107 | 1192456270 | 3.17 | 12592125.00 | 5563903.17 | 5225.00 | 215077.58 | -0.1851
switch_ignition_1m | Pyrenees_comparison.json | 108 | 1723063914 | 3.17 | 13372900.00 | 6276804.98 | 5356.00 | 248154.29 | -0.1939
switch_ignition_1m | Pyrenees_comparison.json | 109 | 768793750 | 3.00 | 11994250.00 | 5564047.25 | 5037.00 | 217716.50 | -0.1792
switch_ignition_1m | Pyrenees_comparison.json | 110 | 410865002 | 3.17 | 12446800.00 | 5601282.53 | 5236.00 | 217193.20 | -0.1853
switch_ignition_1m | Pyrenees_comparison.json | 111 | 1029694513 | 3.17 | 12072200.00 | 5389025.20 | 5018.00 | 209026.25 | -0.1780
switch_ignition_1m | Pyrenees_comparison.json | 112 | 175132911 | 3.17 | 13182375.00 | 6231501.45 | 5256.00 | 246984.77 | -0.1908
switch_ignition_1m | Pyrenees_comparison.json | 113 | 472445100 | 3.00 | 12148700.00 | 5749287.80 | 5038.00 | 226659.86 | -0.1806
switch_ignition_1m | Pyrenees_comparison.json | 114 | 1836585941 | 3.17 | 12847950.00 | 6264717.17 | 5122.00 | 250284.90 | -0.1869
switch_ignition_1m | Pyrenees_comparison.json | 115 | 1433718042 | 3.00 | 11942000.00 | 5595373.03 | 4980.00 | 219821.02 | -0.1779
switch_ignition_1m | Pyrenees_comparison.json | 116 | 1849592223 | 3.17 | 12238975.00 | 5758354.35 | 5097.00 | 226523.43 | -0.1823
switch_ignition_1m | Pyrenees_comparison.json | 117 | 1803912902 | 3.17 | 13097275.00 | 6085460.60 | 5325.00 | 239411.15 | -0.1915
switch_ignition_1m | Pyrenees_comparison.json | 118 | 1882349080 | 3.00 | 12111550.00 | 5788312.90 | 5041.00 | 228549.45 | -0.1807
switch_ignition_1m | Pyrenees_comparison.json | 119 | 666884549 | 3.33 | 14470900.00 | 6909385.05 | 5756.00 | 274593.99 | -0.2094
switch_ignition_1m | Pyrenees_comparison.json | 120 | 1013418405 | 3.17 | 12805325.00 | 5867852.65 | 5210.00 | 230037.11 | -0.1869
switch_ignition_1m | Pyrenees_comparison.json | 121 | 1325896902 | 3.17 | 12305950.00 | 5603284.22 | 5136.00 | 218104.07 | -0.1825
switch_ignition_1m | Pyrenees_comparison.json | 122 | 588514432 | 3.17 | 11698675.00 | 5392624.88 | 4951.00 | 210481.08 | -0.1755
switch_ignition_1m | Pyrenees_comparison.json | 123 | 1974475030 | 3.17 | 11695025.00 | 5387358.47 | 4929.00 | 210258.55 | -0.1750
switch_ignition_1m | Pyrenees_comparison.json | 124 | 15229585 | 3.00 | 11668550.00 | 5296474.35 | 4963.00 | 205643.89 | -0.1753
switch_ignition_1m | Pyrenees_comparison.json | 125 | 1800089671 | 3.17 | 13150175.00 | 5986087.20 | 5341.00 | 234242.87 | -0.1915
switch_ignition_1m | Pyrenees_comparison.json | 126 | 1386675063 | 3.17 | 12388000.00 | 5770827.08 | 5167.00 | 226337.84 | -0.1844
switch_ignition_1m | Pyrenees_comparison.json | 127 | 544083117 | 3.17 | 12482800.00 | 5815044.80 | 5112.00 | 228653.17 | -0.1835
switch_ignition_1m | Pyrenees_comparison.json | 128 | 1545993628 | 3.17 | 12797675.00 | 6088339.50 | 5248.00 | 240760.17 | -0.1889
switch_ignition_1m | Pyrenees_comparison.json | 129 | 886956485 | 3.17 | 12078875.00 | 5786731.75 | 5014.00 | 228756.50 | -0.1800
switch_ignition_1m | Pyrenees_comparison.json | 130 | 1794371228 | 3.17 | 12302750.00 | 5684151.28 | 5063.00 | 222872.18 | -0.1812
switch_ignition_1m | Pyrenees_comparison.json | 131 | 2143709453 | 3.17 | 12300100.00 | 5627108.35 | 5154.00 | 219337.44 | -0.1831
switch_ignition_1m | Pyrenees_comparison.json | 132 | 605328024 | 3.17 | 11915675.00 | 5592985.80 | 4960.00 | 219767.79 | -0.1773
switch_ignition_1m | Pyrenees_comparison.json | 133 | 1009388424 | 3.17 | 12484000.00 | 6104779.50 | 5052.00 | 243352.79 | -0.1835
switch_ignition_1m | Pyrenees_comparison.json | 134 | 462177494 | 3.17 | 12816825.00 | 6202451.25 | 5112.00 | 247246.38 | -0.1863
switch_ignition_1m | Pyrenees_comparison.json | 135 | 1487220832 | 3.17 | 12673500.00 | 5920600.70 | 5171.00 | 233066.17 | -0.1859
switch_ignition_1m | Pyrenees_comparison.json | 136 | 1372953683 | 3.17 | 12974100.00 | 6184514.70 | 5235.00 | 245202.90 | -0.1895
switch_ignition_1m | Pyrenees_comparison.json | 137 | 1813665612 | 3.17 | 12970025.00 | 6336653.55 | 5448.00 | 251498.81 | -0.1955
switch_ignition_1m | Pyrenees_comparison.json | 138 | 1728842088 | 3.17 | 12051550.00 | 5595797.73 | 5089.00 | 218682.11 | -0.1807
switch_ignition_1m | Pyrenees_comparison.json | 139 | 2097930220 | 3.17 | 12950075.00 | 6175872.12 | 5346.00 | 244013.23 | -0.1921
switch_ignition_1m | Pyrenees_comparison.json | 140 | 2069467440 | 3.17 | 13486850.00 | 6464547.00 | 5454.00 | 256576.25 | -0.1975
switch_ignition_1m | Pyrenees_comparison.json | 141 | 1921790505 | 3.17 | 11439475.00 | 5101331.40 | 4961.00 | 196149.58 | -0.1736
switch_ignition_1m | Pyrenees_comparison.json | 142 | 323249611 | 3.17 | 12082400.00 | 5624079.95 | 5032.00 | 220614.34 | -0.1796
switch_ignition_1m | Pyrenees_comparison.json | 143 | 90638391 | 3.17 | 12278875.00 | 5457274.88 | 5180.00 | 210804.95 | -0.1828
switch_ignition_1m | Pyrenees_comparison.json | 144 | 1035543218 | 3.00 | 11334825.00 | 5084556.20 | 4858.00 | 196469.66 | -0.1708
switch_ignition_1m | Pyrenees_comparison.json | 145 | 740899031 | 3.17 | 12350975.00 | 5708348.05 | 5126.00 | 223468.32 | -0.1829
switch_ignition_1m | Pyrenees_comparison.json | 146 | 1921387682 | 3.00 | 11810825.00 | 5658760.20 | 4929.00 | 223733.67 | -0.1767
switch_ignition_1m | Pyrenees_comparison.json | 147 | 1711391460 | 3.17 | 12213500.00 | 5652931.53 | 5090.00 | 221291.71 | -0.1815
switch_ignition_1m | Pyrenees_comparison.json | 148 | 907777644 | 3.00 | 12308850.00 | 5717315.17 | 5093.00 | 224394.77 | -0.1821
switch_ignition_1m | Pyrenees_comparison.json | 149 | 1235980316 | 3.17 | 13508225.00 | 6496843.42 | 5439.00 | 258259.47 | -0.1974
switch_ignition_1m | Pyrenees_comparison.json | 150 | 1265946037 | 3.00 | 11608300.00 | 5447829.22 | 4879.00 | 213872.17 | -0.1739
switch_ignition_1m | Pyrenees_comparison.json | 151 | 1913147181 | 3.17 | 14072475.00 | 6455830.60 | 5627.00 | 253803.33 | -0.2030
switch_ignition_1m | Pyrenees_comparison.json | 152 | 52593328 | 3.17 | 12789625.00 | 6016542.82 | 5229.00 | 237185.44 | -0.1881
switch_ignition_1m | Pyrenees_comparison.json | 153 | 1051673196 | 3.17 | 13468750.00 | 6361122.30 | 5510.00 | 251119.40 | -0.1983
switch_ignition_1m | Pyrenees_comparison.json | 154 | 1446244094 | 3.17 | 12380175.00 | 5593000.28 | 5190.00 | 217304.58 | -0.1840
switch_ignition_1m | Pyrenees_comparison.json | 155 | 972920472 | 3.17 | 11858925.00 | 5561919.97 | 5001.00 | 218069.08 | -0.1780
switch_ignition_1m | Pyrenees_comparison.json | 156 | 1973727780 | 3.00 | 12079225.00 | 5505219.17 | 5123.00 | 213912.55 | -0.1812
switch_ignition_1m | Pyrenees_comparison.json | 157 | 2041267439 | 3.17 | 12270850.00 | 5686189.27 | 5137.00 | 222623.91 | -0.1829
switch_ignition_1m | Pyrenees_comparison.json | 158 | 1775593873 | 3.17 | 12445125.00 | 5713989.95 | 5109.00 | 223728.81 | -0.1828
switch_ignition_1m | Pyrenees_comparison.json | 159 | 997332142 | 3.00 | 12133750.00 | 5447333.58 | 5080.00 | 211265.12 | -0.1799
switch_ignition_1m | Pyrenees_comparison.json | 160 | 1901640291 | 3.17 | 12201950.00 | 5777710.15 | 5016.00 | 228030.76 | -0.1803
switch_ignition_1m | Pyrenees_comparison.json | 161 | 157374658 | 3.00 | 11777450.00 | 5356498.78 | 5001.00 | 207930.87 | -0.1767
switch_ignition_1m | Pyrenees_comparison.json | 162 | 1418102380 | 3.17 | 13607175.00 | 6332338.40 | 5375.00 | 250387.36 | -0.1952
switch_ignition_1m | Pyrenees_comparison.json | 163 | 575740686 | 3.00 | 11458225.00 | 5303604.50 | 4842.00 | 207173.33 | -0.1719
switch_ignition_1m | Pyrenees_comparison.json | 164 | 527319478 | 3.17 | 12908000.00 | 5854205.03 | 5312.00 | 228409.37 | -0.1895
switch_ignition_1m | Pyrenees_comparison.json | 165 | 1459174190 | 3.17 | 13551850.00 | 6685194.27 | 5466.00 | 267300.20 | -0.1991
switch_ignition_1m | Pyrenees_comparison.json | 166 | 1650377687 | 3.17 | 12311850.00 | 5523842.42 | 5135.00 | 214332.14 | -0.1821
switch_ignition_1m | Pyrenees_comparison.json | 167 | 1907987181 | 3.17 | 12156400.00 | 5613728.15 | 5023.00 | 219919.79 | -0.1795
switch_ignition_1m | Pyrenees_comparison.json | 168 | 454568047 | 3.17 | 12335775.00 | 5704499.08 | 5088.00 | 223692.81 | -0.1820
switch_ignition_1m | Pyrenees_comparison.json | 169 | 1871892948 | 3.00 | 11934600.00 | 5772481.20 | 4931.00 | 228919.33 | -0.1776
switch_ignition_1m | Pyrenees_comparison.json | 170 | 1785149113 | 3.17 | 13712175.00 | 6665707.77 | 5547.00 | 265435.49 | -0.2013
switch_ignition_1m | Pyrenees_comparison.json | 171 | 675405135 | 3.17 | 12947200.00 | 5842867.50 | 5310.00 | 227653.14 | -0.1895
switch_ignition_1m | Pyrenees_comparison.json | 172 | 134685712 | 3.00 | 12652150.00 | 6000888.83 | 5127.00 | 237685.01 | -0.1852
switch_ignition_1m | Pyrenees_comparison.json | 173 | 1657585441 | 3.17 | 12257750.00 | 5585256.45 | 4990.00 | 218484.97 | -0.1788
switch_ignition_1m | Pyrenees_comparison.json | 174 | 1772721579 | 3.17 | 13421450.00 | 6446037.15 | 5534.00 | 255254.90 | -0.1992
switch_ignition_1m | Pyrenees_comparison.json | 175 | 989179359 | 3.00 | 12408750.00 | 5608058.80 | 5130.00 | 218506.67 | -0.1827
switch_ignition_1m | Pyrenees_comparison.json | 176 | 353276664 | 3.17 | 12592425.00 | 6202946.50 | 5067.00 | 248081.13 | -0.1847
switch_ignition_1m | Pyrenees_comparison.json | 177 | 312896403 | 3.17 | 12096125.00 | 5549443.15 | 5093.00 | 216308.67 | -0.1807
switch_ignition_1m | Pyrenees_comparison.json | 178 | 805622040 | 3.00 | 11789050.00 | 5313752.75 | 5055.00 | 205588.89 | -0.1778
switch_ignition_1m | Pyrenees_comparison.json | 179 | 1625994511 | 3.17 | 13413600.00 | 6365244.00 | 5461.00 | 251740.02 | -0.1970
switch_ignition_1m | Pyrenees_comparison.json | 180 | 680190032 | 3.00 | 12230200.00 | 5819023.67 | 5029.00 | 229981.85 | -0.1809
switch_ignition_1m | Pyrenees_comparison.json | 181 | 67639314 | 3.00 | 12871850.00 | 5826296.12 | 5257.00 | 227627.72 | -0.1880
switch_ignition_1m | Pyrenees_comparison.json | 182 | 1484634977 | 3.17 | 13319100.00 | 6344728.80 | 5310.00 | 251945.56 | -0.1930
switch_ignition_1m | Pyrenees_comparison.json | 183 | 1598208864 | 3.17 | 13094450.00 | 6109453.53 | 5295.00 | 240715.76 | -0.1909
switch_ignition_1m | Pyrenees_comparison.json | 184 | 383480187 | 3.17 | 12516425.00 | 5889748.70 | 5135.00 | 232176.25 | -0.1845
switch_ignition_1m | Pyrenees_comparison.json | 185 | 1203509821 | 3.17 | 12685700.00 | 5806534.80 | 5204.00 | 227086.93 | -0.1861
switch_ignition_1m | Pyrenees_comparison.json | 186 | 850953628 | 3.00 | 12638950.00 | 5962664.47 | 5119.00 | 235639.28 | -0.1848
switch_ignition_1m | Pyrenees_comparison.json | 187 | 1076362207 | 3.17 | 11996450.00 | 5633422.90 | 4996.00 | 221538.73 | -0.1786
switch_ignition_1m | Pyrenees_comparison.json | 188 | 12508222 | 3.17 | 13553850.00 | 6415842.58 | 5353.00 | 254563.81 | -0.1949
switch_ignition_1m | Pyrenees_comparison.json | 189 | 1362793716 | 3.00 | 12579400.00 | 6143730.98 | 5083.00 | 245035.93 | -0.1847
switch_ignition_1m | Pyrenees_comparison.json | 190 | 563703102 | 3.17 | 13630700.00 | 6515156.90 | 5539.00 | 258161.23 | -0.2002
switch_ignition_1m | Pyrenees_comparison.json | 191 | 1190527097 | 3.17 | 12344375.00 | 5774785.80 | 5119.00 | 226828.73 | -0.1831
switch_ignition_1m | Pyrenees_comparison.json | 192 | 904496090 | 3.17 | 12109250.00 | 5580347.32 | 5044.00 | 218233.05 | -0.1797
switch_ignition_1m | Pyrenees_comparison.json | 193 | 1309607926 | 3.17 | 12106050.00 | 5583698.20 | 5064.00 | 218225.70 | -0.1802
switch_ignition_1m | Pyrenees_comparison.json | 194 | 227464123 | 3.17 | 12412400.00 | 5816496.80 | 5077.00 | 229126.66 | -0.1825
switch_ignition_1m | Pyrenees_comparison.json | 195 | 781986532 | 3.17 | 11959000.00 | 5469292.90 | 5065.00 | 212784.43 | -0.1793
switch_ignition_1m | Pyrenees_comparison.json | 196 | 1359700629 | 3.17 | 12158975.00 | 5636145.77 | 5080.00 | 220680.60 | -0.1810
switch_ignition_1m | Pyrenees_comparison.json | 197 | 1647837452 | 3.33 | 13965475.00 | 6801321.38 | 5628.00 | 271082.41 | -0.2046
switch_ignition_1m | Pyrenees_comparison.json | 198 | 816954898 | 3.17 | 12299550.00 | 5746456.50 | 5079.00 | 225967.17 | -0.1819
switch_ignition_1m | Pyrenees_comparison.json | 199 | 52603344 | 3.00 | 11426750.00 | 5296938.98 | 4818.00 | 207224.12 | -0.1712
switch_ignition_1m | Pyrenees_comparison.json | 200 | 1557556871 | 3.00 | 12425925.00 | 5820204.12 | 5121.00 | 228855.42 | -0.1836
random_tactics | Pyrenees_comparison.json | 1 | 1016164991 | 3.00 | 12664775.00 | 6176358.78 | 5153.00 | 246123.67 | -0.1868
random_tactics | Pyrenees_comparison.json | 2 | 1099128568 | 3.17 | 11907000.00 | 5605619.33 | 4946.00 | 220669.22 | -0.1770
random_tactics | Pyrenees_comparison.json | 3 | 1621709874 | 3.17 | 12705650.00 | 6189184.80 | 5101.00 | 246967.02 | -0.1857
random_tactics | Pyrenees_comparison.json | 4 | 2041105244 | 3.17 | 12823300.00 | 6006412.55 | 5204.00 | 236741.23 | -0.1875
random_tactics | Pyrenees_comparison.json | 5 | 74845286 | 3.17 | 12930675.00 | 6296107.90 | 5163.00 | 251298.20 | -0.1883
random_tactics | Pyrenees_comparison.json | 6 | 309580410 | 3.00 | 11902650.00 | 5654071.00 | 4949.00 | 222969.86 | -0.1773
random_tactics | Pyrenees_comparison.json | 7 | 1767258088 | 3.17 | 12761725.00 | 5829078.33 | 5269.00 | 227639.28 | -0.1880
random_tactics | Pyrenees_comparison.json | 8 | 2037209174 | 3.17 | 12816650.00 | 5816996.80 | 5222.00 | 227371.92 | -0.1869
random_tactics | Pyrenees_comparison.json | 9 | 535214420 | 3.00 | 12254650.00 | 5772424.75 | 5029.00 | 227667.61 | -0.1807
random_tactics | Pyrenees_comparison.json | 10 | 669652943 | 3.00 | 12553800.00 | 5830464.03 | 5080.00 | 229658.03 | -0.1829
random_tactics | Pyrenees_comparison.json | 11 | 1866217507 | 3.00 | 11843425.00 | 5652928.68 | 4942.00 | 223126.67 | -0.1770
random_tactics | Pyrenees_comparison.json | 12 | 909086626 | 3.17 | 14140400.00 | 6603639.77 | 5695.00 | 260435.12 | -0.2056
random_tactics | Pyrenees_comparison.json | 13 | 586626705 | 3.00 | 12885475.00 | 6209212.70 | 5111.00 | 247593.20 | -0.1865
random_tactics | Pyrenees_comparison.json | 14 | 1777477784 | 3.17 | 11992950.00 | 5589206.72 | 4989.00 | 219317.93 | -0.1782
random_tactics | Pyrenees_comparison.json | 15 | 551886180 | 3.17 | 13225125.00 | 6707100.17 | 5140.00 | 271251.90 | -0.1905
random_tactics | Pyrenees_comparison.json | 16 | 878748453 | 3.00 | 12384575.00 | 6003600.97 | 5066.00 | 238516.11 | -0.1831
random_tactics | Pyrenees_comparison.json | 17 | 1382612244 | 3.00 | 12759950.00 | 6510500.92 | 5099.00 | 262829.71 | -0.1875
random_tactics | Pyrenees_comparison.json | 18 | 1180243456 | 3.00 | 11791575.00 | 5386154.38 | 4906.00 | 210195.49 | -0.1746
random_tactics | Pyrenees_comparison.json | 19 | 184123696 | 3.00 | 12262300.00 | 5943304.60 | 5002.00 | 236312.17 | -0.1810
random_tactics | Pyrenees_comparison.json | 20 | 59182744 | 3.17 | 12562125.00 | 5815242.07 | 5290.00 | 227356.94 | -0.1880
random_tactics | Pyrenees_comparison.json | 21 | 1858836761 | 3.17 | 12566425.00 | 5931422.90 | 5111.00 | 234360.23 | -0.1843
random_tactics | Pyrenees_comparison.json | 22 | 1618157078 | 3.17 | 14227675.00 | 6813283.38 | 5707.00 | 270619.69 | -0.2072
random_tactics | Pyrenees_comparison.json | 23 | 1799343697 | 3.00 | 12512725.00 | 5852883.02 | 5156.00 | 230176.96 | -0.1848
random_tactics | Pyrenees_comparison.json | 24 | 1155653964 | 3.00 | 12729000.00 | 6180297.35 | 5163.00 | 246016.13 | -0.1872
random_tactics | Pyrenees_comparison.json | 25 | 1755663523 | 3.17 | 13750100.00 | 6381398.28 | 5436.00 | 252099.04 | -0.1972
random_tactics | Pyrenees_comparison.json | 26 | 708093468 | 3.00 | 12089550.00 | 5519759.25 | 5000.00 | 215660.45 | -0.1783
random_tactics | Pyrenees_comparison.json | 27 | 972122756 | 3.17 | 12046250.00 | 5692227.38 | 4935.00 | 224801.20 | -0.1775
random_tactics | Pyrenees_comparison.json | 28 | 1693137747 | 3.17 | 12583925.00 | 5609164.22 | 5238.00 | 217357.62 | -0.1857
random_tactics | Pyrenees_comparison.json | 29 | 266112162 | 3.17 | 13093975.00 | 6230338.20 | 5502.00 | 245443.83 | -0.1965
random_tactics | Pyrenees_comparison.json | 30 | 651105937 | 3.00 | 11368950.00 | 5484997.43 | 4830.00 | 216553.85 | -0.1723
random_tactics | Pyrenees_comparison.json | 31 | 267191830 | 3.17 | 12614175.00 | 6045117.95 | 5103.00 | 239976.93 | -0.1848
random_tactics | Pyrenees_comparison.json | 32 | 973879301 | 3.00 | 11991325.00 | 5685436.60 | 4959.00 | 224355.45 | -0.1779
random_tactics | Pyrenees_comparison.json | 33 | 2097889540 | 3.17 | 11997375.00 | 5608936.62 | 5057.00 | 219783.01 | -0.1799
random_tactics | Pyrenees_comparison.json | 34 | 287852352 | 3.17 | 12319925.00 | 5799994.03 | 5006.00 | 228977.93 | -0.1804
random_tactics | Pyrenees_comparison.json | 35 | 823155374 | 3.17 | 12979250.00 | 6104216.38 | 5255.00 | 240842.10 | -0.1896
random_tactics | Pyrenees_comparison.json | 36 | 865678546 | 3.17 | 12168575.00 | 5874206.92 | 4968.00 | 233280.15 | -0.1796
random_tactics | Pyrenees_comparison.json | 37 | 1941050025 | 3.17 | 12916800.00 | 6157211.90 | 5172.00 | 244356.41 | -0.1877
random_tactics | Pyrenees_comparison.json | 38 | 436916801 | 3.17 | 12644550.00 | 5862392.15 | 5213.00 | 229911.61 | -0.1865
random_tactics | Pyrenees_comparison.json | 39 | 1078591221 | 3.00 | 11863225.00 | 5583175.65 | 4984.00 | 219286.49 | -0.1777
random_tactics | Pyrenees_comparison.json | 40 | 563313608 | 3.17 | 14163375.00 | 7037696.50 | 5637.00 | 282374.93 | -0.2065
random_tactics | Pyrenees_comparison.json | 41 | 42568569 | 3.17 | 13155650.00 | 6244803.95 | 5534.00 | 246029.37 | -0.1976
random_tactics | Pyrenees_comparison.json | 42 | 1611395863 | 3.00 | 13394075.00 | 6082577.65 | 5385.00 | 238242.24 | -0.1936
random_tactics | Pyrenees_comparison.json | 43 | 133188514 | 3.33 | 13362200.00 | 6397602.12 | 5286.00 | 254643.07 | -0.1928
random_tactics | Pyrenees_comparison.json | 44 | 602173222 | 3.00 | 11687625.00 | 5147465.65 | 5000.00 | 197867.08 | -0.1754
random_tactics | Pyrenees_comparison.json | 45 | 1069973050 | 3.00 | 11956675.00 | 5693950.57 | 4973.00 | 224780.24 | -0.1783
random_tactics | Pyrenees_comparison.json | 46 | 1041939683 | 3.00 | 12426125.00 | 5905799.00 | 5070.00 | 233571.51 | -0.1828
random_tactics | Pyrenees_comparison.json | 47 | 251122470 | 3.17 | 12150825.00 | 5546401.98 | 5114.00 | 215913.68 | -0.1813
random_tactics | Pyrenees_comparison.json | 48 | 2106117098 | 3.17 | 15306025.00 | 7532432.45 | 6477.00 | 299498.73 | -0.2322
random_tactics | Pyrenees_comparison.json | 49 | 1608686207 | 3.17 | 12588000.00 | 5676285.07 | 5221.00 | 220694.20 | -0.1856
random_tactics | Pyrenees_comparison.json | 50 | 2065143097 | 3.17 | 13941425.00 | 6513890.70 | 5537.00 | 257488.01 | -0.2008
random_tactics | Pyrenees_comparison.json | 51 | 197792238 | 3.17 | 12117750.00 | 5482968.62 | 5107.00 | 212947.60 | -0.1808
random_tactics | Pyrenees_comparison.json | 52 | 1556474545 | 3.17 | 13436475.00 | 6343236.73 | 5261.00 | 251961.32 | -0.1921
random_tactics | Pyrenees_comparison.json | 53 | 629526660 | 3.17 | 12756900.00 | 6009645.05 | 5210.00 | 237104.44 | -0.1875
random_tactics | Pyrenees_comparison.json | 54 | 1162275821 | 3.17 | 14283075.00 | 6656789.92 | 5820.00 | 262030.39 | -0.2092
random_tactics | Pyrenees_comparison.json | 55 | 1986274267 | 3.00 | 12325125.00 | 5771686.82 | 5049.00 | 227208.24 | -0.1813
random_tactics | Pyrenees_comparison.json | 56 | 594619332 | 3.17 | 12322525.00 | 5776087.45 | 5068.00 | 227350.19 | -0.1818
random_tactics | Pyrenees_comparison.json | 57 | 1558804747 | 3.17 | 13170825.00 | 6356774.62 | 5496.00 | 251742.11 | -0.1972
random_tactics | Pyrenees_comparison.json | 58 | 344997561 | 3.17 | 13322775.00 | 6310944.65 | 5266.00 | 250531.78 | -0.1917
random_tactics | Pyrenees_comparison.json | 59 | 692725760 | 3.17 | 13326375.00 | 6104605.73 | 5473.00 | 238829.91 | -0.1957
random_tactics | Pyrenees_comparison.json | 60 | 2082898963 | 3.00 | 11847925.00 | 5782458.17 | 4872.00 | 229994.11 | -0.1760
random_tactics | Pyrenees_comparison.json | 61 | 904342678 | 3.00 | 12345750.00 | 5742147.88 | 5070.00 | 225739.86 | -0.1818
random_tactics | Pyrenees_comparison.json | 62 | 1108248847 | 3.00 | 12233875.00 | 5763833.65 | 5005.00 | 227459.55 | -0.1800
random_tactics | Pyrenees_comparison.json | 63 | 629145195 | 3.17 | 11872525.00 | 5491428.95 | 4944.00 | 215000.69 | -0.1763
random_tactics | Pyrenees_comparison.json | 64 | 248819507 | 3.17 | 13380050.00 | 6468757.17 | 5263.00 | 258284.64 | -0.1926
random_tactics | Pyrenees_comparison.json | 65 | 911820705 | 3.00 | 12121975.00 | 5577891.88 | 5062.00 | 217896.85 | -0.1802
random_tactics | Pyrenees_comparison.json | 66 | 1338934053 | 3.00 | 12167525.00 | 5827785.28 | 4955.00 | 231164.35 | -0.1790
random_tactics | Pyrenees_comparison.json | 67 | 978390736 | 3.17 | 13422100.00 | 6236352.05 | 5369.00 | 245928.28 | -0.1941
random_tactics | Pyrenees_comparison.json | 68 | 1667914286 | 3.17 | 11489150.00 | 5353069.10 | 4895.00 | 209317.30 | -0.1735
random_tactics | Pyrenees_comparison.json | 69 | 779217002 | 3.17 | 12275225.00 | 5729394.58 | 5085.00 | 225092.36 | -0.1819
random_tactics | Pyrenees_comparison.json | 70 | 1316414564 | 3.17 | 12203400.00 | 5627332.20 | 5106.00 | 219960.80 | -0.1817
random_tactics | Pyrenees_comparison.json | 71 | 1659553368 | 3.17 | 13689650.00 | 6867291.52 | 5300.00 | 277090.82 | -0.1963
random_tactics | Pyrenees_comparison.json | 72 | 1969881820 | 3.00 | 11862025.00 | 5532206.78 | 4994.00 | 216662.21 | -0.1777
random_tactics | Pyrenees_comparison.json | 73 | 917647715 | 3.17 | 12623525.00 | 5972166.58 | 5105.00 | 236173.44 | -0.1844
random_tactics | Pyrenees_comparison.json | 74 | 85025054 | 3.17 | 12635675.00 | 5992089.98 | 5148.00 | 236843.05 | -0.1856
random_tactics | Pyrenees_comparison.json | 75 | 1543026409 | 3.17 | 12056475.00 | 5429205.55 | 5105.00 | 210348.22 | -0.1803
random_tactics | Pyrenees_comparison.json | 76 | 1135136798 | 3.00 | 12957600.00 | 5959831.33 | 5264.00 | 233900.86 | -0.1890
random_tactics | Pyrenees_comparison.json | 77 | 1872810736 | 3.33 | 13560525.00 | 6363024.50 | 5547.00 | 250823.59 | -0.1994
random_tactics | Pyrenees_comparison.json | 78 | 986416296 | 3.17 | 12503500.00 | 5823041.25 | 5106.00 | 229005.93 | -0.1834
random_tactics | Pyrenees_comparison.json | 79 | 790444289 | 3.17 | 12410550.00 | 5678393.15 | 5147.00 | 221766.78 | -0.1834
random_tactics | Pyrenees_comparison.json | 80 | 133894701 | 3.17 | 13196700.00 | 6176690.80 | 5354.00 | 243410.98 | -0.1929
random_tactics | Pyrenees_comparison.json | 81 | 981769744 | 3.00 | 12644950.00 | 5924459.98 | 5117.00 | 233869.15 | -0.1846
random_tactics | Pyrenees_comparison.json | 82 | 1377241755 | 3.17 | 13222300.00 | 6218690.50 | 5332.00 | 245782.30 | -0.1926
random_tactics | Pyrenees_comparison.json | 83 | 1653715900 | 3.17 | 12571225.00 | 5796052.45 | 5221.00 | 226667.49 | -0.1862
random_tactics | Pyrenees_comparison.json | 84 | 1831015077 | 3.00 | 11357850.00 | 5122359.33 | 4893.00 | 198025.65 | -0.1719
random_tactics | Pyrenees_comparison.json | 85 | 461373844 | 3.17 | 12981700.00 | 6106329.33 | 5217.00 | 241342.16 | -0.1887
random_tactics | Pyrenees_comparison.json | 86 | 1273331139 | 3.17 | 12290575.00 | 5605313.05 | 5129.00 | 218458.62 | -0.1823
random_tactics | Pyrenees_comparison.json | 87 | 1727528594 | 3.00 | 11924025.00 | 5526059.08 | 5033.00 | 215886.56 | -0.1787
random_tactics | Pyrenees_comparison.json | 88 | 558555015 | 3.17 | 12293475.00 | 5618912.15 | 5081.00 | 219624.65 | -0.1813
random_tactics | Pyrenees_comparison.json | 89 | 740102319 | 3.00 | 12884325.00 | 5916394.83 | 5239.00 | 232083.10 | -0.1880
random_tactics | Pyrenees_comparison.json | 90 | 1803631831 | 3.17 | 12370975.00 | 5906543.12 | 5065.00 | 233903.32 | -0.1826
random_tactics | Pyrenees_comparison.json | 91 | 1248920237 | 3.17 | 13314875.00 | 6423395.33 | 5273.00 | 256026.87 | -0.1925
random_tactics | Pyrenees_comparison.json | 92 | 1094134073 | 3.17 | 12720125.00 | 6040717.45 | 5175.00 | 238922.22 | -0.1867
random_tactics | Pyrenees_comparison.json | 93 | 1446720799 | 3.00 | 12251700.00 | 5633609.62 | 5107.00 | 220217.78 | -0.1819
random_tactics | Pyrenees_comparison.json | 94 | 1097125524 | 3.17 | 13785175.00 | 6434582.55 | 5373.00 | 255309.62 | -0.1961
random_tactics | Pyrenees_comparison.json | 95 | 2106555450 | 3.00 | 11965650.00 | 5537775.72 | 4986.00 | 216850.14 | -0.1778
random_tactics | Pyrenees_comparison.json | 96 | 1617120056 | 3.17 | 12672975.00 | 5942502.20 | 5199.00 | 233985.47 | -0.1867
random_tactics | Pyrenees_comparison.json | 97 | 116244472 | 3.00 | 12617325.00 | 5895843.80 | 5441.00 | 230267.64 | -0.1922
random_tactics | Pyrenees_comparison.json | 98 | 317660152 | 3.17 | 12707750.00 | 5927788.60 | 5243.00 | 232739.41 | -0.1877
random_tactics | Pyrenees_comparison.json | 99 | 1170534941 | 3.17 | 12367275.00 | 5574061.62 | 5181.00 | 216422.38 | -0.1836
random_tactics | Pyrenees_comparison.json | 100 | 1760134975 | 3.17 | 13871150.00 | 6607811.02 | 5594.00 | 261894.86 | -0.2025
random_tactics | Pyrenees_comparison.json | 101 | 148210009 | 3.17 | 12269200.00 | 5822164.80 | 5013.00 | 230127.15 | -0.1806
random_tactics | Pyrenees_comparison.json | 102 | 1467347456 | 3.17 | 12507400.00 | 5963212.17 | 5059.00 | 236429.95 | -0.1830
random_tactics | Pyrenees_comparison.json | 103 | 1631001374 | 3.17 | 13306500.00 | 6328820.15 | 5473.00 | 250120.17 | -0.1968
random_tactics | Pyrenees_comparison.json | 104 | 1690277810 | 3.17 | 14596875.00 | 6810542.32 | 6031.00 | 267890.23 | -0.2159
random_tactics | Pyrenees_comparison.json | 105 | 1875496127 | 3.17 | 13201750.00 | 6648783.77 | 5192.00 | 268079.81 | -0.1915
random_tactics | Pyrenees_comparison.json | 106 | 411492782 | 3.33 | 14554600.00 | 6727954.83 | 6145.00 | 263273.54 | -0.2182
random_tactics | Pyrenees_comparison.json | 107 | 1192456270 | 3.17 | 13275050.00 | 6351655.45 | 5312.00 | 252341.96 | -0.1930
random_tactics | Pyrenees_comparison.json | 108 | 1723063914 | 3.17 | 13973225.00 | 6547015.28 | 5589.00 | 258721.04 | -0.2023
random_tactics | Pyrenees_comparison.json | 109 | 768793750 | 3.17 | 13397550.00 | 6194027.43 | 5604.00 | 242213.40 | -0.1995
random_tactics | Pyrenees_comparison.json | 110 | 410865002 | 3.17 | 12669275.00 | 6023451.30 | 5078.00 | 238943.39 | -0.1842
random_tactics | Pyrenees_comparison.json | 111 | 1029694513 | 3.17 | 12525250.00 | 5955514.35 | 5076.00 | 235962.06 | -0.1834
random_tactics | Pyrenees_comparison.json | 112 | 175132911 | 3.00 | 12364650.00 | 5917706.20 | 5083.00 | 234130.89 | -0.1830
random_tactics | Pyrenees_comparison.json | 113 | 472445100 | 3.00 | 12080250.00 | 5794252.15 | 4906.00 | 229917.57 | -0.1774
random_tactics | Pyrenees_comparison.json | 114 | 1836585941 | 3.17 | 12633275.00 | 5936636.27 | 5180.00 | 233882.61 | -0.1861
random_tactics | Pyrenees_comparison.json | 115 | 1433718042 | 3.00 | 11675625.00 | 5523024.08 | 4894.00 | 217304.77 | -0.1748
random_tactics | Pyrenees_comparison.json | 116 | 1849592223 | 3.33 | 14097475.00 | 7010712.38 | 5602.00 | 281580.33 | -0.2054
random_tactics | Pyrenees_comparison.json | 117 | 1803912902 | 3.17 | 12384950.00 | 5665694.88 | 5118.00 | 221415.39 | -0.1826
random_tactics | Pyrenees_comparison.json | 118 | 1882349080 | 3.17 | 13232325.00 | 6364968.77 | 5420.00 | 252454.08 | -0.1956
random_tactics | Pyrenees_comparison.json | 119 | 666884549 | 3.00 | 12288650.00 | 5504069.97 | 5145.00 | 213372.05 | -0.1822
random_tactics | Pyrenees_comparison.json | 120 | 1013418405 | 3.17 | 12910000.00 | 6038128.83 | 5204.00 | 238283.38 | -0.1879
random_tactics | Pyrenees_comparison.json | 121 | 1325896902 | 3.17 | 11923975.00 | 5474068.70 | 4982.00 | 213805.83 | -0.1772
random_tactics | Pyrenees_comparison.json | 122 | 588514432 | 3.00 | 11712150.00 | 5410474.67 | 5006.00 | 210803.73 | -0.1770
random_tactics | Pyrenees_comparison.json | 123 | 1974475030 | 3.17 | 13169850.00 | 6065831.97 | 5313.00 | 238362.36 | -0.1912
random_tactics | Pyrenees_comparison.json | 124 | 15229585 | 3.17 | 13690325.00 | 6627584.65 | 5551.00 | 263688.13 | -0.2012
random_tactics | Pyrenees_comparison.json | 125 | 1800089671 | 3.17 | 13212250.00 | 6076664.83 | 5321.00 | 238759.78 | -0.1916
random_tactics | Pyrenees_comparison.json | 126 | 1386675063 | 3.00 | 11997250.00 | 5756049.25 | 4905.00 | 228125.27 | -0.1770
random_tactics | Pyrenees_comparison.json | 127 | 544083117 | 3.17 | 13746500.00 | 6540311.42 | 5516.00 | 259389.83 | -0.2000
random_tactics | Pyrenees_comparison.json | 128 | 1545993628 | 3.17 | 13733050.00 | 6520179.38 | 5673.00 | 257319.34 | -0.2037
random_tactics | Pyrenees_comparison.json | 129 | 886956485 | 3.17 | 12669950.00 | 6105720.12 | 5123.00 | 242686.15 | -0.1857
random_tactics | Pyrenees_comparison.json | 130 | 1794371228 | 3.17 | 12391325.00 | 5657913.12 | 5182.00 | 220304.76 | -0.1841
random_tactics | Pyrenees_comparison.json | 131 | 2143709453 | 3.00 | 12571500.00 | 5778392.58 | 5191.00 | 226060.13 | -0.1854
random_tactics | Pyrenees_comparison.json | 132 | 605328024 | 3.17 | 12801700.00 | 6074173.22 | 5209.00 | 240217.87 | -0.1879
random_tactics | Pyrenees_comparison.json | 133 | 1009388424 | 3.33 | 12940675.00 | 5888020.97 | 5313.00 | 229902.38 | -0.1898
random_tactics | Pyrenees_comparison.json | 134 | 462177494 | 3.17 | 12704725.00 | 5981809.45 | 5178.00 | 235930.67 | -0.1864
random_tactics | Pyrenees_comparison.json | 135 | 1487220832 | 3.17 | 12234775.00 | 5694828.62 | 5097.00 | 223336.75 | -0.1819
random_tactics | Pyrenees_comparison.json | 136 | 1372953683 | 3.17 | 12461050.00 | 5835314.90 | 5085.00 | 230006.38 | -0.1829
random_tactics | Pyrenees_comparison.json | 137 | 1813665612 | 3.17 | 12787250.00 | 5738371.60 | 5328.00 | 222577.87 | -0.1890
random_tactics | Pyrenees_comparison.json | 138 | 1728842088 | 3.17 | 12350350.00 | 5887030.30 | 5034.00 | 233068.37 | -0.1816
random_tactics | Pyrenees_comparison.json | 139 | 2097930220 | 3.17 | 12505625.00 | 5889095.08 | 5114.00 | 232346.43 | -0.1840
random_tactics | Pyrenees_comparison.json | 140 | 2069467440 | 3.17 | 14196700.00 | 6795460.12 | 5742.00 | 269697.52 | -0.2079
random_tactics | Pyrenees_comparison.json | 141 | 1921790505 | 3.17 | 13118450.00 | 6291729.58 | 5275.00 | 249816.67 | -0.1914
random_tactics | Pyrenees_comparison.json | 142 | 323249611 | 3.17 | 12814975.00 | 5702880.92 | 5242.00 | 221708.66 | -0.1868
random_tactics | Pyrenees_comparison.json | 143 | 90638391 | 3.17 | 12028475.00 | 5546403.95 | 5013.00 | 216934.24 | -0.1786
random_tactics | Pyrenees_comparison.json | 144 | 1035543218 | 3.17 | 13081275.00 | 6026123.30 | 5194.00 | 237512.67 | -0.1880
random_tactics | Pyrenees_comparison.json | 145 | 740899031 | 3.17 | 13330700.00 | 6529472.22 | 5416.00 | 260576.53 | -0.1966
random_tactics | Pyrenees_comparison.json | 146 | 1921387682 | 3.17 | 13249000.00 | 6248977.23 | 5289.00 | 247480.65 | -0.1918
random_tactics | Pyrenees_comparison.json | 147 | 1711391460 | 3.17 | 11682425.00 | 5501205.30 | 4739.00 | 217132.76 | -0.1709
random_tactics | Pyrenees_comparison.json | 148 | 907777644 | 3.17 | 12972800.00 | 6315305.60 | 5214.00 | 251938.85 | -0.1897
random_tactics | Pyrenees_comparison.json | 149 | 1235980316 | 3.33 | 15193850.00 | 7608660.65 | 5967.00 | 306719.85 | -0.2199
random_tactics | Pyrenees_comparison.json | 150 | 1265946037 | 3.17 | 11993850.00 | 5579313.58 | 5019.00 | 218612.63 | -0.1788
random_tactics | Pyrenees_comparison.json | 151 | 1913147181 | 3.33 | 14742750.00 | 7011467.00 | 6084.00 | 277160.24 | -0.2186
random_tactics | Pyrenees_comparison.json | 152 | 52593328 | 3.00 | 11975775.00 | 5602960.78 | 4939.00 | 220469.42 | -0.1770
random_tactics | Pyrenees_comparison.json | 153 | 1051673196 | 3.17 | 13156825.00 | 6688630.80 | 5135.00 | 270576.29 | -0.1902
random_tactics | Pyrenees_comparison.json | 154 | 1446244094 | 3.17 | 13386025.00 | 6404555.33 | 5429.00 | 254027.91 | -0.1964
random_tactics | Pyrenees_comparison.json | 155 | 972920472 | 3.17 | 11770425.00 | 5353209.07 | 5016.00 | 207897.84 | -0.1771
random_tactics | Pyrenees_comparison.json | 156 | 1973727780 | 3.00 | 12044375.00 | 5549722.62 | 5063.00 | 216771.78 | -0.1799
random_tactics | Pyrenees_comparison.json | 157 | 2041267439 | 3.33 | 14947100.00 | 6972743.08 | 5814.00 | 276395.11 | -0.2123
random_tactics | Pyrenees_comparison.json | 158 | 1775593873 | 3.17 | 12559550.00 | 5859599.68 | 5128.00 | 230609.89 | -0.1843
random_tactics | Pyrenees_comparison.json | 159 | 997332142 | 3.00 | 12156425.00 | 5752606.35 | 5007.00 | 227023.79 | -0.1798
random_tactics | Pyrenees_comparison.json | 160 | 1901640291 | 3.17 | 12783325.00 | 6134155.03 | 5160.00 | 243558.61 | -0.1870
random_tactics | Pyrenees_comparison.json | 161 | 157374658 | 3.17 | 13305925.00 | 6292468.67 | 5395.00 | 248634.77 | -0.1947
random_tactics | Pyrenees_comparison.json | 162 | 1418102380 | 3.00 | 11199525.00 | 5166491.08 | 4779.00 | 201281.05 | -0.1690
random_tactics | Pyrenees_comparison.json | 163 | 575740686 | 3.00 | 12113125.00 | 5764209.83 | 4977.00 | 227824.10 | -0.1791
random_tactics | Pyrenees_comparison.json | 164 | 527319478 | 3.17 | 13003475.00 | 6003229.12 | 5311.00 | 235543.22 | -0.1905
random_tactics | Pyrenees_comparison.json | 165 | 1459174190 | 3.00 | 11830350.00 | 5617829.25 | 4932.00 | 221504.46 | -0.1766
random_tactics | Pyrenees_comparison.json | 166 | 1650377687 | 3.17 | 12604325.00 | 5918873.02 | 5170.00 | 233112.92 | -0.1857
random_tactics | Pyrenees_comparison.json | 167 | 1907987181 | 3.17 | 13018300.00 | 5970118.15 | 5254.00 | 234343.00 | -0.1890
random_tactics | Pyrenees_comparison.json | 168 | 454568047 | 3.00 | 12502950.00 | 5866507.33 | 5106.00 | 231295.25 | -0.1836
random_tactics | Pyrenees_comparison.json | 169 | 1871892948 | 3.00 | 11749150.00 | 5593299.65 | 4885.00 | 220642.56 | -0.1751
random_tactics | Pyrenees_comparison.json | 170 | 1785149113 | 3.17 | 12476450.00 | 5949749.20 | 5041.00 | 236026.78 | -0.1825
random_tactics | Pyrenees_comparison.json | 171 | 675405135 | 3.00 | 12347050.00 | 6054677.35 | 5046.00 | 241352.39 | -0.1828
random_tactics | Pyrenees_comparison.json | 172 | 134685712 | 3.17 | 12279925.00 | 5883546.72 | 5019.00 | 233178.01 | -0.1811
random_tactics | Pyrenees_comparison.json | 173 | 1657585441 | 3.17 | 13296100.00 | 6337483.90 | 5369.00 | 251257.65 | -0.1943
random_tactics | Pyrenees_comparison.json | 174 | 1772721579 | 2.83 | 11505925.00 | 5633598.33 | 4867.00 | 223474.92 | -0.1743
random_tactics | Pyrenees_comparison.json | 175 | 989179359 | 3.17 | 12393925.00 | 5687504.20 | 5163.00 | 222100.70 | -0.1838
random_tactics | Pyrenees_comparison.json | 176 | 353276664 | 3.17 | 12292150.00 | 5717768.70 | 5104.00 | 224213.59 | -0.1823
random_tactics | Pyrenees_comparison.json | 177 | 312896403 | 3.17 | 12215700.00 | 5853215.78 | 5006.00 | 231811.98 | -0.1805
random_tactics | Pyrenees_comparison.json | 178 | 805622040 | 3.17 | 12770350.00 | 6139124.67 | 5164.00 | 243839.94 | -0.1871
random_tactics | Pyrenees_comparison.json | 179 | 1625994511 | 3.17 | 12431950.00 | 5787329.55 | 5060.00 | 227884.63 | -0.1820
random_tactics | Pyrenees_comparison.json | 180 | 680190032 | 3.00 | 12605650.00 | 5876829.03 | 5157.00 | 231232.44 | -0.1852
random_tactics | Pyrenees_comparison.json | 181 | 67639314 | 3.00 | 12996900.00 | 6031199.03 | 5235.00 | 237688.01 | -0.1888
random_tactics | Pyrenees_comparison.json | 182 | 1484634977 | 3.17 | 12070650.00 | 5480513.85 | 5110.00 | 212752.76 | -0.1807
random_tactics | Pyrenees_comparison.json | 183 | 1598208864 | 3.17 | 12280325.00 | 5765973.25 | 5027.00 | 227256.63 | -0.1807
random_tactics | Pyrenees_comparison.json | 184 | 383480187 | 3.00 | 11343425.00 | 5525477.28 | 4552.00 | 220427.25 | -0.1657
random_tactics | Pyrenees_comparison.json | 185 | 1203509821 | 3.17 | 14248525.00 | 6639026.35 | 6218.00 | 258883.25 | -0.2188
random_tactics | Pyrenees_comparison.json | 186 | 850953628 | 3.00 | 11480050.00 | 5605863.52 | 4797.00 | 222544.29 | -0.1724
random_tactics | Pyrenees_comparison.json | 187 | 1076362207 | 3.17 | 12880575.00 | 6172500.10 | 5178.00 | 244974.61 | -0.1878
random_tactics | Pyrenees_comparison.json | 188 | 12508222 | 3.33 | 13649625.00 | 6297553.60 | 5599.00 | 246769.96 | -0.2005
random_tactics | Pyrenees_comparison.json | 189 | 1362793716 | 3.17 | 12450175.00 | 5748206.60 | 5093.00 | 225622.38 | -0.1826
random_tactics | Pyrenees_comparison.json | 190 | 563703102 | 3.00 | 13687025.00 | 6220593.45 | 5763.00 | 242112.15 | -0.2042
random_tactics | Pyrenees_comparison.json | 191 | 1190527097 | 3.17 | 13278800.00 | 6440294.05 | 5499.00 | 255614.92 | -0.1980
random_tactics | Pyrenees_comparison.json | 192 | 904496090 | 3.17 | 12555775.00 | 6020596.88 | 5106.00 | 238696.86 | -0.1846
random_tactics | Pyrenees_comparison.json | 193 | 1309607926 | 3.17 | 12608050.00 | 5643980.77 | 5249.00 | 218779.78 | -0.1862
random_tactics | Pyrenees_comparison.json | 194 | 227464123 | 3.17 | 12090625.00 | 5684120.28 | 5011.00 | 223749.69 | -0.1794
random_tactics | Pyrenees_comparison.json | 195 | 781986532 | 3.17 | 12231450.00 | 5709313.62 | 5087.00 | 224062.56 | -0.1817
random_tactics | Pyrenees_comparison.json | 196 | 1359700629 | 3.17 | 11880175.00 | 5518807.50 | 5030.00 | 215660.73 | -0.1785
random_tactics | Pyrenees_comparison.json | 197 | 1647837452 | 3.17 | 12784400.00 | 6131175.15 | 5158.00 | 243532.87 | -0.1870
random_tactics | Pyrenees_comparison.json | 198 | 816954898 | 3.17 | 12463800.00 | 5791472.22 | 5131.00 | 227422.13 | -0.1838
random_tactics | Pyrenees_comparison.json | 199 | 52603344 | 3.00 | 12168875.00 | 5457023.80 | 5115.00 | 211437.09 | -0.1809
random_tactics | Pyrenees_comparison.json | 200 | 1557556871 | 3.17 | 13138825.00 | 6130317.65 | 5325.00 | 241402.13 | -0.1918

Policy + Scenario summary (mean over runs)
policy_type | policy_name | scenario_name | runs | mean_burnt_area_m2 | mean_cost_eur | mean_casualties | mean_emissions_tonnes | mean_mission_h | mean_moe
ppo_model | switch_ignition_1m | Pyrenees_comparison.json | 200 | 12492975.25 | 5816294.93 | 5162.65 | 228363.36 | 3.13 | -0.1847
random_tactic | random_tactics | Pyrenees_comparison.json | 200 | 12707305.38 | 5982462.62 | 5204.74 | 235922.78 | 3.12 | -0.1871
Saved plot: examples/wildfire/data/scenarios/outputs/eval_palisades_on_pyrenees/plots/pyrenees_comparison_json_moe_comparison.png
Saved plot: examples/wildfire/data/scenarios/outputs/eval_palisades_on_pyrenees/plots/pyrenees_comparison_json_burnt_area_comparison.png
Saved plot: examples/wildfire/data/scenarios/outputs/eval_palisades_on_pyrenees/plots/pyrenees_comparison_json_cost_comparison.png
Saved plot: examples/wildfire/data/scenarios/outputs/eval_palisades_on_pyrenees/plots/pyrenees_comparison_json_moe_boxplot.png

Saved per-run results to examples/wildfire/data/scenarios/outputs/eval_palisades_on_pyrenees/results.csv
Saved summary results to examples/wildfire/data/scenarios/outputs/eval_palisades_on_pyrenees/summary.csv
Saved plots to examples/wildfire/data/scenarios/outputs/eval_palisades_on_pyrenees/plots
Evaluation finished in 636.45 seconds
