/home/ibrahimoguz/.conda/envs/rl-env/bin/python
PPO rollout config: num_envs=36, n_steps=144, effective_batch=5184, minibatches=12, batch_size=432
Decision start delay: Palisades copy.json response_time / 60 = 60.0 minutes
Allowed tactic combinations: 17
Vector env start method: fork
Policy arch: default (independent pi=[512,256,128] / vf=[512,256,128], Tanh)
Using cpu device
PPO hyperparams: lr=0.0005 (decay^0.6), n_epochs=5, gamma=0.99, target_kl=0.02
Checkpointing every 200000 timesteps (5555/env) to examples/wildfire/data/scenarios/outputs/palisades_dt1_probe_542017/checkpoints

Mission Failed (Palisades)

Mission Failed (Palisades)

Mission Failed (Palisades)

Mission Failed (Palisades)

Mission Failed (Palisades)

Mission Failed (Palisades)

Mission Failed (Palisades)

Mission Failed (Palisades)

Mission Failed (Palisades)

Mission Failed (Palisades)

Mission Failed (Palisades)

Mission Failed (Palisades)

Mission Failed (Palisades)

Mission Failed (Palisades)

Mission Failed (Palisades)

Mission Failed (Palisades)

Mission Failed (Palisades)

Mission Failed (Palisades)

Mission Failed (Palisades)

Mission Failed (Palisades)

Mission Failed (Palisades)

Mission Failed (Palisades)

Mission Failed (Palisades)

Mission Failed (Palisades)

Mission Failed (Palisades)

Mission Failed (Palisades)

Mission Failed (Palisades)

Mission Failed (Palisades)

Mission Failed (Palisades)

Mission Failed (Palisades)

Mission Failed (Palisades)

Mission Failed (Palisades)

Mission Failed (Palisades)

Mission Failed (Palisades)

Mission Failed (Palisades)

Mission Failed (Palisades)
-----------------------------
| time/              |      |
|    fps             | 14   |
|    iterations      | 1    |
|    time_elapsed    | 355  |
|    total_timesteps | 5184 |
-----------------------------

Mission Failed (Palisades)

Mission Failed (Palisades)

Mission Failed (Palisades)

Mission Failed (Palisades)

Mission Failed (Palisades)

Mission Failed (Palisades)

Mission Failed (Palisades)

Mission Failed (Palisades)

Mission Failed (Palisades)

Mission Failed (Palisades)

Mission Failed (Palisades)

Mission Failed (Palisades)

Mission Failed (Palisades)

Mission Failed (Palisades)

Mission Failed (Palisades)

Mission Failed (Palisades)

Mission Failed (Palisades)

Mission Failed (Palisades)

Mission Failed (Palisades)

Mission Failed (Palisades)

Mission Failed (Palisades)

Mission Failed (Palisades)

Mission Failed (Palisades)

Mission Failed (Palisades)

Mission Failed (Palisades)

Mission Failed (Palisades)

Mission Failed (Palisades)

Mission Failed (Palisades)

Mission Failed (Palisades)

Mission Failed (Palisades)

Mission Failed (Palisades)

Mission Failed (Palisades)

Mission Failed (Palisades)

Mission Failed (Palisades)

Mission Failed (Palisades)

Mission Failed (Palisades)

Mission Failed (Palisades)

Mission Failed (Palisades)

Mission Failed (Palisades)

Mission Failed (Palisades)

Mission Failed (Palisades)

Mission Failed (Palisades)

Mission Failed (Palisades)

Mission Failed (Palisades)

Mission Failed (Palisades)

Mission Failed (Palisades)

Mission Failed (Palisades)

Mission Failed (Palisades)

Mission Failed (Palisades)

Mission Failed (Palisades)
-----------------------------------------
| time/                   |             |
|    fps                  | 13          |
|    iterations           | 2           |
|    time_elapsed         | 773         |
|    total_timesteps      | 10368       |
| train/                  |             |
|    approx_kl            | 0.011491341 |
|    clip_fraction        | 0.11        |
|    clip_range           | 0.2         |
|    entropy_loss         | -8.49       |
|    explained_variance   | 0.0375      |
|    learning_rate        | 0.000498    |
|    loss                 | -0.00188    |
|    n_updates            | 5           |
|    policy_gradient_loss | -0.0118     |
|    value_loss           | 0.0539      |
-----------------------------------------

Mission Failed (Palisades)

Mission Failed (Palisades)

Mission Failed (Palisades)

Mission Failed (Palisades)

Mission Failed (Palisades)

Mission Failed (Palisades)

Mission Failed (Palisades)

Mission Failed (Palisades)

Mission Failed (Palisades)

Mission Failed (Palisades)

Mission Failed (Palisades)

Mission Failed (Palisades)

Mission Failed (Palisades)

Mission Failed (Palisades)

Mission Failed (Palisades)

Mission Failed (Palisades)
Episode summary log written to examples/wildfire/data/scenarios/outputs/palisades_dt1_probe_542017/results_palisades_dt1_probe_100_summary.csv

Mission Failed (Palisades)

Mission Failed (Palisades)

Mission Failed (Palisades)

Mission Failed (Palisades)

Mission Failed (Palisades)

Mission Failed (Palisades)

Mission Failed (Palisades)

Mission Failed (Palisades)

Mission Failed (Palisades)

Mission Failed (Palisades)

Mission Failed (Palisades)

Mission Failed (Palisades)

Mission Failed (Palisades)

Mission Failed (Palisades)

Mission Failed (Palisades)

Mission Failed (Palisades)

Mission Failed (Palisades)

Mission Failed (Palisades)

Mission Failed (Palisades)

Mission Failed (Palisades)

Mission Failed (Palisades)

Mission Failed (Palisades)

Mission Failed (Palisades)

Mission Failed (Palisades)

Mission Failed (Palisades)

Mission Failed (Palisades)

Mission Failed (Palisades)

Mission Failed (Palisades)

Mission Failed (Palisades)

Mission Failed (Palisades)

Mission Failed (Palisades)

Mission Failed (Palisades)

Mission Failed (Palisades)

Mission Failed (Palisades)

Mission Failed (Palisades)

Mission Failed (Palisades)

Mission Failed (Palisades)

Mission Failed (Palisades)

Mission Failed (Palisades)

Mission Failed (Palisades)

Mission Failed (Palisades)

Mission Failed (Palisades)
-----------------------------------------
| time/                   |             |
|    fps                  | 13          |
|    iterations           | 3           |
|    time_elapsed         | 1178        |
|    total_timesteps      | 15552       |
| train/                  |             |
|    approx_kl            | 0.011129673 |
|    clip_fraction        | 0.115       |
|    clip_range           | 0.2         |
|    entropy_loss         | -8.48       |
|    explained_variance   | 0.871       |
|    learning_rate        | 0.000497    |
|    loss                 | -0.0173     |
|    n_updates            | 10          |
|    policy_gradient_loss | -0.0109     |
|    value_loss           | 0.0112      |
-----------------------------------------

Mission Failed (Palisades)

Mission Failed (Palisades)

Mission Failed (Palisades)

Mission Failed (Palisades)

Mission Failed (Palisades)

Mission Failed (Palisades)

Mission Failed (Palisades)

Mission Failed (Palisades)

Mission Failed (Palisades)

Mission Failed (Palisades)

Mission Failed (Palisades)

Mission Failed (Palisades)

Mission Failed (Palisades)

Mission Failed (Palisades)

Mission Failed (Palisades)

Mission Failed (Palisades)

Mission Failed (Palisades)

Mission Failed (Palisades)

Mission Failed (Palisades)

Mission Failed (Palisades)

Mission Failed (Palisades)

Mission Failed (Palisades)

Mission Failed (Palisades)

Mission Failed (Palisades)

Mission Failed (Palisades)

Mission Failed (Palisades)

Mission Failed (Palisades)

Mission Failed (Palisades)

Mission Failed (Palisades)

Mission Failed (Palisades)

Mission Failed (Palisades)

Mission Failed (Palisades)

Mission Failed (Palisades)

Mission Failed (Palisades)

Mission Failed (Palisades)

Mission Failed (Palisades)

Mission Failed (Palisades)

Mission Failed (Palisades)

Mission Failed (Palisades)

Mission Failed (Palisades)

Mission Failed (Palisades)

Mission Failed (Palisades)

Mission Failed (Palisades)

Mission Failed (Palisades)

Mission Failed (Palisades)

Mission Failed (Palisades)
-----------------------------------------
| time/                   |             |
|    fps                  | 12          |
|    iterations           | 4           |
|    time_elapsed         | 1610        |
|    total_timesteps      | 20736       |
| train/                  |             |
|    approx_kl            | 0.014196846 |
|    clip_fraction        | 0.146       |
|    clip_range           | 0.2         |
|    entropy_loss         | -8.47       |
|    explained_variance   | 0.976       |
|    learning_rate        | 0.000495    |
|    loss                 | -0.03       |
|    n_updates            | 15          |
|    policy_gradient_loss | -0.0154     |
|    value_loss           | 0.00258     |
-----------------------------------------

Mission Failed (Palisades)

Mission Failed (Palisades)

Mission Failed (Palisades)

Mission Failed (Palisades)

Mission Failed (Palisades)

Mission Failed (Palisades)

Mission Failed (Palisades)

Mission Failed (Palisades)

Mission Failed (Palisades)

Mission Failed (Palisades)
Episode summary log written to examples/wildfire/data/scenarios/outputs/palisades_dt1_probe_542017/results_palisades_dt1_probe_200_summary.csv

Mission Failed (Palisades)

Mission Failed (Palisades)

Mission Failed (Palisades)

Mission Failed (Palisades)

Mission Failed (Palisades)

Mission Failed (Palisades)

Mission Failed (Palisades)

Mission Failed (Palisades)

Mission Failed (Palisades)

Mission Failed (Palisades)

Mission Failed (Palisades)

Mission Failed (Palisades)

Mission Failed (Palisades)

Mission Failed (Palisades)

Mission Failed (Palisades)

Mission Failed (Palisades)

Mission Failed (Palisades)

Mission Failed (Palisades)

Mission Failed (Palisades)

Mission Failed (Palisades)

Mission Failed (Palisades)

Mission Failed (Palisades)

Mission Failed (Palisades)

Mission Failed (Palisades)

Mission Failed (Palisades)

Mission Failed (Palisades)

Mission Failed (Palisades)

Mission Failed (Palisades)

Mission Failed (Palisades)

Mission Failed (Palisades)

Mission Failed (Palisades)

Mission Failed (Palisades)

Mission Failed (Palisades)

Mission Failed (Palisades)

Mission Failed (Palisades)

Mission Failed (Palisades)

Mission Failed (Palisades)

Mission Failed (Palisades)

Mission Failed (Palisades)

Mission Failed (Palisades)

Mission Failed (Palisades)

Mission Failed (Palisades)

Mission Failed (Palisades)

Mission Failed (Palisades)

Mission Failed (Palisades)

Mission Failed (Palisades)

Mission Failed (Palisades)

Mission Failed (Palisades)

Mission Failed (Palisades)

Mission Failed (Palisades)

Mission Failed (Palisades)

Mission Failed (Palisades)
-----------------------------------------
| time/                   |             |
|    fps                  | 12          |
|    iterations           | 5           |
|    time_elapsed         | 2033        |
|    total_timesteps      | 25920       |
| train/                  |             |
|    approx_kl            | 0.013248492 |
|    clip_fraction        | 0.137       |
|    clip_range           | 0.2         |
|    entropy_loss         | -8.44       |
|    explained_variance   | 0.98        |
|    learning_rate        | 0.000494    |
|    loss                 | -0.0249     |
|    n_updates            | 20          |
|    policy_gradient_loss | -0.0123     |
|    value_loss           | 0.00146     |
-----------------------------------------

Mission Failed (Palisades)

Mission Failed (Palisades)

Mission Failed (Palisades)

Mission Failed (Palisades)

Mission Failed (Palisades)

Mission Failed (Palisades)

Mission Failed (Palisades)

Mission Failed (Palisades)

Mission Failed (Palisades)

Mission Failed (Palisades)

Mission Failed (Palisades)

Mission Failed (Palisades)

Mission Failed (Palisades)

Mission Failed (Palisades)

Mission Failed (Palisades)

Mission Failed (Palisades)

Mission Failed (Palisades)

Mission Failed (Palisades)

Mission Failed (Palisades)

Mission Failed (Palisades)

Mission Failed (Palisades)

Mission Failed (Palisades)

Mission Failed (Palisades)

Mission Failed (Palisades)

Mission Failed (Palisades)

Mission Failed (Palisades)

Mission Failed (Palisades)

Mission Failed (Palisades)

Mission Failed (Palisades)

Mission Failed (Palisades)

Mission Failed (Palisades)

Mission Failed (Palisades)

Mission Failed (Palisades)

Mission Failed (Palisades)

Mission Failed (Palisades)

Mission Failed (Palisades)

Mission Failed (Palisades)

Mission Failed (Palisades)

Mission Failed (Palisades)

Mission Failed (Palisades)

Mission Failed (Palisades)

Mission Failed (Palisades)

Mission Failed (Palisades)
----------------------------------------
| time/                   |            |
|    fps                  | 12         |
|    iterations           | 6          |
|    time_elapsed         | 2487       |
|    total_timesteps      | 31104      |
| train/                  |            |
|    approx_kl            | 0.01119675 |
|    clip_fraction        | 0.153      |
|    clip_range           | 0.2        |
|    entropy_loss         | -8.43      |
|    explained_variance   | 0.987      |
|    learning_rate        | 0.000492   |
|    loss                 | -0.0308    |
|    n_updates            | 25         |
|    policy_gradient_loss | -0.0132    |
|    value_loss           | 0.000868   |
----------------------------------------

Mission Failed (Palisades)

Mission Failed (Palisades)

Mission Failed (Palisades)

Mission Failed (Palisades)

Mission Failed (Palisades)

Mission Failed (Palisades)
Episode summary log written to examples/wildfire/data/scenarios/outputs/palisades_dt1_probe_542017/results_palisades_dt1_probe_300_summary.csv

Mission Failed (Palisades)

Mission Failed (Palisades)

Mission Failed (Palisades)

Mission Failed (Palisades)

Mission Failed (Palisades)

Mission Failed (Palisades)

Mission Failed (Palisades)

Mission Failed (Palisades)

Mission Failed (Palisades)

Mission Failed (Palisades)

Mission Failed (Palisades)

Mission Failed (Palisades)

Mission Failed (Palisades)

Mission Failed (Palisades)

Mission Failed (Palisades)

Mission Failed (Palisades)

Mission Failed (Palisades)

Mission Failed (Palisades)

Mission Failed (Palisades)

Mission Failed (Palisades)

Mission Failed (Palisades)

Mission Failed (Palisades)

Mission Failed (Palisades)

Mission Failed (Palisades)

Mission Failed (Palisades)

Mission Failed (Palisades)

Mission Failed (Palisades)

Mission Failed (Palisades)

Mission Failed (Palisades)

Mission Failed (Palisades)

Mission Failed (Palisades)

Mission Failed (Palisades)

Mission Failed (Palisades)

Mission Failed (Palisades)

Mission Failed (Palisades)

Mission Failed (Palisades)

Mission Failed (Palisades)

Mission Failed (Palisades)

Mission Failed (Palisades)

Mission Failed (Palisades)

Mission Failed (Palisades)

Mission Failed (Palisades)

Mission Failed (Palisades)

Mission Failed (Palisades)

Mission Failed (Palisades)

Mission Failed (Palisades)

Mission Failed (Palisades)

Mission Failed (Palisades)

Mission Failed (Palisades)

Mission Failed (Palisades)

Mission Failed (Palisades)

Mission Failed (Palisades)

Mission Failed (Palisades)

Mission Failed (Palisades)

Mission Failed (Palisades)

Mission Failed (Palisades)

Mission Failed (Palisades)

Mission Failed (Palisades)

Mission Failed (Palisades)
-----------------------------------------
| time/                   |             |
|    fps                  | 12          |
|    iterations           | 7           |
|    time_elapsed         | 2939        |
|    total_timesteps      | 36288       |
| train/                  |             |
|    approx_kl            | 0.014401901 |
|    clip_fraction        | 0.147       |
|    clip_range           | 0.2         |
|    entropy_loss         | -8.42       |
|    explained_variance   | 0.979       |
|    learning_rate        | 0.000491    |
|    loss                 | -0.0209     |
|    n_updates            | 30          |
|    policy_gradient_loss | -0.0141     |
|    value_loss           | 0.000547    |
-----------------------------------------

Mission Failed (Palisades)

Mission Failed (Palisades)

Mission Failed (Palisades)

Mission Failed (Palisades)

Mission Failed (Palisades)

Mission Failed (Palisades)

Mission Failed (Palisades)

Mission Failed (Palisades)

Mission Failed (Palisades)

Mission Failed (Palisades)

Mission Failed (Palisades)

Mission Failed (Palisades)

Mission Failed (Palisades)

Mission Failed (Palisades)

Mission Failed (Palisades)

Mission Failed (Palisades)

Mission Failed (Palisades)

Mission Failed (Palisades)

Mission Failed (Palisades)

Mission Failed (Palisades)

Mission Failed (Palisades)

Mission Failed (Palisades)

Mission Failed (Palisades)

Mission Failed (Palisades)

Mission Failed (Palisades)

Mission Failed (Palisades)

Mission Failed (Palisades)

Mission Failed (Palisades)

Mission Failed (Palisades)

Mission Failed (Palisades)

Mission Failed (Palisades)

Mission Failed (Palisades)

Mission Failed (Palisades)

Mission Failed (Palisades)

Mission Failed (Palisades)

Mission Failed (Palisades)

Mission Failed (Palisades)

Mission Failed (Palisades)

Mission Failed (Palisades)

Mission Failed (Palisades)
Episode summary log written to examples/wildfire/data/scenarios/outputs/palisades_dt1_probe_542017/results_palisades_dt1_probe_400_summary.csv
-----------------------------------------
| time/                   |             |
|    fps                  | 12          |
|    iterations           | 8           |
|    time_elapsed         | 3404        |
|    total_timesteps      | 41472       |
| train/                  |             |
|    approx_kl            | 0.014695704 |
|    clip_fraction        | 0.151       |
|    clip_range           | 0.2         |
|    entropy_loss         | -8.42       |
|    explained_variance   | 0.987       |
|    learning_rate        | 0.000489    |
|    loss                 | -0.0257     |
|    n_updates            | 35          |
|    policy_gradient_loss | -0.0133     |
|    value_loss           | 0.000386    |
-----------------------------------------

Mission Failed (Palisades)

Mission Failed (Palisades)

Mission Failed (Palisades)

Mission Failed (Palisades)

Mission Failed (Palisades)

Mission Failed (Palisades)

Mission Failed (Palisades)

Mission Failed (Palisades)

Mission Failed (Palisades)

Mission Failed (Palisades)

Mission Failed (Palisades)

Mission Failed (Palisades)

Mission Failed (Palisades)

Mission Failed (Palisades)

Mission Failed (Palisades)

Mission Failed (Palisades)

Mission Failed (Palisades)

Mission Failed (Palisades)

Mission Failed (Palisades)

Mission Failed (Palisades)

Mission Failed (Palisades)

Mission Failed (Palisades)

Mission Failed (Palisades)

Mission Failed (Palisades)

Mission Failed (Palisades)

Mission Failed (Palisades)

Mission Failed (Palisades)

Mission Failed (Palisades)

Mission Failed (Palisades)

Mission Failed (Palisades)

Mission Failed (Palisades)

Mission Failed (Palisades)
