/home/ibrahimoguz/.conda/envs/rl-env/bin/python
--switch-ignition-2 enabled: ignition randomized each episode in a map-centered box (margin 25% of map edge from each boundary).
PPO rollout config: num_envs=36, n_steps=144, effective_batch=5184, minibatches=12, batch_size=432
State fire fronts inspected for front-derived flags (topography/vegetation/indirect/urban/water): 5
Decision start delay override: 30.0 minutes
Allowed tactic combinations: 17
Diagnostic: gc.collect() and prior-sim drop at reset start enabled.
State space: large (37 observation features)
Vector env start method: fork
Policy arch: independent pi=[512,256,128] / vf=[512,256,128], Tanh
Using cpu device
PPO hyperparams: lr=0.0005 (decay^0.6), n_epochs=5, gamma=0.99, target_kl=None

Mission Completed (Palisades)

Mission Completed (Palisades)

Mission Failed (Palisades)

Mission Failed (Palisades)

Mission Failed (Palisades)

Mission Failed (Palisades)

Mission Failed (Palisades)

Mission Failed (Palisades)

Mission Failed (Palisades)

Mission Failed (Palisades)

Mission Failed (Palisades)

Mission Failed (Palisades)

Mission Failed (Palisades)

Mission Failed (Palisades)

Mission Failed (Palisades)

Mission Failed (Palisades)

Mission Failed (Palisades)

Mission Failed (Palisades)

Mission Failed (Palisades)

Mission Failed (Palisades)

Mission Failed (Palisades)

Mission Completed (Palisades)

Mission Failed (Palisades)

Mission Failed (Palisades)

Mission Failed (Palisades)

Mission Failed (Palisades)

Mission Failed (Palisades)

Mission Failed (Palisades)

Mission Failed (Palisades)

Mission Failed (Palisades)

Mission Failed (Palisades)

Mission Failed (Palisades)

Mission Failed (Palisades)

Mission Failed (Palisades)

Mission Failed (Palisades)

Mission Failed (Palisades)

Mission Failed (Palisades)

Mission Failed (Palisades)

Mission Failed (Palisades)

Mission Failed (Palisades)

Mission Failed (Palisades)

Mission Failed (Palisades)

Mission Failed (Palisades)

Mission Failed (Palisades)

Mission Failed (Palisades)

Mission Failed (Palisades)

Mission Failed (Palisades)

Mission Failed (Palisades)

Mission Failed (Palisades)

Mission Failed (Palisades)

Mission Failed (Palisades)

Mission Failed (Palisades)

Mission Failed (Palisades)

Mission Failed (Palisades)

Mission Failed (Palisades)

Mission Failed (Palisades)

Mission Failed (Palisades)

Mission Failed (Palisades)

Mission Failed (Palisades)

Mission Failed (Palisades)

Mission Failed (Palisades)

Mission Failed (Palisades)

Mission Failed (Palisades)

Mission Failed (Palisades)

Mission Failed (Palisades)

Mission Failed (Palisades)

Mission Failed (Palisades)

Mission Failed (Palisades)

Mission Failed (Palisades)

Mission Failed (Palisades)

Mission Failed (Palisades)

Mission Failed (Palisades)

Mission Failed (Palisades)

Mission Completed (Palisades)

Mission Failed (Palisades)

Mission Failed (Palisades)
-----------------------------
| time/              |      |
|    fps             | 7    |
|    iterations      | 1    |
|    time_elapsed    | 683  |
|    total_timesteps | 5184 |
-----------------------------

Mission Completed (Palisades)
Episode summary log written to examples/wildfire/data/scenarios/outputs/palisades_v2_546324/results_palisades_v2_switchign_100_summary.csv

Mission Failed (Palisades)

Mission Failed (Palisades)

Mission Failed (Palisades)

Mission Failed (Palisades)

Mission Failed (Palisades)

Mission Failed (Palisades)

Mission Failed (Palisades)

Mission Failed (Palisades)

Mission Failed (Palisades)

Mission Failed (Palisades)

Mission Failed (Palisades)

Mission Failed (Palisades)

Mission Failed (Palisades)

Mission Failed (Palisades)

Mission Failed (Palisades)

Mission Failed (Palisades)

Mission Failed (Palisades)

Mission Failed (Palisades)

Mission Failed (Palisades)

Mission Failed (Palisades)

Mission Failed (Palisades)

Mission Failed (Palisades)

Mission Failed (Palisades)

Mission Failed (Palisades)

Mission Failed (Palisades)

Mission Failed (Palisades)

Mission Failed (Palisades)

Mission Failed (Palisades)

Mission Failed (Palisades)

Mission Failed (Palisades)

Mission Failed (Palisades)

Mission Failed (Palisades)

Mission Failed (Palisades)

Mission Failed (Palisades)

Mission Failed (Palisades)

Mission Failed (Palisades)

Mission Failed (Palisades)

Mission Failed (Palisades)

Mission Failed (Palisades)

Mission Failed (Palisades)

Mission Failed (Palisades)

Mission Failed (Palisades)

Mission Failed (Palisades)

Mission Failed (Palisades)

Mission Failed (Palisades)

Mission Failed (Palisades)

Mission Failed (Palisades)

Mission Failed (Palisades)

Mission Completed (Palisades)

Mission Failed (Palisades)

Mission Failed (Palisades)

Mission Failed (Palisades)

Mission Failed (Palisades)

Mission Failed (Palisades)

Mission Failed (Palisades)

Mission Failed (Palisades)

Mission Failed (Palisades)

Mission Failed (Palisades)

Mission Failed (Palisades)

Mission Failed (Palisades)

Mission Failed (Palisades)

Mission Failed (Palisades)

Mission Failed (Palisades)
Episode summary log written to examples/wildfire/data/scenarios/outputs/palisades_v2_546324/results_palisades_v2_switchign_200_summary.csv

Mission Failed (Palisades)

Mission Failed (Palisades)

Mission Failed (Palisades)

Mission Failed (Palisades)

Mission Failed (Palisades)

Mission Failed (Palisades)

Mission Failed (Palisades)

Mission Failed (Palisades)
----------------------------------------
| time/                   |            |
|    fps                  | 7          |
|    iterations           | 2          |
|    time_elapsed         | 1456       |
|    total_timesteps      | 10368      |
| train/                  |            |
|    approx_kl            | 0.01176322 |
|    clip_fraction        | 0.112      |
|    clip_range           | 0.2        |
|    entropy_loss         | -14.2      |
|    explained_variance   | -0.0235    |
|    learning_rate        | 0.000498   |
|    loss                 | 0.0165     |
|    n_updates            | 5          |
|    policy_gradient_loss | -0.0148    |
|    value_loss           | 0.0979     |
----------------------------------------

Mission Failed (Palisades)

Mission Failed (Palisades)

Mission Failed (Palisades)

Mission Failed (Palisades)

Mission Failed (Palisades)

Mission Failed (Palisades)

Mission Failed (Palisades)

Mission Failed (Palisades)

Mission Failed (Palisades)

Mission Completed (Palisades)

Mission Failed (Palisades)

Mission Failed (Palisades)

Mission Failed (Palisades)

Mission Failed (Palisades)

Mission Failed (Palisades)

Mission Failed (Palisades)

Mission Failed (Palisades)

Mission Failed (Palisades)

Mission Failed (Palisades)

Mission Failed (Palisades)

Mission Failed (Palisades)

Mission Failed (Palisades)

Mission Failed (Palisades)

Mission Failed (Palisades)

Mission Failed (Palisades)

Mission Failed (Palisades)

Mission Failed (Palisades)
