/home/ibrahimoguz/.conda/envs/rl-env/bin/python
Policies: switch_ignition_1m[ppo_model]
Running parallel evaluation with 24 worker process(es).

Mission Failed (Pyrenees)
[1/100] Evaluated switch_ignition_1m on Pyrenees.json run=4 seed=4

Mission Failed (Pyrenees)
[2/100] Evaluated switch_ignition_1m on Pyrenees.json run=20 seed=20

Mission Failed (Pyrenees)
[3/100] Evaluated switch_ignition_1m on Pyrenees.json run=13 seed=13

Mission Failed (Pyrenees)
[4/100] Evaluated switch_ignition_1m on Pyrenees.json run=18 seed=18

Mission Failed (Pyrenees)
[5/100] Evaluated switch_ignition_1m on Pyrenees.json run=8 seed=8

Mission Failed (Pyrenees)
[6/100] Evaluated switch_ignition_1m on Pyrenees.json run=11 seed=11

Mission Failed (Pyrenees)
[7/100] Evaluated switch_ignition_1m on Pyrenees.json run=22 seed=22

Mission Failed (Pyrenees)

Mission Failed (Pyrenees)
[8/100] Evaluated switch_ignition_1m on Pyrenees.json run=21 seed=21
[9/100] Evaluated switch_ignition_1m on Pyrenees.json run=2 seed=2

Mission Failed (Pyrenees)
[10/100] Evaluated switch_ignition_1m on Pyrenees.json run=16 seed=16

Mission Failed (Pyrenees)
[11/100] Evaluated switch_ignition_1m on Pyrenees.json run=15 seed=15

Mission Failed (Pyrenees)
[12/100] Evaluated switch_ignition_1m on Pyrenees.json run=9 seed=9

Mission Failed (Pyrenees)
[13/100] Evaluated switch_ignition_1m on Pyrenees.json run=24 seed=24

Mission Failed (Pyrenees)
[14/100] Evaluated switch_ignition_1m on Pyrenees.json run=12 seed=12

Mission Failed (Pyrenees)
[15/100] Evaluated switch_ignition_1m on Pyrenees.json run=5 seed=5

Mission Failed (Pyrenees)
[16/100] Evaluated switch_ignition_1m on Pyrenees.json run=14 seed=14

Mission Failed (Pyrenees)
[17/100] Evaluated switch_ignition_1m on Pyrenees.json run=19 seed=19

Mission Failed (Pyrenees)
[18/100] Evaluated switch_ignition_1m on Pyrenees.json run=3 seed=3

Mission Failed (Pyrenees)
[19/100] Evaluated switch_ignition_1m on Pyrenees.json run=7 seed=7

Mission Failed (Pyrenees)
[20/100] Evaluated switch_ignition_1m on Pyrenees.json run=1 seed=1

Mission Failed (Pyrenees)
[21/100] Evaluated switch_ignition_1m on Pyrenees.json run=6 seed=6

Mission Failed (Pyrenees)
[22/100] Evaluated switch_ignition_1m on Pyrenees.json run=23 seed=23

Mission Failed (Pyrenees)
[23/100] Evaluated switch_ignition_1m on Pyrenees.json run=17 seed=17

Mission Failed (Pyrenees)
[24/100] Evaluated switch_ignition_1m on Pyrenees.json run=10 seed=10

Mission Failed (Pyrenees)
[25/100] Evaluated switch_ignition_1m on Pyrenees.json run=25 seed=25

Mission Failed (Pyrenees)
[26/100] Evaluated switch_ignition_1m on Pyrenees.json run=29 seed=29

Mission Failed (Pyrenees)
[27/100] Evaluated switch_ignition_1m on Pyrenees.json run=28 seed=28

Mission Failed (Pyrenees)
[28/100] Evaluated switch_ignition_1m on Pyrenees.json run=27 seed=27

Mission Failed (Pyrenees)
[29/100] Evaluated switch_ignition_1m on Pyrenees.json run=26 seed=26

Mission Failed (Pyrenees)
[30/100] Evaluated switch_ignition_1m on Pyrenees.json run=30 seed=30

Mission Failed (Pyrenees)
[31/100] Evaluated switch_ignition_1m on Pyrenees.json run=31 seed=31

Mission Failed (Pyrenees)
[32/100] Evaluated switch_ignition_1m on Pyrenees.json run=43 seed=43

Mission Failed (Pyrenees)
[33/100] Evaluated switch_ignition_1m on Pyrenees.json run=33 seed=33

Mission Failed (Pyrenees)
[34/100] Evaluated switch_ignition_1m on Pyrenees.json run=36 seed=36

Mission Failed (Pyrenees)
[35/100] Evaluated switch_ignition_1m on Pyrenees.json run=38 seed=38

Mission Failed (Pyrenees)
[36/100] Evaluated switch_ignition_1m on Pyrenees.json run=35 seed=35

Mission Failed (Pyrenees)
[37/100] Evaluated switch_ignition_1m on Pyrenees.json run=37 seed=37

Mission Failed (Pyrenees)
[38/100] Evaluated switch_ignition_1m on Pyrenees.json run=39 seed=39

Mission Failed (Pyrenees)
[39/100] Evaluated switch_ignition_1m on Pyrenees.json run=32 seed=32

Mission Failed (Pyrenees)
[40/100] Evaluated switch_ignition_1m on Pyrenees.json run=34 seed=34

Mission Failed (Pyrenees)
[41/100] Evaluated switch_ignition_1m on Pyrenees.json run=42 seed=42

Mission Failed (Pyrenees)
[42/100] Evaluated switch_ignition_1m on Pyrenees.json run=45 seed=45

Mission Failed (Pyrenees)
[43/100] Evaluated switch_ignition_1m on Pyrenees.json run=40 seed=40

Mission Failed (Pyrenees)
[44/100] Evaluated switch_ignition_1m on Pyrenees.json run=41 seed=41

Mission Failed (Pyrenees)
[45/100] Evaluated switch_ignition_1m on Pyrenees.json run=44 seed=44

Mission Failed (Pyrenees)
[46/100] Evaluated switch_ignition_1m on Pyrenees.json run=46 seed=46

Mission Failed (Pyrenees)
[47/100] Evaluated switch_ignition_1m on Pyrenees.json run=47 seed=47

Mission Failed (Pyrenees)
[48/100] Evaluated switch_ignition_1m on Pyrenees.json run=48 seed=48
[49/100] Evaluated switch_ignition_1m on Pyrenees.json run=71 seed=71

Mission Failed (Pyrenees)
[50/100] Evaluated switch_ignition_1m on Pyrenees.json run=49 seed=49

Mission Failed (Pyrenees)
[51/100] Evaluated switch_ignition_1m on Pyrenees.json run=53 seed=53

Mission Failed (Pyrenees)
[52/100] Evaluated switch_ignition_1m on Pyrenees.json run=51 seed=51

Mission Failed (Pyrenees)
[53/100] Evaluated switch_ignition_1m on Pyrenees.json run=50 seed=50

Mission Failed (Pyrenees)
[54/100] Evaluated switch_ignition_1m on Pyrenees.json run=56 seed=56

Mission Failed (Pyrenees)
[55/100] Evaluated switch_ignition_1m on Pyrenees.json run=52 seed=52

Mission Failed (Pyrenees)
[56/100] Evaluated switch_ignition_1m on Pyrenees.json run=62 seed=62

Mission Failed (Pyrenees)
[57/100] Evaluated switch_ignition_1m on Pyrenees.json run=57 seed=57

Mission Failed (Pyrenees)
[58/100] Evaluated switch_ignition_1m on Pyrenees.json run=55 seed=55

Mission Failed (Pyrenees)
[59/100] Evaluated switch_ignition_1m on Pyrenees.json run=59 seed=59

Mission Failed (Pyrenees)
[60/100] Evaluated switch_ignition_1m on Pyrenees.json run=58 seed=58

Mission Failed (Pyrenees)
[61/100] Evaluated switch_ignition_1m on Pyrenees.json run=60 seed=60

Mission Failed (Pyrenees)
[62/100] Evaluated switch_ignition_1m on Pyrenees.json run=63 seed=63

Mission Failed (Pyrenees)
[63/100] Evaluated switch_ignition_1m on Pyrenees.json run=61 seed=61

Mission Failed (Pyrenees)
[64/100] Evaluated switch_ignition_1m on Pyrenees.json run=68 seed=68

Mission Failed (Pyrenees)
[65/100] Evaluated switch_ignition_1m on Pyrenees.json run=70 seed=70

Mission Failed (Pyrenees)
[66/100] Evaluated switch_ignition_1m on Pyrenees.json run=66 seed=66

Mission Failed (Pyrenees)
[67/100] Evaluated switch_ignition_1m on Pyrenees.json run=67 seed=67

Mission Failed (Pyrenees)
[68/100] Evaluated switch_ignition_1m on Pyrenees.json run=65 seed=65

Mission Failed (Pyrenees)
[69/100] Evaluated switch_ignition_1m on Pyrenees.json run=64 seed=64

Mission Failed (Pyrenees)
[70/100] Evaluated switch_ignition_1m on Pyrenees.json run=69 seed=69

Mission Failed (Pyrenees)
[71/100] Evaluated switch_ignition_1m on Pyrenees.json run=54 seed=54

Mission Failed (Pyrenees)
[72/100] Evaluated switch_ignition_1m on Pyrenees.json run=72 seed=72

Mission Failed (Pyrenees)
[73/100] Evaluated switch_ignition_1m on Pyrenees.json run=73 seed=73

Mission Failed (Pyrenees)
[74/100] Evaluated switch_ignition_1m on Pyrenees.json run=75 seed=75

Mission Failed (Pyrenees)
[75/100] Evaluated switch_ignition_1m on Pyrenees.json run=74 seed=74

Mission Failed (Pyrenees)
[76/100] Evaluated switch_ignition_1m on Pyrenees.json run=78 seed=78

Mission Failed (Pyrenees)
[77/100] Evaluated switch_ignition_1m on Pyrenees.json run=77 seed=77

Mission Failed (Pyrenees)
[78/100] Evaluated switch_ignition_1m on Pyrenees.json run=76 seed=76

Mission Failed (Pyrenees)
[79/100] Evaluated switch_ignition_1m on Pyrenees.json run=81 seed=81

Mission Failed (Pyrenees)
[80/100] Evaluated switch_ignition_1m on Pyrenees.json run=83 seed=83

Mission Failed (Pyrenees)
[81/100] Evaluated switch_ignition_1m on Pyrenees.json run=79 seed=79

Mission Failed (Pyrenees)
[82/100] Evaluated switch_ignition_1m on Pyrenees.json run=80 seed=80

Mission Failed (Pyrenees)
[83/100] Evaluated switch_ignition_1m on Pyrenees.json run=84 seed=84

Mission Failed (Pyrenees)
[84/100] Evaluated switch_ignition_1m on Pyrenees.json run=85 seed=85

Mission Failed (Pyrenees)
[85/100] Evaluated switch_ignition_1m on Pyrenees.json run=82 seed=82

Mission Failed (Pyrenees)
[86/100] Evaluated switch_ignition_1m on Pyrenees.json run=90 seed=90

Mission Failed (Pyrenees)
[87/100] Evaluated switch_ignition_1m on Pyrenees.json run=86 seed=86

Mission Failed (Pyrenees)
[88/100] Evaluated switch_ignition_1m on Pyrenees.json run=87 seed=87

Mission Failed (Pyrenees)
[89/100] Evaluated switch_ignition_1m on Pyrenees.json run=93 seed=93

Mission Failed (Pyrenees)
[90/100] Evaluated switch_ignition_1m on Pyrenees.json run=91 seed=91

Mission Failed (Pyrenees)
[91/100] Evaluated switch_ignition_1m on Pyrenees.json run=88 seed=88

Mission Failed (Pyrenees)
[92/100] Evaluated switch_ignition_1m on Pyrenees.json run=89 seed=89

Mission Failed (Pyrenees)
[93/100] Evaluated switch_ignition_1m on Pyrenees.json run=92 seed=92

Mission Failed (Pyrenees)
[94/100] Evaluated switch_ignition_1m on Pyrenees.json run=94 seed=94

Mission Failed (Pyrenees)
[95/100] Evaluated switch_ignition_1m on Pyrenees.json run=95 seed=95

Mission Failed (Pyrenees)
[96/100] Evaluated switch_ignition_1m on Pyrenees.json run=97 seed=97

Mission Failed (Pyrenees)
[97/100] Evaluated switch_ignition_1m on Pyrenees.json run=96 seed=96

Mission Failed (Pyrenees)
[98/100] Evaluated switch_ignition_1m on Pyrenees.json run=98 seed=98

Mission Failed (Pyrenees)
[99/100] Evaluated switch_ignition_1m on Pyrenees.json run=99 seed=99

Mission Failed (Pyrenees)
[100/100] Evaluated switch_ignition_1m on Pyrenees.json run=100 seed=100
policy | scenario | run | seed | mission_h | burnt_area_m2 | cost_eur | casualties | emissions_t | moe
switch_ignition_1m | Pyrenees.json | 1 | 1 | 3.33 | 13866050.00 | 6475481.95 | 5583.00 | 254909.76 | -0.2015
switch_ignition_1m | Pyrenees.json | 2 | 2 | 3.33 | 15938275.00 | 8271770.52 | 6204.00 | 336314.94 | -0.2309
switch_ignition_1m | Pyrenees.json | 3 | 3 | 3.17 | 15284000.00 | 7775991.90 | 6184.00 | 313285.77 | -0.2263
switch_ignition_1m | Pyrenees.json | 4 | 4 | 3.17 | 13786375.00 | 7147290.78 | 5326.00 | 290595.11 | -0.1987
switch_ignition_1m | Pyrenees.json | 5 | 5 | 3.17 | 14529250.00 | 7232328.57 | 5475.00 | 292203.61 | -0.2044
switch_ignition_1m | Pyrenees.json | 6 | 6 | 3.17 | 15242250.00 | 7621350.48 | 6442.00 | 303998.94 | -0.2317
switch_ignition_1m | Pyrenees.json | 7 | 7 | 3.33 | 15091950.00 | 13594982.73 | 5598.00 | 333590.39 | -0.2134
switch_ignition_1m | Pyrenees.json | 8 | 8 | 3.33 | 14245500.00 | 6512391.73 | 6111.00 | 253082.09 | -0.2155
switch_ignition_1m | Pyrenees.json | 9 | 9 | 3.17 | 13359100.00 | 6578020.55 | 5135.00 | 264173.10 | -0.1900
switch_ignition_1m | Pyrenees.json | 10 | 10 | 3.67 | 16299400.00 | 6587386.70 | 7469.00 | 244366.86 | -0.2537
switch_ignition_1m | Pyrenees.json | 11 | 11 | 3.17 | 15396375.00 | 7673805.58 | 6844.00 | 303693.24 | -0.2421
switch_ignition_1m | Pyrenees.json | 12 | 12 | 3.17 | 13562400.00 | 5903172.83 | 6156.00 | 223907.60 | -0.2118
switch_ignition_1m | Pyrenees.json | 13 | 13 | 3.00 | 12343050.00 | 6108524.95 | 4777.00 | 245433.33 | -0.1765
switch_ignition_1m | Pyrenees.json | 14 | 14 | 3.33 | 13593775.00 | 6244448.25 | 5462.00 | 244930.96 | -0.1967
switch_ignition_1m | Pyrenees.json | 15 | 15 | 3.00 | 13687300.00 | 6894219.50 | 5339.00 | 278054.43 | -0.1974
switch_ignition_1m | Pyrenees.json | 16 | 16 | 3.33 | 16327975.00 | 7745877.62 | 7288.00 | 302752.01 | -0.2554
switch_ignition_1m | Pyrenees.json | 17 | 17 | 3.33 | 15831600.00 | 8069748.47 | 5891.00 | 328481.05 | -0.2220
switch_ignition_1m | Pyrenees.json | 18 | 18 | 3.17 | 12934700.00 | 5971390.50 | 5305.00 | 233715.72 | -0.1900
switch_ignition_1m | Pyrenees.json | 19 | 19 | 3.33 | 15714625.00 | 7883218.05 | 6415.00 | 316300.82 | -0.2335
switch_ignition_1m | Pyrenees.json | 20 | 20 | 3.00 | 12151000.00 | 5904373.00 | 5042.00 | 233951.10 | -0.1814
switch_ignition_1m | Pyrenees.json | 21 | 21 | 3.17 | 14274750.00 | 6952344.17 | 5522.00 | 278505.48 | -0.2035
switch_ignition_1m | Pyrenees.json | 22 | 22 | 3.33 | 13506100.00 | 6063883.95 | 5424.00 | 236502.10 | -0.1947
switch_ignition_1m | Pyrenees.json | 23 | 23 | 3.17 | 15306950.00 | 7518683.57 | 6388.00 | 299280.40 | -0.2300
switch_ignition_1m | Pyrenees.json | 24 | 24 | 3.17 | 13789925.00 | 6989036.28 | 5348.00 | 282431.09 | -0.1984
switch_ignition_1m | Pyrenees.json | 25 | 25 | 3.17 | 12008075.00 | 5788116.98 | 4990.00 | 228480.86 | -0.1792
switch_ignition_1m | Pyrenees.json | 26 | 26 | 3.17 | 13370900.00 | 6405845.62 | 5715.00 | 251988.64 | -0.2033
switch_ignition_1m | Pyrenees.json | 27 | 27 | 3.17 | 13911275.00 | 7182617.22 | 5302.00 | 292048.75 | -0.1985
switch_ignition_1m | Pyrenees.json | 28 | 28 | 3.33 | 12286425.00 | 5847715.85 | 5088.00 | 230459.60 | -0.1826
switch_ignition_1m | Pyrenees.json | 29 | 29 | 3.00 | 12319975.00 | 6199627.28 | 4918.00 | 248833.54 | -0.1803
switch_ignition_1m | Pyrenees.json | 30 | 30 | 3.17 | 13774000.00 | 7003947.57 | 5306.00 | 283345.47 | -0.1974
switch_ignition_1m | Pyrenees.json | 31 | 31 | 3.17 | 12780125.00 | 5735306.50 | 5778.00 | 219323.68 | -0.1999
switch_ignition_1m | Pyrenees.json | 32 | 32 | 3.33 | 16351250.00 | 8200057.70 | 6725.00 | 328978.71 | -0.2442
switch_ignition_1m | Pyrenees.json | 33 | 33 | 3.17 | 13151275.00 | 6112377.42 | 5270.00 | 240677.68 | -0.1904
switch_ignition_1m | Pyrenees.json | 34 | 34 | 3.33 | 16169450.00 | 8556898.07 | 6253.00 | 324669.15 | -0.2315
switch_ignition_1m | Pyrenees.json | 35 | 35 | 3.17 | 13990925.00 | 6839815.55 | 5552.00 | 273030.19 | -0.2030
switch_ignition_1m | Pyrenees.json | 36 | 36 | 3.17 | 13495325.00 | 6742437.33 | 5609.00 | 269110.27 | -0.2027
switch_ignition_1m | Pyrenees.json | 37 | 37 | 3.33 | 14522575.00 | 6938452.85 | 5718.00 | 275862.04 | -0.2088
switch_ignition_1m | Pyrenees.json | 38 | 38 | 3.33 | 13167625.00 | 6021482.92 | 5648.00 | 233628.44 | -0.1991
switch_ignition_1m | Pyrenees.json | 39 | 39 | 3.33 | 13128300.00 | 6105908.07 | 5531.00 | 238370.21 | -0.1966
switch_ignition_1m | Pyrenees.json | 40 | 40 | 3.17 | 15256000.00 | 7629925.62 | 6273.00 | 305307.99 | -0.2276
switch_ignition_1m | Pyrenees.json | 41 | 41 | 3.33 | 14250300.00 | 6509944.83 | 6193.00 | 252176.73 | -0.2174
switch_ignition_1m | Pyrenees.json | 42 | 42 | 3.33 | 14611225.00 | 7381527.73 | 6030.00 | 296037.44 | -0.2189
switch_ignition_1m | Pyrenees.json | 43 | 43 | 2.50 | 10762150.00 | 9082806.68 | 4149.00 | 264421.22 | -0.1589
switch_ignition_1m | Pyrenees.json | 44 | 44 | 3.33 | 14745475.00 | 7435131.42 | 5839.00 | 299245.60 | -0.2148
switch_ignition_1m | Pyrenees.json | 45 | 45 | 3.17 | 13585500.00 | 7056413.70 | 5285.00 | 286597.24 | -0.1967
switch_ignition_1m | Pyrenees.json | 46 | 46 | 3.33 | 14640600.00 | 6330947.90 | 6965.00 | 237682.17 | -0.2362
switch_ignition_1m | Pyrenees.json | 47 | 47 | 3.17 | 13719375.00 | 6217806.30 | 5613.00 | 242441.97 | -0.2006
switch_ignition_1m | Pyrenees.json | 48 | 48 | 3.17 | 14040975.00 | 6181285.12 | 5651.00 | 239798.22 | -0.2020
switch_ignition_1m | Pyrenees.json | 49 | 49 | 3.33 | 13768050.00 | 6060763.10 | 5935.00 | 232592.40 | -0.2077
switch_ignition_1m | Pyrenees.json | 50 | 50 | 3.33 | 14760475.00 | 6920180.40 | 6420.00 | 270300.22 | -0.2263
switch_ignition_1m | Pyrenees.json | 51 | 51 | 3.33 | 14827975.00 | 7069431.17 | 5626.00 | 282501.63 | -0.2079
switch_ignition_1m | Pyrenees.json | 52 | 52 | 3.50 | 14474400.00 | 5817133.40 | 6377.00 | 216720.83 | -0.2188
switch_ignition_1m | Pyrenees.json | 53 | 53 | 3.17 | 12087900.00 | 5003057.42 | 5861.00 | 183946.82 | -0.1965
switch_ignition_1m | Pyrenees.json | 54 | 54 | 3.83 | 19498925.00 | 9183501.30 | 8100.00 | 362479.44 | -0.2900
switch_ignition_1m | Pyrenees.json | 55 | 55 | 3.33 | 15508025.00 | 7895539.95 | 6464.00 | 317095.14 | -0.2343
switch_ignition_1m | Pyrenees.json | 56 | 56 | 3.00 | 12861600.00 | 6556573.80 | 5079.00 | 264751.77 | -0.1874
switch_ignition_1m | Pyrenees.json | 57 | 57 | 3.33 | 13860600.00 | 6514985.88 | 5455.00 | 257841.69 | -0.1986
switch_ignition_1m | Pyrenees.json | 58 | 58 | 3.50 | 15293625.00 | 7275714.40 | 6356.00 | 287280.57 | -0.2279
switch_ignition_1m | Pyrenees.json | 59 | 59 | 3.33 | 15223200.00 | 7405482.12 | 6284.00 | 294231.15 | -0.2266
switch_ignition_1m | Pyrenees.json | 60 | 60 | 3.33 | 15111550.00 | 7792780.33 | 5617.00 | 317835.18 | -0.2122
switch_ignition_1m | Pyrenees.json | 61 | 61 | 3.33 | 14303675.00 | 6614401.05 | 5623.00 | 260879.63 | -0.2042
switch_ignition_1m | Pyrenees.json | 62 | 62 | 3.17 | 11539150.00 | 5458605.17 | 4657.00 | 215734.56 | -0.1683
switch_ignition_1m | Pyrenees.json | 63 | 63 | 3.33 | 14644250.00 | 7074611.33 | 5631.00 | 283187.73 | -0.2077
switch_ignition_1m | Pyrenees.json | 64 | 64 | 3.33 | 14315925.00 | 6608948.83 | 5935.00 | 258886.84 | -0.2119
switch_ignition_1m | Pyrenees.json | 65 | 65 | 3.33 | 14407725.00 | 6669080.83 | 5604.00 | 263603.94 | -0.2043
switch_ignition_1m | Pyrenees.json | 66 | 66 | 3.17 | 14195350.00 | 6634985.58 | 6198.00 | 258689.11 | -0.2181
switch_ignition_1m | Pyrenees.json | 67 | 67 | 3.17 | 14246325.00 | 6735992.50 | 5889.00 | 265492.95 | -0.2112
switch_ignition_1m | Pyrenees.json | 68 | 68 | 3.17 | 13333225.00 | 6105472.75 | 5362.00 | 239526.03 | -0.1930
switch_ignition_1m | Pyrenees.json | 69 | 69 | 3.33 | 14263725.00 | 6711109.38 | 5578.00 | 266038.88 | -0.2036
switch_ignition_1m | Pyrenees.json | 70 | 70 | 3.00 | 12280975.00 | 6222607.80 | 4995.00 | 249938.88 | -0.1823
switch_ignition_1m | Pyrenees.json | 71 | 71 | 0.67 | 48450.00 | 100980.80 | 0.00 | 4835.95 | 0.9994
switch_ignition_1m | Pyrenees.json | 72 | 72 | 3.33 | 14406550.00 | 7073321.65 | 5564.00 | 283872.18 | -0.2055
switch_ignition_1m | Pyrenees.json | 73 | 73 | 3.33 | 13620250.00 | 6041996.15 | 5555.00 | 234353.74 | -0.1980
switch_ignition_1m | Pyrenees.json | 74 | 74 | 3.33 | 16372675.00 | 8131422.82 | 6948.00 | 324159.92 | -0.2493
switch_ignition_1m | Pyrenees.json | 75 | 75 | 3.17 | 14217700.00 | 7389367.27 | 5541.00 | 300131.51 | -0.2061
switch_ignition_1m | Pyrenees.json | 76 | 76 | 3.33 | 13301125.00 | 6170750.40 | 5313.00 | 242984.97 | -0.1921
switch_ignition_1m | Pyrenees.json | 77 | 77 | 3.17 | 13316050.00 | 6613688.55 | 5228.00 | 265502.16 | -0.1924
switch_ignition_1m | Pyrenees.json | 78 | 78 | 3.17 | 13642450.00 | 6138374.67 | 5809.00 | 237701.75 | -0.2048
switch_ignition_1m | Pyrenees.json | 79 | 79 | 3.33 | 14607225.00 | 6781315.70 | 6625.00 | 262458.89 | -0.2302
switch_ignition_1m | Pyrenees.json | 80 | 80 | 3.17 | 15009825.00 | 7465256.78 | 5789.00 | 300841.31 | -0.2144
switch_ignition_1m | Pyrenees.json | 81 | 81 | 3.17 | 14295050.00 | 7481987.75 | 5550.00 | 304376.06 | -0.2070
switch_ignition_1m | Pyrenees.json | 82 | 82 | 3.33 | 16275000.00 | 7662479.40 | 6774.00 | 301980.04 | -0.2423
switch_ignition_1m | Pyrenees.json | 83 | 83 | 3.17 | 13160375.00 | 6449642.28 | 5175.00 | 257945.92 | -0.1899
switch_ignition_1m | Pyrenees.json | 84 | 84 | 3.00 | 12937650.00 | 6693061.15 | 4988.00 | 271930.18 | -0.1861
switch_ignition_1m | Pyrenees.json | 85 | 85 | 3.33 | 14776100.00 | 7626175.58 | 5712.00 | 309763.91 | -0.2128
switch_ignition_1m | Pyrenees.json | 86 | 86 | 3.17 | 14384850.00 | 7514657.62 | 5448.00 | 306637.45 | -0.2049
switch_ignition_1m | Pyrenees.json | 87 | 87 | 3.33 | 15052825.00 | 7254567.67 | 6440.00 | 286289.71 | -0.2292
switch_ignition_1m | Pyrenees.json | 88 | 88 | 3.17 | 14046550.00 | 6462213.45 | 5539.00 | 254455.71 | -0.2008
switch_ignition_1m | Pyrenees.json | 89 | 89 | 3.33 | 14736850.00 | 7472062.08 | 5591.00 | 302944.55 | -0.2090
switch_ignition_1m | Pyrenees.json | 90 | 90 | 3.17 | 12760100.00 | 6122119.62 | 5238.00 | 241751.23 | -0.1887
switch_ignition_1m | Pyrenees.json | 91 | 91 | 3.17 | 14534400.00 | 7864807.60 | 5387.00 | 324337.59 | -0.2056
switch_ignition_1m | Pyrenees.json | 92 | 92 | 3.33 | 15539825.00 | 7571777.85 | 6697.00 | 299364.17 | -0.2383
switch_ignition_1m | Pyrenees.json | 93 | 93 | 3.17 | 13231350.00 | 6583485.15 | 5273.00 | 263721.18 | -0.1931
switch_ignition_1m | Pyrenees.json | 94 | 94 | 3.17 | 13681550.00 | 6291134.50 | 5490.00 | 246892.88 | -0.1979
switch_ignition_1m | Pyrenees.json | 95 | 95 | 3.33 | 14778125.00 | 6867131.25 | 5724.00 | 272155.74 | -0.2092
switch_ignition_1m | Pyrenees.json | 96 | 96 | 3.33 | 16926700.00 | 8351197.17 | 7221.00 | 332322.11 | -0.2584
switch_ignition_1m | Pyrenees.json | 97 | 97 | 3.33 | 15388875.00 | 7712193.83 | 6419.00 | 308113.64 | -0.2319
switch_ignition_1m | Pyrenees.json | 98 | 98 | 3.17 | 14931425.00 | 7163741.98 | 6376.00 | 282131.66 | -0.2269
switch_ignition_1m | Pyrenees.json | 99 | 99 | 3.17 | 12991900.00 | 6139322.45 | 5280.00 | 242025.82 | -0.1904
switch_ignition_1m | Pyrenees.json | 100 | 100 | 3.33 | 14246050.00 | 7156746.15 | 5527.00 | 288602.50 | -0.2046

Policy + Scenario summary (mean over runs)
policy_type | policy_name | scenario_name | runs | mean_burnt_area_m2 | mean_cost_eur | mean_casualties | mean_emissions_tonnes | mean_mission_h | mean_moe
ppo_model | switch_ignition_1m | Pyrenees.json | 100 | 14081262.75 | 6899040.57 | 5733.96 | 270611.16 | 3.22 | -0.1975
Saved plot: examples/wildfire/data/scenarios/outputs/switch_ignition_1m/eval_pyrenees_plots/pyrenees_json_moe_comparison.png
Saved plot: examples/wildfire/data/scenarios/outputs/switch_ignition_1m/eval_pyrenees_plots/pyrenees_json_burnt_area_comparison.png
Saved plot: examples/wildfire/data/scenarios/outputs/switch_ignition_1m/eval_pyrenees_plots/pyrenees_json_cost_comparison.png
Saved plot: examples/wildfire/data/scenarios/outputs/switch_ignition_1m/eval_pyrenees_plots/pyrenees_json_moe_boxplot.png

Saved per-run results to examples/wildfire/data/scenarios/outputs/switch_ignition_1m/eval_pyrenees_results.csv
Saved summary results to examples/wildfire/data/scenarios/outputs/switch_ignition_1m/eval_pyrenees_summary.csv
Saved plots to examples/wildfire/data/scenarios/outputs/switch_ignition_1m/eval_pyrenees_plots
Evaluation finished in 419.09 seconds
