Resetting modules to system default. Reseting $MODULEPATH back to system default. All extra directories will be removed from $MODULEPATH.
	Command being timed: "python -u -m examples.wildfire.ppo_runner --scenario Palisades_dt5.json --switch-ignition-1 --num-envs 36 --timesteps 200000 --device cpu --policy-arch variant_a --checkpoint-interval 50400 --output-dir examples/wildfire/data/scenarios/outputs/palisades_dt5_probe_513628 --save-model palisades_dt5_probe.zip --progress-file-tag palisades_dt5_probe --vec-start-method auto --gc-collect-on-reset"
	User time (seconds): 147103.71
	System time (seconds): 756.38
	Percent of CPU this job got: 988%
	Elapsed (wall clock) time (h:mm:ss or m:ss): 4:09:23
	Average shared text size (kbytes): 0
	Average unshared data size (kbytes): 0
	Average stack size (kbytes): 0
	Average total size (kbytes): 0
	Maximum resident set size (kbytes): 1980412
	Average resident set size (kbytes): 0
	Major (requiring I/O) page faults: 39680
	Minor (reclaiming a frame) page faults: 32546157
	Voluntary context switches: 2592720
	Involuntary context switches: 10228905
	Swaps: 0
	File system inputs: 670080
	File system outputs: 491480
	Socket messages sent: 0
	Socket messages received: 0
	Signals delivered: 0
	Page size (bytes): 4096
	Exit status: 0
