/home/ibrahimoguz/.conda/envs/rl-env/bin/python
--switch-ignition-1 enabled: ignition randomized each episode in a 100x100 cell box around the scenario's original ignition.
PPO rollout config: num_envs=36, n_steps=144, effective_batch=5184, minibatches=12, batch_size=432
State fire fronts inspected for front-derived flags (topography/vegetation/indirect/urban/water): 5
Decision start delay override: 60.0 minutes
Adaptive fire timestep: scenario value.
Adaptive fire step-size factor: scenario/default value (active only when enable_adaptive_time_step=true).
Allowed tactic combinations: 17
Diagnostic: gc.collect() and prior-sim drop at reset start enabled.
State space: mixed (33 observation features)
Tactic distribution: group; controlled_aircraft=6; aircraft_group_size=2; action_decisions=3
Vector env start method: forkserver
Policy arch: independent pi=[512,256,128] / vf=[512,256,128], Tanh
Using cpu device
PPO hyperparams: lr=0.001 (decay^0.6), n_epochs=7, gamma=0.99, ent_coef=0.0, target_kl=None
Episode summary log written to examples/wildfire/data/scenarios/outputs/palisades_lr001_555919/results_palisades_lr001_100_summary.csv
-----------------------------
| time/              |      |
|    fps             | 10   |
|    iterations      | 1    |
|    time_elapsed    | 488  |
|    total_timesteps | 5184 |
-----------------------------
Episode summary log written to examples/wildfire/data/scenarios/outputs/palisades_lr001_555919/results_palisades_lr001_200_summary.csv
Episode summary log written to examples/wildfire/data/scenarios/outputs/palisades_lr001_555919/results_palisades_lr001_300_summary.csv
Episode summary log written to examples/wildfire/data/scenarios/outputs/palisades_lr001_555919/results_palisades_lr001_400_summary.csv
-----------------------------------------
| time/                   |             |
|    fps                  | 10          |
|    iterations           | 2           |
|    time_elapsed         | 998         |
|    total_timesteps      | 10368       |
| train/                  |             |
|    approx_kl            | 0.017672976 |
|    clip_fraction        | 0.17        |
|    clip_range           | 0.2         |
|    entropy_loss         | -8.49       |
|    explained_variance   | -2.72       |
|    learning_rate        | 0.000997    |
|    loss                 | -0.0265     |
|    n_updates            | 7           |
|    policy_gradient_loss | -0.0239     |
|    value_loss           | 0.0993      |
-----------------------------------------
Episode summary log written to examples/wildfire/data/scenarios/outputs/palisades_lr001_555919/results_palisades_lr001_500_summary.csv
Episode summary log written to examples/wildfire/data/scenarios/outputs/palisades_lr001_555919/results_palisades_lr001_600_summary.csv
-----------------------------------------
| time/                   |             |
|    fps                  | 10          |
|    iterations           | 3           |
|    time_elapsed         | 1529        |
|    total_timesteps      | 15552       |
| train/                  |             |
|    approx_kl            | 0.020192446 |
|    clip_fraction        | 0.22        |
|    clip_range           | 0.2         |
|    entropy_loss         | -8.47       |
|    explained_variance   | -0.374      |
|    learning_rate        | 0.000994    |
|    loss                 | -0.0281     |
|    n_updates            | 14          |
|    policy_gradient_loss | -0.0208     |
|    value_loss           | 0.00501     |
-----------------------------------------
Episode summary log written to examples/wildfire/data/scenarios/outputs/palisades_lr001_555919/results_palisades_lr001_700_summary.csv
