Running "module reset". Resetting modules to system default. The following $MODULEPATH directories have been removed: None
	Command being timed: "python -u -m examples.wildfire.ppo_runnerv2 --scenario Palisades copy.json --num-envs 128 --timesteps 1008000 --device cpu --output-dir examples/wildfire/data/scenarios/outputs/palisades_lr00075_556401 --save-model palisades_lr00075.zip --progress-file-tag palisades_lr00075 --fire-detection-delay-minutes 60 --vec-start-method fork --state-fire-fronts 5 --gc-collect-on-reset --n-epochs 7 --learning-rate 0.0005 --gamma 0.99 --tactic-distribution individual --controlled-agent-count 3 --state-space old --switch-ignition-1"
	User time (seconds): 1811078.99
	System time (seconds): 7524.83
	Percent of CPU this job got: 4518%
	Elapsed (wall clock) time (h:mm:ss or m:ss): 11:10:49
	Average shared text size (kbytes): 0
	Average unshared data size (kbytes): 0
	Average stack size (kbytes): 0
	Average total size (kbytes): 0
	Maximum resident set size (kbytes): 2018556
	Average resident set size (kbytes): 0
	Major (requiring I/O) page faults: 77425
	Minor (reclaiming a frame) page faults: 4232810748
	Voluntary context switches: 23382257
	Involuntary context switches: 25965711
	Swaps: 0
	File system inputs: 2172080
	File system outputs: 2843416
	Socket messages sent: 0
	Socket messages received: 0
	Signals delivered: 0
	Page size (bytes): 4096
	Exit status: 0
