Running "module reset". Resetting modules to system default. The following $MODULEPATH directories have been removed: None
/home/ibrahimoguz/FirefightingSoS/rl-5-30/SoSID_X-Challenge-git/src/sosid/paths.py:13: UserWarning: pkg_resources is deprecated as an API. See https://setuptools.pypa.io/en/latest/pkg_resources.html. The pkg_resources package is slated for removal as early as 2025-11-30. Refrain from using this package or pin to Setuptools<81.
  import pkg_resources
	Command being timed: "python -u -m examples.wildfire.ppo_runnerv2 --scenario Palisades.json --num-envs 128 --timesteps 1008000 --device cpu --output-dir examples/wildfire/data/scenarios/outputs/palisades_lr00075_558811 --save-model palisades_lr00075.zip --progress-file-tag palisades_lr00075 --vec-start-method fork --state-fire-fronts 5 --gc-collect-on-reset --n-epochs 5 --learning-rate 0.0006 --gamma 0.99 --tactic-distribution individual --controlled-agent-count 4 --switch-ignition-1 --state-space old"
	User time (seconds): 1817549.23
	System time (seconds): 7405.76
	Percent of CPU this job got: 4495%
	Elapsed (wall clock) time (h:mm:ss or m:ss): 11:16:30
	Average shared text size (kbytes): 0
	Average unshared data size (kbytes): 0
	Average stack size (kbytes): 0
	Average total size (kbytes): 0
	Maximum resident set size (kbytes): 2012768
	Average resident set size (kbytes): 0
	Major (requiring I/O) page faults: 85
	Minor (reclaiming a frame) page faults: 4192726341
	Voluntary context switches: 27792109
	Involuntary context switches: 27538540
	Swaps: 0
	File system inputs: 368
	File system outputs: 2910264
	Socket messages sent: 0
	Socket messages received: 0
	Signals delivered: 0
	Page size (bytes): 4096
	Exit status: 0
