/home/ibrahimoguz/.conda/envs/rl-env/bin/python
--switch-ignition-1 enabled: ignition randomized each episode in a 100x100 cell box around the scenario's original ignition.
PPO rollout config: num_envs=72, n_steps=144, effective_batch=10368, minibatches=12, batch_size=864
State fire fronts inspected for front-derived flags (topography/vegetation/indirect/urban/water): 5
Decision start delay override: 60.0 minutes
Adaptive fire timestep: scenario value.
Adaptive fire step-size factor: scenario/default value (active only when enable_adaptive_time_step=true).
Allowed tactic combinations: 17
Diagnostic: gc.collect() and prior-sim drop at reset start enabled.
State space: mixed (33 observation features)
Tactic distribution: group; controlled_aircraft=6; aircraft_group_size=2; action_decisions=3
Vector env start method: fork
Policy arch: independent pi=[512,256,128] / vf=[512,256,128], Tanh
Using cpu device
PPO hyperparams: lr=0.001 (decay^0.6), n_epochs=7, gamma=0.99, ent_coef=0.0, target_kl=None

Mission Completed (Palisades)

Mission Completed (Palisades)

Mission Completed (Palisades)

Mission Completed (Palisades)
Episode summary log written to examples/wildfire/data/scenarios/outputs/palisades_lr001_555961/results_palisades_lr001_100_summary.csv

Mission Completed (Palisades)

Mission Completed (Palisades)

Mission Completed (Palisades)
Episode summary log written to examples/wildfire/data/scenarios/outputs/palisades_lr001_555961/results_palisades_lr001_200_summary.csv

Mission Completed (Palisades)

Mission Completed (Palisades)

Mission Failed (Palisades)

Mission Failed (Palisades)

Mission Failed (Palisades)
Episode summary log written to examples/wildfire/data/scenarios/outputs/palisades_lr001_555961/results_palisades_lr001_300_summary.csv

Mission Completed (Palisades)

Mission Completed (Palisades)

Mission Completed (Palisades)

Mission Failed (Palisades)

Mission Completed (Palisades)

Mission Completed (Palisades)

Mission Completed (Palisades)

Mission Completed (Palisades)

Mission Completed (Palisades)

Mission Completed (Palisades)

Mission Failed (Palisades)

Mission Completed (Palisades)
Episode summary log written to examples/wildfire/data/scenarios/outputs/palisades_lr001_555961/results_palisades_lr001_400_summary.csv
------------------------------
| time/              |       |
|    fps             | 15    |
|    iterations      | 1     |
|    time_elapsed    | 686   |
|    total_timesteps | 10368 |
------------------------------

Mission Failed (Palisades)

Mission Completed (Palisades)

Mission Failed (Palisades)

Mission Failed (Palisades)

Mission Completed (Palisades)

Mission Completed (Palisades)
Episode summary log written to examples/wildfire/data/scenarios/outputs/palisades_lr001_555961/results_palisades_lr001_500_summary.csv

Mission Completed (Palisades)

Mission Failed (Palisades)

Mission Completed (Palisades)

Mission Completed (Palisades)

Mission Failed (Palisades)

Mission Completed (Palisades)

Mission Completed (Palisades)
Episode summary log written to examples/wildfire/data/scenarios/outputs/palisades_lr001_555961/results_palisades_lr001_600_summary.csv

Mission Completed (Palisades)

Mission Completed (Palisades)

Mission Completed (Palisades)

Mission Failed (Palisades)

Mission Failed (Palisades)

Mission Failed (Palisades)
Episode summary log written to examples/wildfire/data/scenarios/outputs/palisades_lr001_555961/results_palisades_lr001_700_summary.csv

Mission Failed (Palisades)

Mission Completed (Palisades)

Mission Completed (Palisades)

Mission Failed (Palisades)

Mission Completed (Palisades)

Mission Completed (Palisades)

Mission Failed (Palisades)

Mission Completed (Palisades)
Episode summary log written to examples/wildfire/data/scenarios/outputs/palisades_lr001_555961/results_palisades_lr001_800_summary.csv

Mission Failed (Palisades)

Mission Completed (Palisades)
-----------------------------------------
| time/                   |             |
|    fps                  | 16          |
|    iterations           | 2           |
|    time_elapsed         | 1291        |
|    total_timesteps      | 20736       |
| train/                  |             |
|    approx_kl            | 0.014482279 |
|    clip_fraction        | 0.12        |
|    clip_range           | 0.2         |
|    entropy_loss         | -8.49       |
|    explained_variance   | -1.36       |
|    learning_rate        | 0.000994    |
|    loss                 | -0.0164     |
|    n_updates            | 7           |
|    policy_gradient_loss | -0.0156     |
|    value_loss           | 0.128       |
-----------------------------------------

Mission Failed (Palisades)

Mission Completed (Palisades)

Mission Completed (Palisades)

Mission Completed (Palisades)

Mission Completed (Palisades)

Mission Completed (Palisades)

Mission Completed (Palisades)
Episode summary log written to examples/wildfire/data/scenarios/outputs/palisades_lr001_555961/results_palisades_lr001_900_summary.csv

Mission Failed (Palisades)

Mission Completed (Palisades)

Mission Completed (Palisades)

Mission Failed (Palisades)
Per-step log written to examples/wildfire/data/scenarios/outputs/palisades_lr001_555961/results_palisades_lr001_1000_steps.csv
Decision-step log written to examples/wildfire/data/scenarios/outputs/palisades_lr001_555961/results_palisades_lr001_1000_decision_steps.csv
Episode summary log written to examples/wildfire/data/scenarios/outputs/palisades_lr001_555961/results_palisades_lr001_1000_summary.csv

Mission Completed (Palisades)

Mission Completed (Palisades)

Mission Completed (Palisades)

Mission Completed (Palisades)

Mission Completed (Palisades)

Mission Completed (Palisades)

Mission Completed (Palisades)
Episode summary log written to examples/wildfire/data/scenarios/outputs/palisades_lr001_555961/results_palisades_lr001_1100_summary.csv

Mission Failed (Palisades)

Mission Completed (Palisades)

Mission Completed (Palisades)

Mission Completed (Palisades)

Mission Failed (Palisades)

Mission Failed (Palisades)
Episode summary log written to examples/wildfire/data/scenarios/outputs/palisades_lr001_555961/results_palisades_lr001_1200_summary.csv

Mission Completed (Palisades)

Mission Failed (Palisades)

Mission Completed (Palisades)

Mission Completed (Palisades)
-----------------------------------------
| time/                   |             |
|    fps                  | 16          |
|    iterations           | 3           |
|    time_elapsed         | 1893        |
|    total_timesteps      | 31104       |
| train/                  |             |
|    approx_kl            | 0.016159816 |
|    clip_fraction        | 0.182       |
|    clip_range           | 0.2         |
|    entropy_loss         | -8.47       |
|    explained_variance   | 0.475       |
|    learning_rate        | 0.000988    |
|    loss                 | -0.0194     |
|    n_updates            | 14          |
|    policy_gradient_loss | -0.0159     |
|    value_loss           | 0.00637     |
-----------------------------------------

Mission Completed (Palisades)
Episode summary log written to examples/wildfire/data/scenarios/outputs/palisades_lr001_555961/results_palisades_lr001_1300_summary.csv

Mission Failed (Palisades)

Mission Failed (Palisades)

Mission Failed (Palisades)

Mission Failed (Palisades)

Mission Failed (Palisades)

Mission Completed (Palisades)

Mission Completed (Palisades)
Episode summary log written to examples/wildfire/data/scenarios/outputs/palisades_lr001_555961/results_palisades_lr001_1400_summary.csv

Mission Failed (Palisades)

Mission Completed (Palisades)

Mission Completed (Palisades)

Mission Completed (Palisades)

Mission Completed (Palisades)
Episode summary log written to examples/wildfire/data/scenarios/outputs/palisades_lr001_555961/results_palisades_lr001_1500_summary.csv

Mission Failed (Palisades)

Mission Failed (Palisades)

Mission Completed (Palisades)

Mission Completed (Palisades)

Mission Failed (Palisades)

Mission Completed (Palisades)

Mission Completed (Palisades)

Mission Completed (Palisades)

Mission Completed (Palisades)

Mission Completed (Palisades)
Episode summary log written to examples/wildfire/data/scenarios/outputs/palisades_lr001_555961/results_palisades_lr001_1600_summary.csv

Mission Completed (Palisades)

Mission Failed (Palisades)

Mission Completed (Palisades)

Mission Completed (Palisades)

Mission Failed (Palisades)
-----------------------------------------
| time/                   |             |
|    fps                  | 16          |
|    iterations           | 4           |
|    time_elapsed         | 2498        |
|    total_timesteps      | 41472       |
| train/                  |             |
|    approx_kl            | 0.020991867 |
|    clip_fraction        | 0.267       |
|    clip_range           | 0.2         |
|    entropy_loss         | -8.45       |
|    explained_variance   | 0.487       |
|    learning_rate        | 0.000981    |
|    loss                 | -0.0249     |
|    n_updates            | 21          |
|    policy_gradient_loss | -0.0173     |
|    value_loss           | 0.0041      |
-----------------------------------------

Mission Completed (Palisades)

Mission Failed (Palisades)

Mission Failed (Palisades)

Mission Failed (Palisades)

Mission Failed (Palisades)
Episode summary log written to examples/wildfire/data/scenarios/outputs/palisades_lr001_555961/results_palisades_lr001_1700_summary.csv

Mission Completed (Palisades)

Mission Completed (Palisades)

Mission Completed (Palisades)

Mission Failed (Palisades)

Mission Completed (Palisades)

Mission Failed (Palisades)

Mission Completed (Palisades)

Mission Failed (Palisades)

Mission Failed (Palisades)
Episode summary log written to examples/wildfire/data/scenarios/outputs/palisades_lr001_555961/results_palisades_lr001_1800_summary.csv

Mission Failed (Palisades)

Mission Failed (Palisades)

Mission Completed (Palisades)

Mission Completed (Palisades)
Episode summary log written to examples/wildfire/data/scenarios/outputs/palisades_lr001_555961/results_palisades_lr001_1900_summary.csv

Mission Completed (Palisades)

Mission Failed (Palisades)

Mission Completed (Palisades)

Mission Completed (Palisades)

Mission Completed (Palisades)
Per-step log written to examples/wildfire/data/scenarios/outputs/palisades_lr001_555961/results_palisades_lr001_2000_steps.csv
Decision-step log written to examples/wildfire/data/scenarios/outputs/palisades_lr001_555961/results_palisades_lr001_2000_decision_steps.csv
Episode summary log written to examples/wildfire/data/scenarios/outputs/palisades_lr001_555961/results_palisades_lr001_2000_summary.csv

Mission Completed (Palisades)

Mission Completed (Palisades)

Mission Completed (Palisades)

Mission Completed (Palisades)

Mission Completed (Palisades)

Mission Completed (Palisades)

Mission Completed (Palisades)

Mission Failed (Palisades)
Episode summary log written to examples/wildfire/data/scenarios/outputs/palisades_lr001_555961/results_palisades_lr001_2100_summary.csv

Mission Completed (Palisades)
-----------------------------------------
| time/                   |             |
|    fps                  | 16          |
|    iterations           | 5           |
|    time_elapsed         | 3101        |
|    total_timesteps      | 51840       |
| train/                  |             |
|    approx_kl            | 0.020443158 |
|    clip_fraction        | 0.259       |
|    clip_range           | 0.2         |
|    entropy_loss         | -8.44       |
|    explained_variance   | 0.598       |
|    learning_rate        | 0.000975    |
|    loss                 | -0.0221     |
|    n_updates            | 28          |
|    policy_gradient_loss | -0.02       |
|    value_loss           | 0.00632     |
-----------------------------------------

Mission Failed (Palisades)

Mission Completed (Palisades)

Mission Completed (Palisades)

Mission Completed (Palisades)

Mission Failed (Palisades)

Mission Failed (Palisades)

Mission Failed (Palisades)

Mission Failed (Palisades)
Episode summary log written to examples/wildfire/data/scenarios/outputs/palisades_lr001_555961/results_palisades_lr001_2200_summary.csv

Mission Completed (Palisades)

Mission Completed (Palisades)
Episode summary log written to examples/wildfire/data/scenarios/outputs/palisades_lr001_555961/results_palisades_lr001_2300_summary.csv

Mission Completed (Palisades)

Mission Completed (Palisades)

Mission Completed (Palisades)

Mission Completed (Palisades)

Mission Completed (Palisades)

Mission Completed (Palisades)
Episode summary log written to examples/wildfire/data/scenarios/outputs/palisades_lr001_555961/results_palisades_lr001_2400_summary.csv

Mission Completed (Palisades)

Mission Completed (Palisades)

Mission Completed (Palisades)

Mission Failed (Palisades)

Mission Completed (Palisades)

Mission Completed (Palisades)

Mission Failed (Palisades)

Mission Failed (Palisades)

Mission Failed (Palisades)

Mission Failed (Palisades)

Mission Completed (Palisades)

Mission Completed (Palisades)
Episode summary log written to examples/wildfire/data/scenarios/outputs/palisades_lr001_555961/results_palisades_lr001_2500_summary.csv

Mission Completed (Palisades)

Mission Completed (Palisades)

Mission Completed (Palisades)

Mission Completed (Palisades)
-----------------------------------------
| time/                   |             |
|    fps                  | 16          |
|    iterations           | 6           |
|    time_elapsed         | 3722        |
|    total_timesteps      | 62208       |
| train/                  |             |
|    approx_kl            | 0.022253873 |
|    clip_fraction        | 0.254       |
|    clip_range           | 0.2         |
|    entropy_loss         | -8.42       |
|    explained_variance   | 0.558       |
|    learning_rate        | 0.000969    |
|    loss                 | -0.0234     |
|    n_updates            | 35          |
|    policy_gradient_loss | -0.0173     |
|    value_loss           | 0.00626     |
-----------------------------------------

Mission Failed (Palisades)

Mission Completed (Palisades)
Episode summary log written to examples/wildfire/data/scenarios/outputs/palisades_lr001_555961/results_palisades_lr001_2600_summary.csv

Mission Completed (Palisades)

Mission Completed (Palisades)

Mission Failed (Palisades)

Mission Completed (Palisades)
Episode summary log written to examples/wildfire/data/scenarios/outputs/palisades_lr001_555961/results_palisades_lr001_2700_summary.csv

Mission Completed (Palisades)

Mission Failed (Palisades)

Mission Completed (Palisades)

Mission Completed (Palisades)

Mission Failed (Palisades)

Mission Completed (Palisades)
Episode summary log written to examples/wildfire/data/scenarios/outputs/palisades_lr001_555961/results_palisades_lr001_2800_summary.csv

Mission Completed (Palisades)

Mission Completed (Palisades)

Mission Completed (Palisades)

Mission Completed (Palisades)

Mission Completed (Palisades)

Mission Completed (Palisades)
Episode summary log written to examples/wildfire/data/scenarios/outputs/palisades_lr001_555961/results_palisades_lr001_2900_summary.csv

Mission Completed (Palisades)

Mission Completed (Palisades)

Mission Completed (Palisades)
-----------------------------------------
| time/                   |             |
|    fps                  | 16          |
|    iterations           | 7           |
|    time_elapsed         | 4330        |
|    total_timesteps      | 72576       |
| train/                  |             |
|    approx_kl            | 0.023734035 |
|    clip_fraction        | 0.282       |
|    clip_range           | 0.2         |
|    entropy_loss         | -8.4        |
|    explained_variance   | 0.537       |
|    learning_rate        | 0.000963    |
|    loss                 | -0.0183     |
|    n_updates            | 42          |
|    policy_gradient_loss | -0.0175     |
|    value_loss           | 0.00578     |
-----------------------------------------

Mission Failed (Palisades)
Per-step log written to examples/wildfire/data/scenarios/outputs/palisades_lr001_555961/results_palisades_lr001_3000_steps.csv
Decision-step log written to examples/wildfire/data/scenarios/outputs/palisades_lr001_555961/results_palisades_lr001_3000_decision_steps.csv
Episode summary log written to examples/wildfire/data/scenarios/outputs/palisades_lr001_555961/results_palisades_lr001_3000_summary.csv

Mission Failed (Palisades)

Mission Failed (Palisades)

Mission Completed (Palisades)
Episode summary log written to examples/wildfire/data/scenarios/outputs/palisades_lr001_555961/results_palisades_lr001_3100_summary.csv

Mission Failed (Palisades)

Mission Completed (Palisades)

Mission Completed (Palisades)

Mission Completed (Palisades)

Mission Completed (Palisades)

Mission Completed (Palisades)

Mission Completed (Palisades)

Mission Failed (Palisades)

Mission Completed (Palisades)
Episode summary log written to examples/wildfire/data/scenarios/outputs/palisades_lr001_555961/results_palisades_lr001_3200_summary.csv

Mission Completed (Palisades)

Mission Completed (Palisades)

Mission Completed (Palisades)

Mission Completed (Palisades)

Mission Failed (Palisades)

Mission Completed (Palisades)

Mission Completed (Palisades)
Episode summary log written to examples/wildfire/data/scenarios/outputs/palisades_lr001_555961/results_palisades_lr001_3300_summary.csv

Mission Completed (Palisades)

Mission Completed (Palisades)

Mission Completed (Palisades)

Mission Completed (Palisades)

Mission Completed (Palisades)

Mission Completed (Palisades)

Mission Completed (Palisades)
Episode summary log written to examples/wildfire/data/scenarios/outputs/palisades_lr001_555961/results_palisades_lr001_3400_summary.csv

Mission Completed (Palisades)

Mission Completed (Palisades)
----------------------------------------
| time/                   |            |
|    fps                  | 16         |
|    iterations           | 8          |
|    time_elapsed         | 4939       |
|    total_timesteps      | 82944      |
| train/                  |            |
|    approx_kl            | 0.01998975 |
|    clip_fraction        | 0.283      |
|    clip_range           | 0.2        |
|    entropy_loss         | -8.38      |
|    explained_variance   | 0.517      |
|    learning_rate        | 0.000956   |
|    loss                 | -0.0226    |
|    n_updates            | 49         |
|    policy_gradient_loss | -0.0169    |
|    value_loss           | 0.00266    |
----------------------------------------

Mission Completed (Palisades)

Mission Failed (Palisades)

Mission Failed (Palisades)
Episode summary log written to examples/wildfire/data/scenarios/outputs/palisades_lr001_555961/results_palisades_lr001_3500_summary.csv

Mission Completed (Palisades)

Mission Completed (Palisades)

Mission Completed (Palisades)

Mission Completed (Palisades)

Mission Completed (Palisades)
Episode summary log written to examples/wildfire/data/scenarios/outputs/palisades_lr001_555961/results_palisades_lr001_3600_summary.csv

Mission Failed (Palisades)

Mission Completed (Palisades)

Mission Completed (Palisades)

Mission Completed (Palisades)

Mission Completed (Palisades)

Mission Completed (Palisades)
Episode summary log written to examples/wildfire/data/scenarios/outputs/palisades_lr001_555961/results_palisades_lr001_3700_summary.csv

Mission Completed (Palisades)

Mission Completed (Palisades)

Mission Completed (Palisades)

Mission Failed (Palisades)

Mission Completed (Palisades)

Mission Completed (Palisades)

Mission Completed (Palisades)

Mission Completed (Palisades)
Episode summary log written to examples/wildfire/data/scenarios/outputs/palisades_lr001_555961/results_palisades_lr001_3800_summary.csv

Mission Completed (Palisades)

Mission Completed (Palisades)

Mission Failed (Palisades)

Mission Completed (Palisades)

Mission Completed (Palisades)
-----------------------------------------
| time/                   |             |
|    fps                  | 16          |
|    iterations           | 9           |
|    time_elapsed         | 5569        |
|    total_timesteps      | 93312       |
| train/                  |             |
|    approx_kl            | 0.021428682 |
|    clip_fraction        | 0.302       |
|    clip_range           | 0.2         |
|    entropy_loss         | -8.37       |
|    explained_variance   | 0.511       |
|    learning_rate        | 0.00095     |
|    loss                 | -0.019      |
|    n_updates            | 56          |
|    policy_gradient_loss | -0.0165     |
|    value_loss           | 0.00352     |
-----------------------------------------
Episode summary log written to examples/wildfire/data/scenarios/outputs/palisades_lr001_555961/results_palisades_lr001_3900_summary.csv

Mission Completed (Palisades)

Mission Failed (Palisades)

Mission Completed (Palisades)

Mission Completed (Palisades)

Mission Completed (Palisades)

Mission Failed (Palisades)

Mission Completed (Palisades)

Mission Completed (Palisades)
Per-step log written to examples/wildfire/data/scenarios/outputs/palisades_lr001_555961/results_palisades_lr001_4000_steps.csv
Decision-step log written to examples/wildfire/data/scenarios/outputs/palisades_lr001_555961/results_palisades_lr001_4000_decision_steps.csv
Episode summary log written to examples/wildfire/data/scenarios/outputs/palisades_lr001_555961/results_palisades_lr001_4000_summary.csv

Mission Failed (Palisades)

Mission Failed (Palisades)

Mission Failed (Palisades)

Mission Completed (Palisades)
Episode summary log written to examples/wildfire/data/scenarios/outputs/palisades_lr001_555961/results_palisades_lr001_4100_summary.csv

Mission Completed (Palisades)

Mission Completed (Palisades)

Mission Completed (Palisades)

Mission Completed (Palisades)
Episode summary log written to examples/wildfire/data/scenarios/outputs/palisades_lr001_555961/results_palisades_lr001_4200_summary.csv

Mission Failed (Palisades)

Mission Failed (Palisades)
Episode summary log written to examples/wildfire/data/scenarios/outputs/palisades_lr001_555961/results_palisades_lr001_4300_summary.csv

Mission Completed (Palisades)
-----------------------------------------
| time/                   |             |
|    fps                  | 16          |
|    iterations           | 10          |
|    time_elapsed         | 6185        |
|    total_timesteps      | 103680      |
| train/                  |             |
|    approx_kl            | 0.020768236 |
|    clip_fraction        | 0.287       |
|    clip_range           | 0.2         |
|    entropy_loss         | -8.35       |
|    explained_variance   | 0.544       |
|    learning_rate        | 0.000943    |
|    loss                 | -0.0157     |
|    n_updates            | 63          |
|    policy_gradient_loss | -0.0181     |
|    value_loss           | 0.00286     |
-----------------------------------------

Mission Completed (Palisades)

Mission Completed (Palisades)

Mission Completed (Palisades)

Mission Completed (Palisades)
Episode summary log written to examples/wildfire/data/scenarios/outputs/palisades_lr001_555961/results_palisades_lr001_4400_summary.csv

Mission Completed (Palisades)

Mission Failed (Palisades)

Mission Completed (Palisades)

Mission Completed (Palisades)

Mission Failed (Palisades)

Mission Completed (Palisades)

Mission Completed (Palisades)
Episode summary log written to examples/wildfire/data/scenarios/outputs/palisades_lr001_555961/results_palisades_lr001_4500_summary.csv

Mission Completed (Palisades)

Mission Failed (Palisades)

Mission Completed (Palisades)

Mission Failed (Palisades)

Mission Failed (Palisades)
Episode summary log written to examples/wildfire/data/scenarios/outputs/palisades_lr001_555961/results_palisades_lr001_4600_summary.csv

Mission Completed (Palisades)

Mission Failed (Palisades)

Mission Failed (Palisades)

Mission Failed (Palisades)

Mission Failed (Palisades)
Episode summary log written to examples/wildfire/data/scenarios/outputs/palisades_lr001_555961/results_palisades_lr001_4700_summary.csv

Mission Completed (Palisades)

Mission Completed (Palisades)

Mission Completed (Palisades)

Mission Completed (Palisades)

Mission Completed (Palisades)

Mission Completed (Palisades)
-----------------------------------------
| time/                   |             |
|    fps                  | 16          |
|    iterations           | 11          |
|    time_elapsed         | 6801        |
|    total_timesteps      | 114048      |
| train/                  |             |
|    approx_kl            | 0.021741515 |
|    clip_fraction        | 0.293       |
|    clip_range           | 0.2         |
|    entropy_loss         | -8.33       |
|    explained_variance   | 0.593       |
|    learning_rate        | 0.000937    |
|    loss                 | -0.0191     |
|    n_updates            | 70          |
|    policy_gradient_loss | -0.0177     |
|    value_loss           | 0.0037      |
-----------------------------------------

Mission Completed (Palisades)

Mission Failed (Palisades)

Mission Failed (Palisades)

Mission Completed (Palisades)
Episode summary log written to examples/wildfire/data/scenarios/outputs/palisades_lr001_555961/results_palisades_lr001_4800_summary.csv

Mission Failed (Palisades)

Mission Completed (Palisades)

Mission Completed (Palisades)

Mission Completed (Palisades)

Mission Completed (Palisades)

Mission Completed (Palisades)

Mission Failed (Palisades)

Mission Failed (Palisades)
Episode summary log written to examples/wildfire/data/scenarios/outputs/palisades_lr001_555961/results_palisades_lr001_4900_summary.csv

Mission Completed (Palisades)

Mission Failed (Palisades)

Mission Failed (Palisades)

Mission Failed (Palisades)

Mission Failed (Palisades)

Mission Failed (Palisades)

Mission Completed (Palisades)
Per-step log written to examples/wildfire/data/scenarios/outputs/palisades_lr001_555961/results_palisades_lr001_5000_steps.csv
Decision-step log written to examples/wildfire/data/scenarios/outputs/palisades_lr001_555961/results_palisades_lr001_5000_decision_steps.csv
Episode summary log written to examples/wildfire/data/scenarios/outputs/palisades_lr001_555961/results_palisades_lr001_5000_summary.csv

Mission Completed (Palisades)

Mission Completed (Palisades)

Mission Failed (Palisades)

Mission Completed (Palisades)

Mission Completed (Palisades)
Episode summary log written to examples/wildfire/data/scenarios/outputs/palisades_lr001_555961/results_palisades_lr001_5100_summary.csv

Mission Failed (Palisades)

Mission Completed (Palisades)

Mission Completed (Palisades)

Mission Completed (Palisades)

Mission Failed (Palisades)

Mission Failed (Palisades)

Mission Completed (Palisades)
Episode summary log written to examples/wildfire/data/scenarios/outputs/palisades_lr001_555961/results_palisades_lr001_5200_summary.csv

Mission Completed (Palisades)
-----------------------------------------
| time/                   |             |
|    fps                  | 16          |
|    iterations           | 12          |
|    time_elapsed         | 7426        |
|    total_timesteps      | 124416      |
| train/                  |             |
|    approx_kl            | 0.026267359 |
|    clip_fraction        | 0.316       |
|    clip_range           | 0.2         |
|    entropy_loss         | -8.32       |
|    explained_variance   | 0.602       |
|    learning_rate        | 0.00093     |
|    loss                 | -0.0235     |
|    n_updates            | 77          |
|    policy_gradient_loss | -0.0197     |
|    value_loss           | 0.00616     |
-----------------------------------------

Mission Failed (Palisades)

Mission Completed (Palisades)

Mission Failed (Palisades)

Mission Completed (Palisades)
Episode summary log written to examples/wildfire/data/scenarios/outputs/palisades_lr001_555961/results_palisades_lr001_5300_summary.csv

Mission Completed (Palisades)

Mission Completed (Palisades)

Mission Failed (Palisades)

Mission Completed (Palisades)

Mission Completed (Palisades)

Mission Failed (Palisades)
Episode summary log written to examples/wildfire/data/scenarios/outputs/palisades_lr001_555961/results_palisades_lr001_5400_summary.csv

Mission Completed (Palisades)

Mission Completed (Palisades)

Mission Completed (Palisades)

Mission Failed (Palisades)

Mission Completed (Palisades)

Mission Completed (Palisades)

Mission Completed (Palisades)

Mission Completed (Palisades)

Mission Completed (Palisades)

Mission Failed (Palisades)

Mission Failed (Palisades)
Episode summary log written to examples/wildfire/data/scenarios/outputs/palisades_lr001_555961/results_palisades_lr001_5500_summary.csv

Mission Completed (Palisades)

Mission Failed (Palisades)

Mission Completed (Palisades)

Mission Completed (Palisades)

Mission Completed (Palisades)

Mission Completed (Palisades)

Mission Failed (Palisades)
Episode summary log written to examples/wildfire/data/scenarios/outputs/palisades_lr001_555961/results_palisades_lr001_5600_summary.csv

Mission Failed (Palisades)

Mission Completed (Palisades)

Mission Completed (Palisades)
-----------------------------------------
| time/                   |             |
|    fps                  | 16          |
|    iterations           | 13          |
|    time_elapsed         | 8046        |
|    total_timesteps      | 134784      |
| train/                  |             |
|    approx_kl            | 0.027207052 |
|    clip_fraction        | 0.333       |
|    clip_range           | 0.2         |
|    entropy_loss         | -8.29       |
|    explained_variance   | 0.662       |
|    learning_rate        | 0.000924    |
|    loss                 | -0.0206     |
|    n_updates            | 84          |
|    policy_gradient_loss | -0.017      |
|    value_loss           | 0.00704     |
-----------------------------------------

Mission Completed (Palisades)

Mission Failed (Palisades)

Mission Completed (Palisades)

Mission Completed (Palisades)
Episode summary log written to examples/wildfire/data/scenarios/outputs/palisades_lr001_555961/results_palisades_lr001_5700_summary.csv

Mission Completed (Palisades)

Mission Completed (Palisades)

Mission Completed (Palisades)

Mission Completed (Palisades)
Episode summary log written to examples/wildfire/data/scenarios/outputs/palisades_lr001_555961/results_palisades_lr001_5800_summary.csv

Mission Completed (Palisades)

Mission Completed (Palisades)

Mission Completed (Palisades)

Mission Failed (Palisades)

Mission Failed (Palisades)

Mission Completed (Palisades)

Mission Completed (Palisades)

Mission Completed (Palisades)
Episode summary log written to examples/wildfire/data/scenarios/outputs/palisades_lr001_555961/results_palisades_lr001_5900_summary.csv

Mission Completed (Palisades)

Mission Failed (Palisades)

Mission Completed (Palisades)

Mission Completed (Palisades)

Mission Completed (Palisades)

Mission Completed (Palisades)

Mission Failed (Palisades)

Mission Completed (Palisades)

Mission Failed (Palisades)
Per-step log written to examples/wildfire/data/scenarios/outputs/palisades_lr001_555961/results_palisades_lr001_6000_steps.csv
Decision-step log written to examples/wildfire/data/scenarios/outputs/palisades_lr001_555961/results_palisades_lr001_6000_decision_steps.csv
Episode summary log written to examples/wildfire/data/scenarios/outputs/palisades_lr001_555961/results_palisades_lr001_6000_summary.csv

Mission Completed (Palisades)

Mission Completed (Palisades)

Mission Failed (Palisades)

Mission Completed (Palisades)

Mission Completed (Palisades)

Mission Completed (Palisades)

Mission Completed (Palisades)

Mission Completed (Palisades)

Mission Failed (Palisades)

Mission Completed (Palisades)

Mission Completed (Palisades)

Mission Completed (Palisades)

Mission Failed (Palisades)

Mission Failed (Palisades)

Mission Completed (Palisades)

Mission Completed (Palisades)
Episode summary log written to examples/wildfire/data/scenarios/outputs/palisades_lr001_555961/results_palisades_lr001_6100_summary.csv
-----------------------------------------
| time/                   |             |
|    fps                  | 16          |
|    iterations           | 14          |
|    time_elapsed         | 8665        |
|    total_timesteps      | 145152      |
| train/                  |             |
|    approx_kl            | 0.027544862 |
|    clip_fraction        | 0.336       |
|    clip_range           | 0.2         |
|    entropy_loss         | -8.28       |
|    explained_variance   | 0.594       |
|    learning_rate        | 0.000917    |
|    loss                 | -0.0236     |
|    n_updates            | 91          |
|    policy_gradient_loss | -0.0184     |
|    value_loss           | 0.00614     |
-----------------------------------------

Mission Completed (Palisades)

Mission Failed (Palisades)

Mission Failed (Palisades)

Mission Failed (Palisades)

Mission Completed (Palisades)

Mission Completed (Palisades)
Episode summary log written to examples/wildfire/data/scenarios/outputs/palisades_lr001_555961/results_palisades_lr001_6200_summary.csv

Mission Completed (Palisades)

Mission Completed (Palisades)

Mission Completed (Palisades)

Mission Completed (Palisades)

Mission Completed (Palisades)

Mission Completed (Palisades)

Mission Completed (Palisades)
Episode summary log written to examples/wildfire/data/scenarios/outputs/palisades_lr001_555961/results_palisades_lr001_6300_summary.csv

Mission Completed (Palisades)

Mission Failed (Palisades)

Mission Completed (Palisades)

Mission Completed (Palisades)

Mission Failed (Palisades)

Mission Failed (Palisades)
Episode summary log written to examples/wildfire/data/scenarios/outputs/palisades_lr001_555961/results_palisades_lr001_6400_summary.csv

Mission Completed (Palisades)

Mission Completed (Palisades)

Mission Completed (Palisades)

Mission Completed (Palisades)

Mission Completed (Palisades)

Mission Completed (Palisades)

Mission Completed (Palisades)

Mission Completed (Palisades)

Mission Completed (Palisades)
Episode summary log written to examples/wildfire/data/scenarios/outputs/palisades_lr001_555961/results_palisades_lr001_6500_summary.csv

Mission Failed (Palisades)

Mission Completed (Palisades)

Mission Completed (Palisades)
----------------------------------------
| time/                   |            |
|    fps                  | 16         |
|    iterations           | 15         |
|    time_elapsed         | 9275       |
|    total_timesteps      | 155520     |
| train/                  |            |
|    approx_kl            | 0.03072056 |
|    clip_fraction        | 0.356      |
|    clip_range           | 0.2        |
|    entropy_loss         | -8.26      |
|    explained_variance   | 0.657      |
|    learning_rate        | 0.000911   |
|    loss                 | -0.0296    |
|    n_updates            | 98         |
|    policy_gradient_loss | -0.0203    |
|    value_loss           | 0.0057     |
----------------------------------------

Mission Failed (Palisades)

Mission Failed (Palisades)

Mission Failed (Palisades)

Mission Completed (Palisades)
Episode summary log written to examples/wildfire/data/scenarios/outputs/palisades_lr001_555961/results_palisades_lr001_6600_summary.csv

Mission Completed (Palisades)

Mission Completed (Palisades)

Mission Failed (Palisades)

Mission Completed (Palisades)

Mission Failed (Palisades)

Mission Failed (Palisades)

Mission Completed (Palisades)

Mission Failed (Palisades)

Mission Failed (Palisades)

Mission Completed (Palisades)
Episode summary log written to examples/wildfire/data/scenarios/outputs/palisades_lr001_555961/results_palisades_lr001_6700_summary.csv

Mission Failed (Palisades)

Mission Failed (Palisades)

Mission Completed (Palisades)

Mission Completed (Palisades)

Mission Completed (Palisades)
Episode summary log written to examples/wildfire/data/scenarios/outputs/palisades_lr001_555961/results_palisades_lr001_6800_summary.csv

Mission Failed (Palisades)

Mission Completed (Palisades)

Mission Completed (Palisades)

Mission Failed (Palisades)

Mission Failed (Palisades)
Episode summary log written to examples/wildfire/data/scenarios/outputs/palisades_lr001_555961/results_palisades_lr001_6900_summary.csv

Mission Failed (Palisades)

Mission Completed (Palisades)

Mission Completed (Palisades)

Mission Completed (Palisades)

Mission Completed (Palisades)

Mission Failed (Palisades)

Mission Completed (Palisades)

Mission Completed (Palisades)

Mission Failed (Palisades)

Mission Failed (Palisades)
-----------------------------------------
| time/                   |             |
|    fps                  | 16          |
|    iterations           | 16          |
|    time_elapsed         | 9901        |
|    total_timesteps      | 165888      |
| train/                  |             |
|    approx_kl            | 0.031401042 |
|    clip_fraction        | 0.352       |
|    clip_range           | 0.2         |
|    entropy_loss         | -8.23       |
|    explained_variance   | 0.672       |
|    learning_rate        | 0.000904    |
|    loss                 | -0.0272     |
|    n_updates            | 105         |
|    policy_gradient_loss | -0.0188     |
|    value_loss           | 0.0054      |
-----------------------------------------
Per-step log written to examples/wildfire/data/scenarios/outputs/palisades_lr001_555961/results_palisades_lr001_7000_steps.csv
Decision-step log written to examples/wildfire/data/scenarios/outputs/palisades_lr001_555961/results_palisades_lr001_7000_decision_steps.csv
Episode summary log written to examples/wildfire/data/scenarios/outputs/palisades_lr001_555961/results_palisades_lr001_7000_summary.csv

Mission Failed (Palisades)

Mission Completed (Palisades)

Mission Failed (Palisades)

Mission Failed (Palisades)
Episode summary log written to examples/wildfire/data/scenarios/outputs/palisades_lr001_555961/results_palisades_lr001_7100_summary.csv

Mission Completed (Palisades)

Mission Failed (Palisades)

Mission Completed (Palisades)

Mission Failed (Palisades)

Mission Completed (Palisades)

Mission Failed (Palisades)

Mission Completed (Palisades)

Mission Completed (Palisades)
Episode summary log written to examples/wildfire/data/scenarios/outputs/palisades_lr001_555961/results_palisades_lr001_7200_summary.csv

Mission Completed (Palisades)

Mission Completed (Palisades)

Mission Failed (Palisades)
Episode summary log written to examples/wildfire/data/scenarios/outputs/palisades_lr001_555961/results_palisades_lr001_7300_summary.csv

Mission Completed (Palisades)

Mission Completed (Palisades)

Mission Completed (Palisades)

Mission Completed (Palisades)

Mission Failed (Palisades)

Mission Completed (Palisades)

Mission Failed (Palisades)

Mission Completed (Palisades)

Mission Completed (Palisades)
Episode summary log written to examples/wildfire/data/scenarios/outputs/palisades_lr001_555961/results_palisades_lr001_7400_summary.csv

Mission Completed (Palisades)

Mission Completed (Palisades)

Mission Completed (Palisades)

Mission Completed (Palisades)

Mission Completed (Palisades)
-----------------------------------------
| time/                   |             |
|    fps                  | 16          |
|    iterations           | 17          |
|    time_elapsed         | 10516       |
|    total_timesteps      | 176256      |
| train/                  |             |
|    approx_kl            | 0.027488122 |
|    clip_fraction        | 0.341       |
|    clip_range           | 0.2         |
|    entropy_loss         | -8.21       |
|    explained_variance   | 0.648       |
|    learning_rate        | 0.000898    |
|    loss                 | -0.0198     |
|    n_updates            | 112         |
|    policy_gradient_loss | -0.0197     |
|    value_loss           | 0.00894     |
-----------------------------------------

Mission Completed (Palisades)

Mission Completed (Palisades)

Mission Completed (Palisades)

Mission Completed (Palisades)
Episode summary log written to examples/wildfire/data/scenarios/outputs/palisades_lr001_555961/results_palisades_lr001_7500_summary.csv

Mission Completed (Palisades)

Mission Completed (Palisades)

Mission Failed (Palisades)

Mission Failed (Palisades)

Mission Completed (Palisades)
Episode summary log written to examples/wildfire/data/scenarios/outputs/palisades_lr001_555961/results_palisades_lr001_7600_summary.csv

Mission Failed (Palisades)

Mission Completed (Palisades)

Mission Completed (Palisades)

Mission Completed (Palisades)

Mission Completed (Palisades)
Episode summary log written to examples/wildfire/data/scenarios/outputs/palisades_lr001_555961/results_palisades_lr001_7700_summary.csv

Mission Failed (Palisades)

Mission Completed (Palisades)

Mission Failed (Palisades)

Mission Completed (Palisades)
Episode summary log written to examples/wildfire/data/scenarios/outputs/palisades_lr001_555961/results_palisades_lr001_7800_summary.csv

Mission Completed (Palisades)

Mission Completed (Palisades)

Mission Completed (Palisades)

Mission Failed (Palisades)

Mission Failed (Palisades)

Mission Completed (Palisades)

Mission Failed (Palisades)
Episode summary log written to examples/wildfire/data/scenarios/outputs/palisades_lr001_555961/results_palisades_lr001_7900_summary.csv
----------------------------------------
| time/                   |            |
|    fps                  | 16         |
|    iterations           | 18         |
|    time_elapsed         | 11129      |
|    total_timesteps      | 186624     |
| train/                  |            |
|    approx_kl            | 0.02705636 |
|    clip_fraction        | 0.325      |
|    clip_range           | 0.2        |
|    entropy_loss         | -8.2       |
|    explained_variance   | 0.691      |
|    learning_rate        | 0.000891   |
|    loss                 | -0.0218    |
|    n_updates            | 119        |
|    policy_gradient_loss | -0.0199    |
|    value_loss           | 0.00405    |
----------------------------------------

Mission Completed (Palisades)

Mission Completed (Palisades)

Mission Completed (Palisades)

Mission Completed (Palisades)

Mission Failed (Palisades)

Mission Completed (Palisades)
Per-step log written to examples/wildfire/data/scenarios/outputs/palisades_lr001_555961/results_palisades_lr001_8000_steps.csv
Decision-step log written to examples/wildfire/data/scenarios/outputs/palisades_lr001_555961/results_palisades_lr001_8000_decision_steps.csv
Episode summary log written to examples/wildfire/data/scenarios/outputs/palisades_lr001_555961/results_palisades_lr001_8000_summary.csv

Mission Completed (Palisades)

Mission Completed (Palisades)

Mission Completed (Palisades)

Mission Completed (Palisades)

Mission Completed (Palisades)
Episode summary log written to examples/wildfire/data/scenarios/outputs/palisades_lr001_555961/results_palisades_lr001_8100_summary.csv

Mission Failed (Palisades)

Mission Failed (Palisades)

Mission Completed (Palisades)

Mission Completed (Palisades)

Mission Completed (Palisades)

Mission Completed (Palisades)
Episode summary log written to examples/wildfire/data/scenarios/outputs/palisades_lr001_555961/results_palisades_lr001_8200_summary.csv

Mission Completed (Palisades)

Mission Completed (Palisades)

Mission Completed (Palisades)

Mission Completed (Palisades)

Mission Completed (Palisades)

Mission Failed (Palisades)

Mission Completed (Palisades)
Episode summary log written to examples/wildfire/data/scenarios/outputs/palisades_lr001_555961/results_palisades_lr001_8300_summary.csv

Mission Completed (Palisades)

Mission Completed (Palisades)

Mission Completed (Palisades)
----------------------------------------
| time/                   |            |
|    fps                  | 16         |
|    iterations           | 19         |
|    time_elapsed         | 11738      |
|    total_timesteps      | 196992     |
| train/                  |            |
|    approx_kl            | 0.02710563 |
|    clip_fraction        | 0.314      |
|    clip_range           | 0.2        |
|    entropy_loss         | -8.19      |
|    explained_variance   | 0.674      |
|    learning_rate        | 0.000884   |
|    loss                 | -0.0247    |
|    n_updates            | 126        |
|    policy_gradient_loss | -0.0197    |
|    value_loss           | 0.00458    |
----------------------------------------

Mission Completed (Palisades)

Mission Failed (Palisades)

Mission Completed (Palisades)

Mission Failed (Palisades)
Episode summary log written to examples/wildfire/data/scenarios/outputs/palisades_lr001_555961/results_palisades_lr001_8400_summary.csv

Mission Completed (Palisades)

Mission Completed (Palisades)

Mission Completed (Palisades)

Mission Completed (Palisades)

Mission Completed (Palisades)

Mission Failed (Palisades)

Mission Completed (Palisades)

Mission Completed (Palisades)
Episode summary log written to examples/wildfire/data/scenarios/outputs/palisades_lr001_555961/results_palisades_lr001_8500_summary.csv

Mission Failed (Palisades)

Mission Failed (Palisades)

Mission Failed (Palisades)

Mission Completed (Palisades)

Mission Completed (Palisades)
Episode summary log written to examples/wildfire/data/scenarios/outputs/palisades_lr001_555961/results_palisades_lr001_8600_summary.csv

Mission Completed (Palisades)

Mission Completed (Palisades)

Mission Completed (Palisades)

Mission Completed (Palisades)

Mission Failed (Palisades)

Mission Completed (Palisades)

Mission Completed (Palisades)

Mission Completed (Palisades)

Mission Failed (Palisades)
Episode summary log written to examples/wildfire/data/scenarios/outputs/palisades_lr001_555961/results_palisades_lr001_8700_summary.csv

Mission Completed (Palisades)

Mission Completed (Palisades)
Episode summary log written to examples/wildfire/data/scenarios/outputs/palisades_lr001_555961/results_palisades_lr001_8800_summary.csv

Mission Failed (Palisades)
-----------------------------------------
| time/                   |             |
|    fps                  | 16          |
|    iterations           | 20          |
|    time_elapsed         | 12349       |
|    total_timesteps      | 207360      |
| train/                  |             |
|    approx_kl            | 0.024112044 |
|    clip_fraction        | 0.322       |
|    clip_range           | 0.2         |
|    entropy_loss         | -8.17       |
|    explained_variance   | 0.582       |
|    learning_rate        | 0.000878    |
|    loss                 | -0.0214     |
|    n_updates            | 133         |
|    policy_gradient_loss | -0.0199     |
|    value_loss           | 0.0037      |
-----------------------------------------

Mission Completed (Palisades)

Mission Completed (Palisades)

Mission Completed (Palisades)

Mission Completed (Palisades)
Episode summary log written to examples/wildfire/data/scenarios/outputs/palisades_lr001_555961/results_palisades_lr001_8900_summary.csv

Mission Completed (Palisades)

Mission Completed (Palisades)

Mission Completed (Palisades)

Mission Completed (Palisades)

Mission Completed (Palisades)

Mission Completed (Palisades)
Per-step log written to examples/wildfire/data/scenarios/outputs/palisades_lr001_555961/results_palisades_lr001_9000_steps.csv
Decision-step log written to examples/wildfire/data/scenarios/outputs/palisades_lr001_555961/results_palisades_lr001_9000_decision_steps.csv
Episode summary log written to examples/wildfire/data/scenarios/outputs/palisades_lr001_555961/results_palisades_lr001_9000_summary.csv

Mission Failed (Palisades)

Mission Failed (Palisades)

Mission Completed (Palisades)

Mission Completed (Palisades)

Mission Completed (Palisades)

Mission Completed (Palisades)

Mission Completed (Palisades)
Episode summary log written to examples/wildfire/data/scenarios/outputs/palisades_lr001_555961/results_palisades_lr001_9100_summary.csv

Mission Completed (Palisades)

Mission Completed (Palisades)

Mission Completed (Palisades)

Mission Failed (Palisades)

Mission Completed (Palisades)

Mission Completed (Palisades)
Episode summary log written to examples/wildfire/data/scenarios/outputs/palisades_lr001_555961/results_palisades_lr001_9200_summary.csv

Mission Failed (Palisades)

Mission Completed (Palisades)
-----------------------------------------
| time/                   |             |
|    fps                  | 16          |
|    iterations           | 21          |
|    time_elapsed         | 12950       |
|    total_timesteps      | 217728      |
| train/                  |             |
|    approx_kl            | 0.024881147 |
|    clip_fraction        | 0.319       |
|    clip_range           | 0.2         |
|    entropy_loss         | -8.15       |
|    explained_variance   | 0.686       |
|    learning_rate        | 0.000871    |
|    loss                 | -0.018      |
|    n_updates            | 140         |
|    policy_gradient_loss | -0.0195     |
|    value_loss           | 0.00494     |
-----------------------------------------
Episode summary log written to examples/wildfire/data/scenarios/outputs/palisades_lr001_555961/results_palisades_lr001_9300_summary.csv

Mission Completed (Palisades)

Mission Completed (Palisades)

Mission Completed (Palisades)

Mission Completed (Palisades)

Mission Completed (Palisades)

Mission Failed (Palisades)

Mission Failed (Palisades)

Mission Completed (Palisades)

Mission Completed (Palisades)
Episode summary log written to examples/wildfire/data/scenarios/outputs/palisades_lr001_555961/results_palisades_lr001_9400_summary.csv

Mission Completed (Palisades)

Mission Completed (Palisades)

Mission Completed (Palisades)

Mission Completed (Palisades)

Mission Failed (Palisades)

Mission Completed (Palisades)

Mission Completed (Palisades)
Episode summary log written to examples/wildfire/data/scenarios/outputs/palisades_lr001_555961/results_palisades_lr001_9500_summary.csv

Mission Completed (Palisades)

Mission Failed (Palisades)

Mission Completed (Palisades)

Mission Failed (Palisades)

Mission Failed (Palisades)

Mission Completed (Palisades)

Mission Completed (Palisades)
Episode summary log written to examples/wildfire/data/scenarios/outputs/palisades_lr001_555961/results_palisades_lr001_9600_summary.csv

Mission Completed (Palisades)

Mission Completed (Palisades)

Mission Completed (Palisades)

Mission Failed (Palisades)

Mission Completed (Palisades)
Episode summary log written to examples/wildfire/data/scenarios/outputs/palisades_lr001_555961/results_palisades_lr001_9700_summary.csv
-----------------------------------------
| time/                   |             |
|    fps                  | 16          |
|    iterations           | 22          |
|    time_elapsed         | 13562       |
|    total_timesteps      | 228096      |
| train/                  |             |
|    approx_kl            | 0.024237173 |
|    clip_fraction        | 0.326       |
|    clip_range           | 0.2         |
|    entropy_loss         | -8.14       |
|    explained_variance   | 0.562       |
|    learning_rate        | 0.000864    |
|    loss                 | -0.025      |
|    n_updates            | 147         |
|    policy_gradient_loss | -0.0205     |
|    value_loss           | 0.00329     |
-----------------------------------------

Mission Completed (Palisades)

Mission Completed (Palisades)

Mission Failed (Palisades)

Mission Failed (Palisades)

Mission Failed (Palisades)
Episode summary log written to examples/wildfire/data/scenarios/outputs/palisades_lr001_555961/results_palisades_lr001_9800_summary.csv

Mission Completed (Palisades)

Mission Completed (Palisades)

Mission Completed (Palisades)

Mission Completed (Palisades)

Mission Completed (Palisades)

Mission Completed (Palisades)

Mission Failed (Palisades)
Episode summary log written to examples/wildfire/data/scenarios/outputs/palisades_lr001_555961/results_palisades_lr001_9900_summary.csv

Mission Failed (Palisades)

Mission Completed (Palisades)

Mission Completed (Palisades)

Mission Completed (Palisades)

Mission Completed (Palisades)

Mission Failed (Palisades)

Mission Completed (Palisades)

Mission Failed (Palisades)

Mission Completed (Palisades)
Per-step log written to examples/wildfire/data/scenarios/outputs/palisades_lr001_555961/results_palisades_lr001_10000_steps.csv
Decision-step log written to examples/wildfire/data/scenarios/outputs/palisades_lr001_555961/results_palisades_lr001_10000_decision_steps.csv
Episode summary log written to examples/wildfire/data/scenarios/outputs/palisades_lr001_555961/results_palisades_lr001_10000_summary.csv

Mission Failed (Palisades)

Mission Completed (Palisades)

Mission Completed (Palisades)

Mission Completed (Palisades)

Mission Failed (Palisades)

Mission Completed (Palisades)

Mission Completed (Palisades)

Mission Completed (Palisades)

Mission Completed (Palisades)

Mission Failed (Palisades)
Episode summary log written to examples/wildfire/data/scenarios/outputs/palisades_lr001_555961/results_palisades_lr001_10100_summary.csv

Mission Completed (Palisades)

Mission Completed (Palisades)

Mission Completed (Palisades)

Mission Completed (Palisades)

Mission Completed (Palisades)

Mission Completed (Palisades)
Episode summary log written to examples/wildfire/data/scenarios/outputs/palisades_lr001_555961/results_palisades_lr001_10200_summary.csv
-----------------------------------------
| time/                   |             |
|    fps                  | 16          |
|    iterations           | 23          |
|    time_elapsed         | 14187       |
|    total_timesteps      | 238464      |
| train/                  |             |
|    approx_kl            | 0.022920333 |
|    clip_fraction        | 0.311       |
|    clip_range           | 0.2         |
|    entropy_loss         | -8.13       |
|    explained_variance   | 0.7         |
|    learning_rate        | 0.000857    |
|    loss                 | -0.0257     |
|    n_updates            | 154         |
|    policy_gradient_loss | -0.019      |
|    value_loss           | 0.00361     |
-----------------------------------------

Mission Completed (Palisades)

Mission Completed (Palisades)

Mission Completed (Palisades)

Mission Failed (Palisades)
Episode summary log written to examples/wildfire/data/scenarios/outputs/palisades_lr001_555961/results_palisades_lr001_10300_summary.csv

Mission Completed (Palisades)

Mission Completed (Palisades)

Mission Completed (Palisades)

Mission Completed (Palisades)

Mission Completed (Palisades)

Mission Completed (Palisades)
Episode summary log written to examples/wildfire/data/scenarios/outputs/palisades_lr001_555961/results_palisades_lr001_10400_summary.csv

Mission Completed (Palisades)

Mission Failed (Palisades)

Mission Completed (Palisades)

Mission Failed (Palisades)

Mission Completed (Palisades)

Mission Completed (Palisades)

Mission Completed (Palisades)

Mission Completed (Palisades)

Mission Completed (Palisades)

Mission Failed (Palisades)
Episode summary log written to examples/wildfire/data/scenarios/outputs/palisades_lr001_555961/results_palisades_lr001_10500_summary.csv

Mission Completed (Palisades)

Mission Completed (Palisades)

Mission Completed (Palisades)

Mission Completed (Palisades)

Mission Completed (Palisades)

Mission Completed (Palisades)

Mission Completed (Palisades)

Mission Completed (Palisades)

Mission Completed (Palisades)
Episode summary log written to examples/wildfire/data/scenarios/outputs/palisades_lr001_555961/results_palisades_lr001_10600_summary.csv

Mission Completed (Palisades)

Mission Completed (Palisades)

Mission Failed (Palisades)

Mission Completed (Palisades)
-----------------------------------------
| time/                   |             |
|    fps                  | 16          |
|    iterations           | 24          |
|    time_elapsed         | 14802       |
|    total_timesteps      | 248832      |
| train/                  |             |
|    approx_kl            | 0.024798328 |
|    clip_fraction        | 0.308       |
|    clip_range           | 0.2         |
|    entropy_loss         | -8.09       |
|    explained_variance   | 0.729       |
|    learning_rate        | 0.00085     |
|    loss                 | -0.027      |
|    n_updates            | 161         |
|    policy_gradient_loss | -0.02       |
|    value_loss           | 0.0043      |
-----------------------------------------

Mission Completed (Palisades)

Mission Completed (Palisades)
Episode summary log written to examples/wildfire/data/scenarios/outputs/palisades_lr001_555961/results_palisades_lr001_10700_summary.csv

Mission Completed (Palisades)

Mission Completed (Palisades)

Mission Failed (Palisades)

Mission Completed (Palisades)
Episode summary log written to examples/wildfire/data/scenarios/outputs/palisades_lr001_555961/results_palisades_lr001_10800_summary.csv

Mission Completed (Palisades)

Mission Failed (Palisades)

Mission Completed (Palisades)

Mission Failed (Palisades)

Mission Completed (Palisades)

Mission Completed (Palisades)

Mission Failed (Palisades)

Mission Completed (Palisades)
Episode summary log written to examples/wildfire/data/scenarios/outputs/palisades_lr001_555961/results_palisades_lr001_10900_summary.csv

Mission Completed (Palisades)

Mission Completed (Palisades)

Mission Failed (Palisades)

Mission Completed (Palisades)

Mission Completed (Palisades)

Mission Completed (Palisades)
Per-step log written to examples/wildfire/data/scenarios/outputs/palisades_lr001_555961/results_palisades_lr001_11000_steps.csv
Decision-step log written to examples/wildfire/data/scenarios/outputs/palisades_lr001_555961/results_palisades_lr001_11000_decision_steps.csv
Episode summary log written to examples/wildfire/data/scenarios/outputs/palisades_lr001_555961/results_palisades_lr001_11000_summary.csv

Mission Completed (Palisades)

Mission Completed (Palisades)

Mission Completed (Palisades)

Mission Completed (Palisades)

Mission Completed (Palisades)

Mission Completed (Palisades)

Mission Completed (Palisades)

Mission Completed (Palisades)

Mission Completed (Palisades)

Mission Failed (Palisades)

Mission Completed (Palisades)

Mission Completed (Palisades)
----------------------------------------
| time/                   |            |
|    fps                  | 16         |
|    iterations           | 25         |
|    time_elapsed         | 15422      |
|    total_timesteps      | 259200     |
| train/                  |            |
|    approx_kl            | 0.02495394 |
|    clip_fraction        | 0.309      |
|    clip_range           | 0.2        |
|    entropy_loss         | -8.06      |
|    explained_variance   | 0.456      |
|    learning_rate        | 0.000844   |
|    loss                 | -0.027     |
|    n_updates            | 168        |
|    policy_gradient_loss | -0.0222    |
|    value_loss           | 0.00489    |
----------------------------------------
Episode summary log written to examples/wildfire/data/scenarios/outputs/palisades_lr001_555961/results_palisades_lr001_11100_summary.csv

Mission Completed (Palisades)

Mission Failed (Palisades)

Mission Completed (Palisades)

Mission Completed (Palisades)

Mission Completed (Palisades)
Episode summary log written to examples/wildfire/data/scenarios/outputs/palisades_lr001_555961/results_palisades_lr001_11200_summary.csv

Mission Completed (Palisades)

Mission Completed (Palisades)

Mission Completed (Palisades)

Mission Completed (Palisades)

Mission Completed (Palisades)

Mission Completed (Palisades)

Mission Completed (Palisades)
Episode summary log written to examples/wildfire/data/scenarios/outputs/palisades_lr001_555961/results_palisades_lr001_11300_summary.csv

Mission Completed (Palisades)

Mission Failed (Palisades)

Mission Completed (Palisades)

Mission Failed (Palisades)

Mission Completed (Palisades)

Mission Completed (Palisades)

Mission Failed (Palisades)

Mission Completed (Palisades)

Mission Failed (Palisades)

Mission Completed (Palisades)
Episode summary log written to examples/wildfire/data/scenarios/outputs/palisades_lr001_555961/results_palisades_lr001_11400_summary.csv

Mission Completed (Palisades)

Mission Completed (Palisades)

Mission Completed (Palisades)

Mission Failed (Palisades)

Mission Failed (Palisades)
Episode summary log written to examples/wildfire/data/scenarios/outputs/palisades_lr001_555961/results_palisades_lr001_11500_summary.csv

Mission Completed (Palisades)

Mission Completed (Palisades)
-----------------------------------------
| time/                   |             |
|    fps                  | 16          |
|    iterations           | 26          |
|    time_elapsed         | 16046       |
|    total_timesteps      | 269568      |
| train/                  |             |
|    approx_kl            | 0.025115026 |
|    clip_fraction        | 0.308       |
|    clip_range           | 0.2         |
|    entropy_loss         | -8.05       |
|    explained_variance   | 0.589       |
|    learning_rate        | 0.000837    |
|    loss                 | -0.0291     |
|    n_updates            | 175         |
|    policy_gradient_loss | -0.0244     |
|    value_loss           | 0.00386     |
-----------------------------------------

Mission Completed (Palisades)

Mission Completed (Palisades)

Mission Failed (Palisades)

Mission Completed (Palisades)
Episode summary log written to examples/wildfire/data/scenarios/outputs/palisades_lr001_555961/results_palisades_lr001_11600_summary.csv

Mission Completed (Palisades)
Episode summary log written to examples/wildfire/data/scenarios/outputs/palisades_lr001_555961/results_palisades_lr001_11700_summary.csv

Mission Completed (Palisades)

Mission Completed (Palisades)

Mission Completed (Palisades)

Mission Completed (Palisades)

Mission Completed (Palisades)
Episode summary log written to examples/wildfire/data/scenarios/outputs/palisades_lr001_555961/results_palisades_lr001_11800_summary.csv

Mission Completed (Palisades)

Mission Completed (Palisades)

Mission Completed (Palisades)

Mission Completed (Palisades)

Mission Completed (Palisades)

Mission Completed (Palisades)
Episode summary log written to examples/wildfire/data/scenarios/outputs/palisades_lr001_555961/results_palisades_lr001_11900_summary.csv

Mission Completed (Palisades)

Mission Failed (Palisades)

Mission Failed (Palisades)

Mission Completed (Palisades)

Mission Failed (Palisades)

Mission Completed (Palisades)

Mission Completed (Palisades)

Mission Failed (Palisades)
Per-step log written to examples/wildfire/data/scenarios/outputs/palisades_lr001_555961/results_palisades_lr001_12000_steps.csv
Decision-step log written to examples/wildfire/data/scenarios/outputs/palisades_lr001_555961/results_palisades_lr001_12000_decision_steps.csv
Episode summary log written to examples/wildfire/data/scenarios/outputs/palisades_lr001_555961/results_palisades_lr001_12000_summary.csv

Mission Completed (Palisades)

Mission Completed (Palisades)
-----------------------------------------
| time/                   |             |
|    fps                  | 16          |
|    iterations           | 27          |
|    time_elapsed         | 16670       |
|    total_timesteps      | 279936      |
| train/                  |             |
|    approx_kl            | 0.025166744 |
|    clip_fraction        | 0.297       |
|    clip_range           | 0.2         |
|    entropy_loss         | -8.04       |
|    explained_variance   | 0.639       |
|    learning_rate        | 0.00083     |
|    loss                 | -0.0174     |
|    n_updates            | 182         |
|    policy_gradient_loss | -0.0204     |
|    value_loss           | 0.00378     |
-----------------------------------------

Mission Completed (Palisades)

Mission Completed (Palisades)

Mission Completed (Palisades)

Mission Failed (Palisades)

Mission Completed (Palisades)

Mission Completed (Palisades)
Episode summary log written to examples/wildfire/data/scenarios/outputs/palisades_lr001_555961/results_palisades_lr001_12100_summary.csv

Mission Completed (Palisades)

Mission Completed (Palisades)

Mission Completed (Palisades)

Mission Completed (Palisades)

Mission Completed (Palisades)

Mission Completed (Palisades)

Mission Completed (Palisades)
Episode summary log written to examples/wildfire/data/scenarios/outputs/palisades_lr001_555961/results_palisades_lr001_12200_summary.csv

Mission Completed (Palisades)

Mission Completed (Palisades)

Mission Completed (Palisades)

Mission Completed (Palisades)

Mission Completed (Palisades)

Mission Completed (Palisades)
Episode summary log written to examples/wildfire/data/scenarios/outputs/palisades_lr001_555961/results_palisades_lr001_12300_summary.csv

Mission Completed (Palisades)

Mission Completed (Palisades)

Mission Failed (Palisades)
Episode summary log written to examples/wildfire/data/scenarios/outputs/palisades_lr001_555961/results_palisades_lr001_12400_summary.csv

Mission Completed (Palisades)

Mission Completed (Palisades)

Mission Completed (Palisades)

Mission Completed (Palisades)

Mission Completed (Palisades)
-----------------------------------------
| time/                   |             |
|    fps                  | 16          |
|    iterations           | 28          |
|    time_elapsed         | 17294       |
|    total_timesteps      | 290304      |
| train/                  |             |
|    approx_kl            | 0.023441212 |
|    clip_fraction        | 0.293       |
|    clip_range           | 0.2         |
|    entropy_loss         | -8.03       |
|    explained_variance   | 0.648       |
|    learning_rate        | 0.000823    |
|    loss                 | -0.0212     |
|    n_updates            | 189         |
|    policy_gradient_loss | -0.022      |
|    value_loss           | 0.00302     |
-----------------------------------------

Mission Completed (Palisades)

Mission Completed (Palisades)
Episode summary log written to examples/wildfire/data/scenarios/outputs/palisades_lr001_555961/results_palisades_lr001_12500_summary.csv

Mission Completed (Palisades)

Mission Failed (Palisades)

Mission Failed (Palisades)

Mission Completed (Palisades)

Mission Completed (Palisades)

Mission Completed (Palisades)

Mission Completed (Palisades)
Episode summary log written to examples/wildfire/data/scenarios/outputs/palisades_lr001_555961/results_palisades_lr001_12600_summary.csv

Mission Completed (Palisades)

Mission Completed (Palisades)

Mission Completed (Palisades)

Mission Completed (Palisades)

Mission Completed (Palisades)
Episode summary log written to examples/wildfire/data/scenarios/outputs/palisades_lr001_555961/results_palisades_lr001_12700_summary.csv

Mission Failed (Palisades)

Mission Completed (Palisades)

Mission Completed (Palisades)

Mission Failed (Palisades)

Mission Failed (Palisades)

Mission Completed (Palisades)

Mission Completed (Palisades)
Episode summary log written to examples/wildfire/data/scenarios/outputs/palisades_lr001_555961/results_palisades_lr001_12800_summary.csv

Mission Completed (Palisades)

Mission Completed (Palisades)

Mission Completed (Palisades)

Mission Completed (Palisades)

Mission Completed (Palisades)

Mission Completed (Palisades)

Mission Completed (Palisades)

Mission Completed (Palisades)

Mission Completed (Palisades)

Mission Completed (Palisades)

Mission Failed (Palisades)
Episode summary log written to examples/wildfire/data/scenarios/outputs/palisades_lr001_555961/results_palisades_lr001_12900_summary.csv

Mission Completed (Palisades)

Mission Failed (Palisades)

Mission Failed (Palisades)
----------------------------------------
| time/                   |            |
|    fps                  | 16         |
|    iterations           | 29         |
|    time_elapsed         | 17917      |
|    total_timesteps      | 300672     |
| train/                  |            |
|    approx_kl            | 0.02261885 |
|    clip_fraction        | 0.278      |
|    clip_range           | 0.2        |
|    entropy_loss         | -8.01      |
|    explained_variance   | 0.547      |
|    learning_rate        | 0.000816   |
|    loss                 | -0.0275    |
|    n_updates            | 196        |
|    policy_gradient_loss | -0.0192    |
|    value_loss           | 0.00186    |
----------------------------------------

Mission Failed (Palisades)

Mission Completed (Palisades)

Mission Completed (Palisades)

Mission Completed (Palisades)

Mission Failed (Palisades)
Per-step log written to examples/wildfire/data/scenarios/outputs/palisades_lr001_555961/results_palisades_lr001_13000_steps.csv
Decision-step log written to examples/wildfire/data/scenarios/outputs/palisades_lr001_555961/results_palisades_lr001_13000_decision_steps.csv
Episode summary log written to examples/wildfire/data/scenarios/outputs/palisades_lr001_555961/results_palisades_lr001_13000_summary.csv

Mission Completed (Palisades)

Mission Completed (Palisades)

Mission Completed (Palisades)

Mission Completed (Palisades)

Mission Failed (Palisades)

Mission Completed (Palisades)

Mission Completed (Palisades)
Episode summary log written to examples/wildfire/data/scenarios/outputs/palisades_lr001_555961/results_palisades_lr001_13100_summary.csv

Mission Completed (Palisades)

Mission Completed (Palisades)

Mission Failed (Palisades)

Mission Completed (Palisades)
Episode summary log written to examples/wildfire/data/scenarios/outputs/palisades_lr001_555961/results_palisades_lr001_13200_summary.csv

Mission Completed (Palisades)

Mission Completed (Palisades)

Mission Completed (Palisades)

Mission Failed (Palisades)
Episode summary log written to examples/wildfire/data/scenarios/outputs/palisades_lr001_555961/results_palisades_lr001_13300_summary.csv

Mission Completed (Palisades)

Mission Completed (Palisades)

Mission Completed (Palisades)

Mission Completed (Palisades)

Mission Completed (Palisades)
-----------------------------------------
| time/                   |             |
|    fps                  | 16          |
|    iterations           | 30          |
|    time_elapsed         | 18537       |
|    total_timesteps      | 311040      |
| train/                  |             |
|    approx_kl            | 0.021906795 |
|    clip_fraction        | 0.272       |
|    clip_range           | 0.2         |
|    entropy_loss         | -7.99       |
|    explained_variance   | 0.646       |
|    learning_rate        | 0.000809    |
|    loss                 | -0.0251     |
|    n_updates            | 203         |
|    policy_gradient_loss | -0.0215     |
|    value_loss           | 0.00362     |
-----------------------------------------

Mission Completed (Palisades)

Mission Failed (Palisades)

Mission Failed (Palisades)
Episode summary log written to examples/wildfire/data/scenarios/outputs/palisades_lr001_555961/results_palisades_lr001_13400_summary.csv

Mission Completed (Palisades)

Mission Completed (Palisades)

Mission Completed (Palisades)

Mission Completed (Palisades)

Mission Completed (Palisades)

Mission Completed (Palisades)

Mission Failed (Palisades)

Mission Completed (Palisades)
Episode summary log written to examples/wildfire/data/scenarios/outputs/palisades_lr001_555961/results_palisades_lr001_13500_summary.csv

Mission Failed (Palisades)

Mission Failed (Palisades)
Episode summary log written to examples/wildfire/data/scenarios/outputs/palisades_lr001_555961/results_palisades_lr001_13600_summary.csv

Mission Completed (Palisades)

Mission Completed (Palisades)

Mission Completed (Palisades)

Mission Completed (Palisades)

Mission Failed (Palisades)

Mission Completed (Palisades)
Episode summary log written to examples/wildfire/data/scenarios/outputs/palisades_lr001_555961/results_palisades_lr001_13700_summary.csv

Mission Completed (Palisades)

Mission Completed (Palisades)

Mission Completed (Palisades)

Mission Completed (Palisades)
Episode summary log written to examples/wildfire/data/scenarios/outputs/palisades_lr001_555961/results_palisades_lr001_13800_summary.csv

Mission Completed (Palisades)

Mission Completed (Palisades)

Mission Completed (Palisades)

Mission Completed (Palisades)
---------------------------------------
| time/                   |           |
|    fps                  | 16        |
|    iterations           | 31        |
|    time_elapsed         | 19161     |
|    total_timesteps      | 321408    |
| train/                  |           |
|    approx_kl            | 0.0236874 |
|    clip_fraction        | 0.298     |
|    clip_range           | 0.2       |
|    entropy_loss         | -7.95     |
|    explained_variance   | 0.469     |
|    learning_rate        | 0.000801  |
|    loss                 | -0.0303   |
|    n_updates            | 210       |
|    policy_gradient_loss | -0.0215   |
|    value_loss           | 0.00496   |
---------------------------------------

Mission Completed (Palisades)

Mission Completed (Palisades)

Mission Completed (Palisades)

Mission Completed (Palisades)

Mission Completed (Palisades)
Episode summary log written to examples/wildfire/data/scenarios/outputs/palisades_lr001_555961/results_palisades_lr001_13900_summary.csv

Mission Failed (Palisades)

Mission Completed (Palisades)

Mission Completed (Palisades)

Mission Completed (Palisades)
Per-step log written to examples/wildfire/data/scenarios/outputs/palisades_lr001_555961/results_palisades_lr001_14000_steps.csv
Decision-step log written to examples/wildfire/data/scenarios/outputs/palisades_lr001_555961/results_palisades_lr001_14000_decision_steps.csv
Episode summary log written to examples/wildfire/data/scenarios/outputs/palisades_lr001_555961/results_palisades_lr001_14000_summary.csv

Mission Completed (Palisades)

Mission Completed (Palisades)

Mission Completed (Palisades)

Mission Completed (Palisades)

Mission Completed (Palisades)

Mission Completed (Palisades)

Mission Completed (Palisades)

Mission Failed (Palisades)

Mission Completed (Palisades)

Mission Completed (Palisades)
Episode summary log written to examples/wildfire/data/scenarios/outputs/palisades_lr001_555961/results_palisades_lr001_14100_summary.csv

Mission Failed (Palisades)

Mission Failed (Palisades)

Mission Failed (Palisades)

Mission Completed (Palisades)

Mission Completed (Palisades)
Episode summary log written to examples/wildfire/data/scenarios/outputs/palisades_lr001_555961/results_palisades_lr001_14200_summary.csv

Mission Completed (Palisades)

Mission Completed (Palisades)

Mission Completed (Palisades)

Mission Completed (Palisades)
-----------------------------------------
| time/                   |             |
|    fps                  | 16          |
|    iterations           | 32          |
|    time_elapsed         | 19790       |
|    total_timesteps      | 331776      |
| train/                  |             |
|    approx_kl            | 0.022164142 |
|    clip_fraction        | 0.281       |
|    clip_range           | 0.2         |
|    entropy_loss         | -7.91       |
|    explained_variance   | 0.647       |
|    learning_rate        | 0.000794    |
|    loss                 | -0.0214     |
|    n_updates            | 217         |
|    policy_gradient_loss | -0.0203     |
|    value_loss           | 0.0027      |
-----------------------------------------

Mission Completed (Palisades)
Episode summary log written to examples/wildfire/data/scenarios/outputs/palisades_lr001_555961/results_palisades_lr001_14300_summary.csv

Mission Failed (Palisades)

Mission Completed (Palisades)

Mission Completed (Palisades)

Mission Completed (Palisades)

Mission Completed (Palisades)

Mission Completed (Palisades)

Mission Completed (Palisades)
Episode summary log written to examples/wildfire/data/scenarios/outputs/palisades_lr001_555961/results_palisades_lr001_14400_summary.csv

Mission Completed (Palisades)

Mission Failed (Palisades)

Mission Completed (Palisades)

Mission Completed (Palisades)

Mission Completed (Palisades)

Mission Failed (Palisades)

Mission Failed (Palisades)

Mission Completed (Palisades)
Episode summary log written to examples/wildfire/data/scenarios/outputs/palisades_lr001_555961/results_palisades_lr001_14500_summary.csv

Mission Failed (Palisades)

Mission Failed (Palisades)

Mission Failed (Palisades)

Mission Failed (Palisades)

Mission Failed (Palisades)

Mission Completed (Palisades)

Mission Failed (Palisades)

Mission Completed (Palisades)

Mission Completed (Palisades)
Episode summary log written to examples/wildfire/data/scenarios/outputs/palisades_lr001_555961/results_palisades_lr001_14600_summary.csv

Mission Completed (Palisades)

Mission Completed (Palisades)

Mission Failed (Palisades)

Mission Completed (Palisades)

Mission Completed (Palisades)

Mission Completed (Palisades)
Episode summary log written to examples/wildfire/data/scenarios/outputs/palisades_lr001_555961/results_palisades_lr001_14700_summary.csv

Mission Completed (Palisades)

Mission Completed (Palisades)
-----------------------------------------
| time/                   |             |
|    fps                  | 16          |
|    iterations           | 33          |
|    time_elapsed         | 20409       |
|    total_timesteps      | 342144      |
| train/                  |             |
|    approx_kl            | 0.027960757 |
|    clip_fraction        | 0.314       |
|    clip_range           | 0.2         |
|    entropy_loss         | -7.87       |
|    explained_variance   | 0.661       |
|    learning_rate        | 0.000787    |
|    loss                 | -0.0257     |
|    n_updates            | 224         |
|    policy_gradient_loss | -0.0207     |
|    value_loss           | 0.00336     |
-----------------------------------------

Mission Completed (Palisades)

Mission Completed (Palisades)
Episode summary log written to examples/wildfire/data/scenarios/outputs/palisades_lr001_555961/results_palisades_lr001_14800_summary.csv

Mission Completed (Palisades)

Mission Completed (Palisades)

Mission Completed (Palisades)

Mission Completed (Palisades)

Mission Completed (Palisades)

Mission Completed (Palisades)
Episode summary log written to examples/wildfire/data/scenarios/outputs/palisades_lr001_555961/results_palisades_lr001_14900_summary.csv

Mission Completed (Palisades)

Mission Failed (Palisades)

Mission Completed (Palisades)

Mission Failed (Palisades)
Per-step log written to examples/wildfire/data/scenarios/outputs/palisades_lr001_555961/results_palisades_lr001_15000_steps.csv
Decision-step log written to examples/wildfire/data/scenarios/outputs/palisades_lr001_555961/results_palisades_lr001_15000_decision_steps.csv
Episode summary log written to examples/wildfire/data/scenarios/outputs/palisades_lr001_555961/results_palisades_lr001_15000_summary.csv

Mission Completed (Palisades)

Mission Failed (Palisades)

Mission Completed (Palisades)

Mission Completed (Palisades)

Mission Completed (Palisades)

Mission Failed (Palisades)
Episode summary log written to examples/wildfire/data/scenarios/outputs/palisades_lr001_555961/results_palisades_lr001_15100_summary.csv

Mission Failed (Palisades)

Mission Completed (Palisades)

Mission Completed (Palisades)
Episode summary log written to examples/wildfire/data/scenarios/outputs/palisades_lr001_555961/results_palisades_lr001_15200_summary.csv

Mission Completed (Palisades)
-----------------------------------------
| time/                   |             |
|    fps                  | 16          |
|    iterations           | 34          |
|    time_elapsed         | 21037       |
|    total_timesteps      | 352512      |
| train/                  |             |
|    approx_kl            | 0.022961557 |
|    clip_fraction        | 0.288       |
|    clip_range           | 0.2         |
|    entropy_loss         | -7.86       |
|    explained_variance   | 0.689       |
|    learning_rate        | 0.00078     |
|    loss                 | -0.0331     |
|    n_updates            | 231         |
|    policy_gradient_loss | -0.0234     |
|    value_loss           | 0.00616     |
-----------------------------------------

Mission Failed (Palisades)

Mission Completed (Palisades)

Mission Completed (Palisades)
Episode summary log written to examples/wildfire/data/scenarios/outputs/palisades_lr001_555961/results_palisades_lr001_15300_summary.csv

Mission Failed (Palisades)

Mission Completed (Palisades)

Mission Completed (Palisades)

Mission Completed (Palisades)

Mission Completed (Palisades)

Mission Completed (Palisades)

Mission Completed (Palisades)

Mission Completed (Palisades)

Mission Completed (Palisades)

Mission Completed (Palisades)
Episode summary log written to examples/wildfire/data/scenarios/outputs/palisades_lr001_555961/results_palisades_lr001_15400_summary.csv

Mission Completed (Palisades)

Mission Completed (Palisades)

Mission Completed (Palisades)

Mission Completed (Palisades)

Mission Completed (Palisades)

Mission Completed (Palisades)

Mission Completed (Palisades)

Mission Completed (Palisades)
Episode summary log written to examples/wildfire/data/scenarios/outputs/palisades_lr001_555961/results_palisades_lr001_15500_summary.csv

Mission Completed (Palisades)

Mission Completed (Palisades)

Mission Completed (Palisades)

Mission Completed (Palisades)
Episode summary log written to examples/wildfire/data/scenarios/outputs/palisades_lr001_555961/results_palisades_lr001_15600_summary.csv

Mission Completed (Palisades)

Mission Completed (Palisades)

Mission Completed (Palisades)

Mission Completed (Palisades)

Mission Completed (Palisades)

Mission Completed (Palisades)
Episode summary log written to examples/wildfire/data/scenarios/outputs/palisades_lr001_555961/results_palisades_lr001_15700_summary.csv
