/home/ibrahimoguz/.conda/envs/rl-env/bin/python
PPO rollout config: num_envs=1, n_steps=144, effective_batch=144, minibatches=12, batch_size=12
State fire fronts inspected for front-derived flags (topography/vegetation/indirect/urban/water): 5
Decision start delay override: 30.0 minutes
Adaptive fire timestep: scenario value.
Adaptive fire step-size factor: scenario/default value (active only when enable_adaptive_time_step=true).
Allowed tactic combinations: 17
State space: mixed (33 observation features)
Tactic distribution: group; controlled_aircraft=6; aircraft_group_size=2; action_decisions=3
Policy arch: independent pi=[512,256,128] / vf=[512,256,128], Tanh
Using cpu device
Wrapping the env with a `Monitor` wrapper
Wrapping the env in a DummyVecEnv.
PPO hyperparams: lr=0.0005 (decay^0.6), n_epochs=5, gamma=0.99, ent_coef=0.0, target_kl=None

Mission Completed (Palisades)
----------------------------------
| rollout/           |           |
|    ep_len_mean     | 9.77      |
|    ep_rew_mean     | -0.000829 |
| time/              |           |
|    fps             | 1         |
|    iterations      | 1         |
|    time_elapsed    | 119       |
|    total_timesteps | 144       |
----------------------------------

Mission Completed (Palisades)

Mission Completed (Palisades)
----------------------------------------
| rollout/                |            |
|    ep_len_mean          | 10.2       |
|    ep_rew_mean          | -0.000957  |
| time/                   |            |
|    fps                  | 1          |
|    iterations           | 2          |
|    time_elapsed         | 256        |
|    total_timesteps      | 288        |
| train/                  |            |
|    approx_kl            | 0.04245867 |
|    clip_fraction        | 0.367      |
|    clip_range           | 0.2        |
|    entropy_loss         | -8.48      |
|    explained_variance   | -10.1      |
|    learning_rate        | 0.000493   |
|    loss                 | -0.123     |
|    n_updates            | 5          |
|    policy_gradient_loss | -0.0708    |
|    value_loss           | 0.05       |
----------------------------------------

Mission Completed (Palisades)
-----------------------------------------
| rollout/                |             |
|    ep_len_mean          | 10.3        |
|    ep_rew_mean          | -0.000942   |
| time/                   |             |
|    fps                  | 1           |
|    iterations           | 3           |
|    time_elapsed         | 392         |
|    total_timesteps      | 432         |
| train/                  |             |
|    approx_kl            | 0.049299818 |
|    clip_fraction        | 0.379       |
|    clip_range           | 0.2         |
|    entropy_loss         | -8.45       |
|    explained_variance   | -9.02       |
|    learning_rate        | 0.000486    |
|    loss                 | -0.14       |
|    n_updates            | 10          |
|    policy_gradient_loss | -0.0681     |
|    value_loss           | 0.00196     |
-----------------------------------------

Mission Completed (Palisades)
----------------------------------------
| rollout/                |            |
|    ep_len_mean          | 9.98       |
|    ep_rew_mean          | -0.000892  |
| time/                   |            |
|    fps                  | 1          |
|    iterations           | 4          |
|    time_elapsed         | 524        |
|    total_timesteps      | 576        |
| train/                  |            |
|    approx_kl            | 0.08043167 |
|    clip_fraction        | 0.492      |
|    clip_range           | 0.2        |
|    entropy_loss         | -8.36      |
|    explained_variance   | -54.8      |
|    learning_rate        | 0.000479   |
|    loss                 | -0.097     |
|    n_updates            | 15         |
|    policy_gradient_loss | -0.0786    |
|    value_loss           | 0.00132    |
----------------------------------------

Mission Completed (Palisades)
----------------------------------------
| rollout/                |            |
|    ep_len_mean          | 9.99       |
|    ep_rew_mean          | -0.000883  |
| time/                   |            |
|    fps                  | 1          |
|    iterations           | 5          |
|    time_elapsed         | 655        |
|    total_timesteps      | 720        |
| train/                  |            |
|    approx_kl            | 0.05459803 |
|    clip_fraction        | 0.397      |
|    clip_range           | 0.2        |
|    entropy_loss         | -8.28      |
|    explained_variance   | -17.3      |
|    learning_rate        | 0.000471   |
|    loss                 | -0.121     |
|    n_updates            | 20         |
|    policy_gradient_loss | -0.0685    |
|    value_loss           | 0.000679   |
----------------------------------------
-----------------------------------------
| rollout/                |             |
|    ep_len_mean          | 10          |
|    ep_rew_mean          | -0.000883   |
| time/                   |             |
|    fps                  | 1           |
|    iterations           | 6           |
|    time_elapsed         | 790         |
|    total_timesteps      | 864         |
| train/                  |             |
|    approx_kl            | 0.067234896 |
|    clip_fraction        | 0.44        |
|    clip_range           | 0.2         |
|    entropy_loss         | -8.23       |
|    explained_variance   | -8.56       |
|    learning_rate        | 0.000464    |
|    loss                 | -0.0757     |
|    n_updates            | 25          |
|    policy_gradient_loss | -0.0567     |
|    value_loss           | 0.000213    |
-----------------------------------------

Mission Completed (Palisades)
Episode summary log written to examples/wildfire/data/scenarios/outputs/aircraft_utilization_check_553616/results_aircraft_utilization_check_100_summary.csv
----------------------------------------
| rollout/                |            |
|    ep_len_mean          | 10         |
|    ep_rew_mean          | -0.000879  |
| time/                   |            |
|    fps                  | 1          |
|    iterations           | 7          |
|    time_elapsed         | 926        |
|    total_timesteps      | 1008       |
| train/                  |            |
|    approx_kl            | 0.06733333 |
|    clip_fraction        | 0.412      |
|    clip_range           | 0.2        |
|    entropy_loss         | -8.22      |
|    explained_variance   | -44.7      |
|    learning_rate        | 0.000457   |
|    loss                 | -0.0907    |
|    n_updates            | 30         |
|    policy_gradient_loss | -0.0568    |
|    value_loss           | 6.87e-05   |
----------------------------------------
----------------------------------------
| rollout/                |            |
|    ep_len_mean          | 9.99       |
|    ep_rew_mean          | -0.000853  |
| time/                   |            |
|    fps                  | 1          |
|    iterations           | 8          |
|    time_elapsed         | 1048       |
|    total_timesteps      | 1152       |
| train/                  |            |
|    approx_kl            | 0.07328798 |
|    clip_fraction        | 0.433      |
|    clip_range           | 0.2        |
|    entropy_loss         | -8.18      |
|    explained_variance   | -16.8      |
|    learning_rate        | 0.000449   |
|    loss                 | -0.121     |
|    n_updates            | 35         |
|    policy_gradient_loss | -0.0642    |
|    value_loss           | 5.42e-05   |
----------------------------------------

Mission Completed (Palisades)
----------------------------------------
| rollout/                |            |
|    ep_len_mean          | 9.99       |
|    ep_rew_mean          | -0.00085   |
| time/                   |            |
|    fps                  | 1          |
|    iterations           | 9          |
|    time_elapsed         | 1173       |
|    total_timesteps      | 1296       |
| train/                  |            |
|    approx_kl            | 0.07660063 |
|    clip_fraction        | 0.442      |
|    clip_range           | 0.2        |
|    entropy_loss         | -8.16      |
|    explained_variance   | -15        |
|    learning_rate        | 0.000441   |
|    loss                 | -0.112     |
|    n_updates            | 40         |
|    policy_gradient_loss | -0.0714    |
|    value_loss           | 0.000267   |
----------------------------------------

Mission Completed (Palisades)
----------------------------------------
| rollout/                |            |
|    ep_len_mean          | 9.87       |
|    ep_rew_mean          | -0.000836  |
| time/                   |            |
|    fps                  | 1          |
|    iterations           | 10         |
|    time_elapsed         | 1291       |
|    total_timesteps      | 1440       |
| train/                  |            |
|    approx_kl            | 0.09165895 |
|    clip_fraction        | 0.54       |
|    clip_range           | 0.2        |
|    entropy_loss         | -8.1       |
|    explained_variance   | -41.9      |
|    learning_rate        | 0.000434   |
|    loss                 | -0.154     |
|    n_updates            | 45         |
|    policy_gradient_loss | -0.0911    |
|    value_loss           | 0.00283    |
----------------------------------------

Mission Completed (Palisades)
----------------------------------------
| rollout/                |            |
|    ep_len_mean          | 10         |
|    ep_rew_mean          | -0.000866  |
| time/                   |            |
|    fps                  | 1          |
|    iterations           | 11         |
|    time_elapsed         | 1411       |
|    total_timesteps      | 1584       |
| train/                  |            |
|    approx_kl            | 0.06001167 |
|    clip_fraction        | 0.451      |
|    clip_range           | 0.2        |
|    entropy_loss         | -8.05      |
|    explained_variance   | -5.18      |
|    learning_rate        | 0.000426   |
|    loss                 | -0.0695    |
|    n_updates            | 50         |
|    policy_gradient_loss | -0.0684    |
|    value_loss           | 0.00168    |
----------------------------------------

Mission Completed (Palisades)
----------------------------------------
| rollout/                |            |
|    ep_len_mean          | 10         |
|    ep_rew_mean          | -0.000864  |
| time/                   |            |
|    fps                  | 1          |
|    iterations           | 12         |
|    time_elapsed         | 1533       |
|    total_timesteps      | 1728       |
| train/                  |            |
|    approx_kl            | 0.06489033 |
|    clip_fraction        | 0.479      |
|    clip_range           | 0.2        |
|    entropy_loss         | -8.06      |
|    explained_variance   | -53.9      |
|    learning_rate        | 0.000418   |
|    loss                 | -0.142     |
|    n_updates            | 55         |
|    policy_gradient_loss | -0.0757    |
|    value_loss           | 0.000243   |
----------------------------------------

Mission Completed (Palisades)
----------------------------------------
| rollout/                |            |
|    ep_len_mean          | 9.94       |
|    ep_rew_mean          | -0.000854  |
| time/                   |            |
|    fps                  | 1          |
|    iterations           | 13         |
|    time_elapsed         | 1666       |
|    total_timesteps      | 1872       |
| train/                  |            |
|    approx_kl            | 0.07200349 |
|    clip_fraction        | 0.469      |
|    clip_range           | 0.2        |
|    entropy_loss         | -8.06      |
|    explained_variance   | -14.2      |
|    learning_rate        | 0.00041    |
|    loss                 | -0.138     |
|    n_updates            | 60         |
|    policy_gradient_loss | -0.0728    |
|    value_loss           | 0.000449   |
----------------------------------------

Mission Completed (Palisades)

Mission Completed (Palisades)
Episode summary log written to examples/wildfire/data/scenarios/outputs/aircraft_utilization_check_553616/results_aircraft_utilization_check_200_summary.csv
-----------------------------------------
| rollout/                |             |
|    ep_len_mean          | 9.99        |
|    ep_rew_mean          | -0.000868   |
| time/                   |             |
|    fps                  | 1           |
|    iterations           | 14          |
|    time_elapsed         | 1804        |
|    total_timesteps      | 2016        |
| train/                  |             |
|    approx_kl            | 0.073896326 |
|    clip_fraction        | 0.457       |
|    clip_range           | 0.2         |
|    entropy_loss         | -8.04       |
|    explained_variance   | -11.1       |
|    learning_rate        | 0.000402    |
|    loss                 | -0.0901     |
|    n_updates            | 65          |
|    policy_gradient_loss | -0.0679     |
|    value_loss           | 4.92e-05    |
-----------------------------------------

Mission Completed (Palisades)

Mission Completed (Palisades)

Mission Completed (Palisades)
-----------------------------------------
| rollout/                |             |
|    ep_len_mean          | 9.95        |
|    ep_rew_mean          | -0.000862   |
| time/                   |             |
|    fps                  | 1           |
|    iterations           | 15          |
|    time_elapsed         | 1935        |
|    total_timesteps      | 2160        |
| train/                  |             |
|    approx_kl            | 0.050515097 |
|    clip_fraction        | 0.369       |
|    clip_range           | 0.2         |
|    entropy_loss         | -8.03       |
|    explained_variance   | -13.1       |
|    learning_rate        | 0.000394    |
|    loss                 | -0.0614     |
|    n_updates            | 70          |
|    policy_gradient_loss | -0.0521     |
|    value_loss           | 2.03e-05    |
-----------------------------------------

Mission Completed (Palisades)

Mission Completed (Palisades)

Mission Completed (Palisades)
-----------------------------------------
| rollout/                |             |
|    ep_len_mean          | 10.1        |
|    ep_rew_mean          | -0.000872   |
| time/                   |             |
|    fps                  | 1           |
|    iterations           | 16          |
|    time_elapsed         | 2071        |
|    total_timesteps      | 2304        |
| train/                  |             |
|    approx_kl            | 0.059812766 |
|    clip_fraction        | 0.41        |
|    clip_range           | 0.2         |
|    entropy_loss         | -8.03       |
|    explained_variance   | -65.9       |
|    learning_rate        | 0.000386    |
|    loss                 | -0.116      |
|    n_updates            | 75          |
|    policy_gradient_loss | -0.0617     |
|    value_loss           | 1.43e-05    |
-----------------------------------------

Mission Completed (Palisades)

Mission Completed (Palisades)
----------------------------------------
| rollout/                |            |
|    ep_len_mean          | 10.2       |
|    ep_rew_mean          | -0.000885  |
| time/                   |            |
|    fps                  | 1          |
|    iterations           | 17         |
|    time_elapsed         | 2210       |
|    total_timesteps      | 2448       |
| train/                  |            |
|    approx_kl            | 0.09249655 |
|    clip_fraction        | 0.476      |
|    clip_range           | 0.2        |
|    entropy_loss         | -7.96      |
|    explained_variance   | -28.7      |
|    learning_rate        | 0.000377   |
|    loss                 | -0.0626    |
|    n_updates            | 80         |
|    policy_gradient_loss | -0.0677    |
|    value_loss           | 0.000745   |
----------------------------------------

Mission Completed (Palisades)
-----------------------------------------
| rollout/                |             |
|    ep_len_mean          | 10.2        |
|    ep_rew_mean          | -0.000872   |
| time/                   |             |
|    fps                  | 1           |
|    iterations           | 18          |
|    time_elapsed         | 2350        |
|    total_timesteps      | 2592        |
| train/                  |             |
|    approx_kl            | 0.064012125 |
|    clip_fraction        | 0.471       |
|    clip_range           | 0.2         |
|    entropy_loss         | -7.88       |
|    explained_variance   | -1.6        |
|    learning_rate        | 0.000369    |
|    loss                 | -0.137      |
|    n_updates            | 85          |
|    policy_gradient_loss | -0.0566     |
|    value_loss           | 0.000648    |
-----------------------------------------

Mission Completed (Palisades)

Mission Completed (Palisades)
----------------------------------------
| rollout/                |            |
|    ep_len_mean          | 10.2       |
|    ep_rew_mean          | -0.000874  |
| time/                   |            |
|    fps                  | 1          |
|    iterations           | 19         |
|    time_elapsed         | 2483       |
|    total_timesteps      | 2736       |
| train/                  |            |
|    approx_kl            | 0.07094567 |
|    clip_fraction        | 0.424      |
|    clip_range           | 0.2        |
|    entropy_loss         | -7.75      |
|    explained_variance   | -9.17      |
|    learning_rate        | 0.00036    |
|    loss                 | -0.135     |
|    n_updates            | 90         |
|    policy_gradient_loss | -0.0806    |
|    value_loss           | 0.000143   |
----------------------------------------

Mission Completed (Palisades)
----------------------------------------
| rollout/                |            |
|    ep_len_mean          | 10.3       |
|    ep_rew_mean          | -0.000884  |
| time/                   |            |
|    fps                  | 1          |
|    iterations           | 20         |
|    time_elapsed         | 2618       |
|    total_timesteps      | 2880       |
| train/                  |            |
|    approx_kl            | 0.05735481 |
|    clip_fraction        | 0.389      |
|    clip_range           | 0.2        |
|    entropy_loss         | -7.66      |
|    explained_variance   | -37.2      |
|    learning_rate        | 0.000351   |
|    loss                 | -0.0983    |
|    n_updates            | 95         |
|    policy_gradient_loss | -0.0593    |
|    value_loss           | 3.05e-05   |
----------------------------------------

Mission Completed (Palisades)
-----------------------------------------
| rollout/                |             |
|    ep_len_mean          | 10.3        |
|    ep_rew_mean          | -0.000877   |
| time/                   |             |
|    fps                  | 1           |
|    iterations           | 21          |
|    time_elapsed         | 2754        |
|    total_timesteps      | 3024        |
| train/                  |             |
|    approx_kl            | 0.053623945 |
|    clip_fraction        | 0.393       |
|    clip_range           | 0.2         |
|    entropy_loss         | -7.7        |
|    explained_variance   | -19.3       |
|    learning_rate        | 0.000342    |
|    loss                 | -0.089      |
|    n_updates            | 100         |
|    policy_gradient_loss | -0.063      |
|    value_loss           | 2.51e-05    |
-----------------------------------------
Episode summary log written to examples/wildfire/data/scenarios/outputs/aircraft_utilization_check_553616/results_aircraft_utilization_check_300_summary.csv

Mission Completed (Palisades)
-----------------------------------------
| rollout/                |             |
|    ep_len_mean          | 10.4        |
|    ep_rew_mean          | -0.000882   |
| time/                   |             |
|    fps                  | 1           |
|    iterations           | 22          |
|    time_elapsed         | 2894        |
|    total_timesteps      | 3168        |
| train/                  |             |
|    approx_kl            | 0.053929273 |
|    clip_fraction        | 0.408       |
|    clip_range           | 0.2         |
|    entropy_loss         | -7.74       |
|    explained_variance   | -26.1       |
|    learning_rate        | 0.000333    |
|    loss                 | -0.0749     |
|    n_updates            | 105         |
|    policy_gradient_loss | -0.0699     |
|    value_loss           | 2.34e-05    |
-----------------------------------------

Mission Completed (Palisades)
----------------------------------------
| rollout/                |            |
|    ep_len_mean          | 10.3       |
|    ep_rew_mean          | -0.000877  |
| time/                   |            |
|    fps                  | 1          |
|    iterations           | 23         |
|    time_elapsed         | 3030       |
|    total_timesteps      | 3312       |
| train/                  |            |
|    approx_kl            | 0.06642366 |
|    clip_fraction        | 0.418      |
|    clip_range           | 0.2        |
|    entropy_loss         | -7.72      |
|    explained_variance   | -10.5      |
|    learning_rate        | 0.000324   |
|    loss                 | -0.128     |
|    n_updates            | 110        |
|    policy_gradient_loss | -0.0711    |
|    value_loss           | 1.5e-05    |
----------------------------------------

Mission Completed (Palisades)
----------------------------------------
| rollout/                |            |
|    ep_len_mean          | 10.2       |
|    ep_rew_mean          | -0.00086   |
| time/                   |            |
|    fps                  | 1          |
|    iterations           | 24         |
|    time_elapsed         | 3166       |
|    total_timesteps      | 3456       |
| train/                  |            |
|    approx_kl            | 0.06622723 |
|    clip_fraction        | 0.387      |
|    clip_range           | 0.2        |
|    entropy_loss         | -7.62      |
|    explained_variance   | -3.76      |
|    learning_rate        | 0.000314   |
|    loss                 | -0.0894    |
|    n_updates            | 115        |
|    policy_gradient_loss | -0.0505    |
|    value_loss           | 3.61e-05   |
----------------------------------------

Mission Completed (Palisades)
-----------------------------------------
| rollout/                |             |
|    ep_len_mean          | 10.1        |
|    ep_rew_mean          | -0.000855   |
| time/                   |             |
|    fps                  | 1           |
|    iterations           | 25          |
|    time_elapsed         | 3298        |
|    total_timesteps      | 3600        |
| train/                  |             |
|    approx_kl            | 0.049216565 |
|    clip_fraction        | 0.312       |
|    clip_range           | 0.2         |
|    entropy_loss         | -7.55       |
|    explained_variance   | -60.2       |
|    learning_rate        | 0.000304    |
|    loss                 | -0.0828     |
|    n_updates            | 120         |
|    policy_gradient_loss | -0.0553     |
|    value_loss           | 1.61e-05    |
-----------------------------------------
----------------------------------------
| rollout/                |            |
|    ep_len_mean          | 10.2       |
|    ep_rew_mean          | -0.000868  |
| time/                   |            |
|    fps                  | 1          |
|    iterations           | 26         |
|    time_elapsed         | 3437       |
|    total_timesteps      | 3744       |
| train/                  |            |
|    approx_kl            | 0.05393383 |
|    clip_fraction        | 0.354      |
|    clip_range           | 0.2        |
|    entropy_loss         | -7.46      |
|    explained_variance   | -4.99      |
|    learning_rate        | 0.000295   |
|    loss                 | -0.0722    |
|    n_updates            | 125        |
|    policy_gradient_loss | -0.0558    |
|    value_loss           | 3.22e-05   |
----------------------------------------

Mission Completed (Palisades)
----------------------------------------
| rollout/                |            |
|    ep_len_mean          | 10.3       |
|    ep_rew_mean          | -0.000891  |
| time/                   |            |
|    fps                  | 1          |
|    iterations           | 27         |
|    time_elapsed         | 3575       |
|    total_timesteps      | 3888       |
| train/                  |            |
|    approx_kl            | 0.06401237 |
|    clip_fraction        | 0.382      |
|    clip_range           | 0.2        |
|    entropy_loss         | -7.45      |
|    explained_variance   | -51.5      |
|    learning_rate        | 0.000284   |
|    loss                 | -0.0879    |
|    n_updates            | 130        |
|    policy_gradient_loss | -0.0634    |
|    value_loss           | 5.98e-05   |
----------------------------------------

Mission Completed (Palisades)

Mission Completed (Palisades)
----------------------------------------
| rollout/                |            |
|    ep_len_mean          | 10.3       |
|    ep_rew_mean          | -0.000887  |
| time/                   |            |
|    fps                  | 1          |
|    iterations           | 28         |
|    time_elapsed         | 3708       |
|    total_timesteps      | 4032       |
| train/                  |            |
|    approx_kl            | 0.03474203 |
|    clip_fraction        | 0.303      |
|    clip_range           | 0.2        |
|    entropy_loss         | -7.44      |
|    explained_variance   | -70.5      |
|    learning_rate        | 0.000274   |
|    loss                 | -0.127     |
|    n_updates            | 135        |
|    policy_gradient_loss | -0.0624    |
|    value_loss           | 5.23e-05   |
----------------------------------------
Episode summary log written to examples/wildfire/data/scenarios/outputs/aircraft_utilization_check_553616/results_aircraft_utilization_check_400_summary.csv

Mission Completed (Palisades)
-----------------------------------------
| rollout/                |             |
|    ep_len_mean          | 10.3        |
|    ep_rew_mean          | -0.000894   |
| time/                   |             |
|    fps                  | 1           |
|    iterations           | 29          |
|    time_elapsed         | 3842        |
|    total_timesteps      | 4176        |
| train/                  |             |
|    approx_kl            | 0.034370936 |
|    clip_fraction        | 0.322       |
|    clip_range           | 0.2         |
|    entropy_loss         | -7.39       |
|    explained_variance   | -38.9       |
|    learning_rate        | 0.000263    |
|    loss                 | -0.111      |
|    n_updates            | 140         |
|    policy_gradient_loss | -0.0621     |
|    value_loss           | 1.6e-05     |
-----------------------------------------

Mission Completed (Palisades)
-----------------------------------------
| rollout/                |             |
|    ep_len_mean          | 10.3        |
|    ep_rew_mean          | -0.000901   |
| time/                   |             |
|    fps                  | 1           |
|    iterations           | 30          |
|    time_elapsed         | 3957        |
|    total_timesteps      | 4320        |
| train/                  |             |
|    approx_kl            | 0.052345816 |
|    clip_fraction        | 0.36        |
|    clip_range           | 0.2         |
|    entropy_loss         | -7.46       |
|    explained_variance   | -40.9       |
|    learning_rate        | 0.000253    |
|    loss                 | -0.115      |
|    n_updates            | 145         |
|    policy_gradient_loss | -0.0631     |
|    value_loss           | 1.1e-05     |
-----------------------------------------
----------------------------------------
| rollout/                |            |
|    ep_len_mean          | 10.4       |
|    ep_rew_mean          | -0.000922  |
| time/                   |            |
|    fps                  | 1          |
|    iterations           | 31         |
|    time_elapsed         | 4072       |
|    total_timesteps      | 4464       |
| train/                  |            |
|    approx_kl            | 0.03850977 |
|    clip_fraction        | 0.317      |
|    clip_range           | 0.2        |
|    entropy_loss         | -7.44      |
|    explained_variance   | -10        |
|    learning_rate        | 0.000241   |
|    loss                 | -0.0898    |
|    n_updates            | 150        |
|    policy_gradient_loss | -0.0608    |
|    value_loss           | 5.77e-06   |
----------------------------------------

Mission Completed (Palisades)

Mission Completed (Palisades)
-----------------------------------------
| rollout/                |             |
|    ep_len_mean          | 10.4        |
|    ep_rew_mean          | -0.000923   |
| time/                   |             |
|    fps                  | 1           |
|    iterations           | 32          |
|    time_elapsed         | 4187        |
|    total_timesteps      | 4608        |
| train/                  |             |
|    approx_kl            | 0.051261146 |
|    clip_fraction        | 0.336       |
|    clip_range           | 0.2         |
|    entropy_loss         | -7.42       |
|    explained_variance   | -19.8       |
|    learning_rate        | 0.00023     |
|    loss                 | -0.137      |
|    n_updates            | 155         |
|    policy_gradient_loss | -0.0629     |
|    value_loss           | 8.37e-06    |
-----------------------------------------
-----------------------------------------
| rollout/                |             |
|    ep_len_mean          | 10.3        |
|    ep_rew_mean          | -0.000921   |
| time/                   |             |
|    fps                  | 1           |
|    iterations           | 33          |
|    time_elapsed         | 4302        |
|    total_timesteps      | 4752        |
| train/                  |             |
|    approx_kl            | 0.049744923 |
|    clip_fraction        | 0.396       |
|    clip_range           | 0.2         |
|    entropy_loss         | -7.46       |
|    explained_variance   | -67.6       |
|    learning_rate        | 0.000218    |
|    loss                 | -0.103      |
|    n_updates            | 160         |
|    policy_gradient_loss | -0.0581     |
|    value_loss           | 1.31e-05    |
-----------------------------------------
-----------------------------------------
| rollout/                |             |
|    ep_len_mean          | 10.3        |
|    ep_rew_mean          | -0.000911   |
| time/                   |             |
|    fps                  | 1           |
|    iterations           | 34          |
|    time_elapsed         | 4419        |
|    total_timesteps      | 4896        |
| train/                  |             |
|    approx_kl            | 0.032445528 |
|    clip_fraction        | 0.297       |
|    clip_range           | 0.2         |
|    entropy_loss         | -7.42       |
|    explained_variance   | -34.1       |
|    learning_rate        | 0.000205    |
|    loss                 | -0.105      |
|    n_updates            | 165         |
|    policy_gradient_loss | -0.0612     |
|    value_loss           | 1.04e-05    |
-----------------------------------------

Mission Completed (Palisades)
-----------------------------------------
| rollout/                |             |
|    ep_len_mean          | 10.3        |
|    ep_rew_mean          | -0.000902   |
| time/                   |             |
|    fps                  | 1           |
|    iterations           | 35          |
|    time_elapsed         | 4535        |
|    total_timesteps      | 5040        |
| train/                  |             |
|    approx_kl            | 0.040320095 |
|    clip_fraction        | 0.333       |
|    clip_range           | 0.2         |
|    entropy_loss         | -7.34       |
|    explained_variance   | -9.26       |
|    learning_rate        | 0.000192    |
|    loss                 | -0.119      |
|    n_updates            | 170         |
|    policy_gradient_loss | -0.0659     |
|    value_loss           | 1.13e-05    |
-----------------------------------------

Mission Completed (Palisades)
Episode summary log written to examples/wildfire/data/scenarios/outputs/aircraft_utilization_check_553616/results_aircraft_utilization_check_500_summary.csv

Mission Completed (Palisades)
----------------------------------------
| rollout/                |            |
|    ep_len_mean          | 10.3       |
|    ep_rew_mean          | -0.000901  |
| time/                   |            |
|    fps                  | 1          |
|    iterations           | 36         |
|    time_elapsed         | 4660       |
|    total_timesteps      | 5184       |
| train/                  |            |
|    approx_kl            | 0.03348468 |
|    clip_fraction        | 0.253      |
|    clip_range           | 0.2        |
|    entropy_loss         | -7.28      |
|    explained_variance   | -8.45      |
|    learning_rate        | 0.000179   |
|    loss                 | -0.116     |
|    n_updates            | 175        |
|    policy_gradient_loss | -0.0635    |
|    value_loss           | 4.15e-06   |
----------------------------------------

Mission Completed (Palisades)
-----------------------------------------
| rollout/                |             |
|    ep_len_mean          | 10.4        |
|    ep_rew_mean          | -0.000903   |
| time/                   |             |
|    fps                  | 1           |
|    iterations           | 37          |
|    time_elapsed         | 4776        |
|    total_timesteps      | 5328        |
| train/                  |             |
|    approx_kl            | 0.029926552 |
|    clip_fraction        | 0.278       |
|    clip_range           | 0.2         |
|    entropy_loss         | -7.3        |
|    explained_variance   | -24.3       |
|    learning_rate        | 0.000164    |
|    loss                 | -0.0264     |
|    n_updates            | 180         |
|    policy_gradient_loss | -0.0594     |
|    value_loss           | 6.18e-06    |
-----------------------------------------

Mission Completed (Palisades)

Mission Completed (Palisades)
-----------------------------------------
| rollout/                |             |
|    ep_len_mean          | 10.2        |
|    ep_rew_mean          | -0.000874   |
| time/                   |             |
|    fps                  | 1           |
|    iterations           | 38          |
|    time_elapsed         | 4892        |
|    total_timesteps      | 5472        |
| train/                  |             |
|    approx_kl            | 0.031318456 |
|    clip_fraction        | 0.244       |
|    clip_range           | 0.2         |
|    entropy_loss         | -7.33       |
|    explained_variance   | -4.38       |
|    learning_rate        | 0.000149    |
|    loss                 | -0.0665     |
|    n_updates            | 185         |
|    policy_gradient_loss | -0.0581     |
|    value_loss           | 4.81e-06    |
-----------------------------------------

Mission Completed (Palisades)
-----------------------------------------
| rollout/                |             |
|    ep_len_mean          | 10.3        |
|    ep_rew_mean          | -0.000876   |
| time/                   |             |
|    fps                  | 1           |
|    iterations           | 39          |
|    time_elapsed         | 5007        |
|    total_timesteps      | 5616        |
| train/                  |             |
|    approx_kl            | 0.021389993 |
|    clip_fraction        | 0.201       |
|    clip_range           | 0.2         |
|    entropy_loss         | -7.2        |
|    explained_variance   | -12.3       |
|    learning_rate        | 0.000133    |
|    loss                 | -0.0966     |
|    n_updates            | 190         |
|    policy_gradient_loss | -0.0511     |
|    value_loss           | 6.6e-06     |
-----------------------------------------

Mission Completed (Palisades)
----------------------------------------
| rollout/                |            |
|    ep_len_mean          | 10.4       |
|    ep_rew_mean          | -0.000888  |
| time/                   |            |
|    fps                  | 1          |
|    iterations           | 40         |
|    time_elapsed         | 5123       |
|    total_timesteps      | 5760       |
| train/                  |            |
|    approx_kl            | 0.02576244 |
|    clip_fraction        | 0.193      |
|    clip_range           | 0.2        |
|    entropy_loss         | -7.18      |
|    explained_variance   | -73.6      |
|    learning_rate        | 0.000115   |
|    loss                 | -0.099     |
|    n_updates            | 195        |
|    policy_gradient_loss | -0.052     |
|    value_loss           | 3.54e-05   |
----------------------------------------
-----------------------------------------
| rollout/                |             |
|    ep_len_mean          | 10.4        |
|    ep_rew_mean          | -0.000883   |
| time/                   |             |
|    fps                  | 1           |
|    iterations           | 41          |
|    time_elapsed         | 5241        |
|    total_timesteps      | 5904        |
| train/                  |             |
|    approx_kl            | 0.014421634 |
|    clip_fraction        | 0.0986      |
|    clip_range           | 0.2         |
|    entropy_loss         | -7.17       |
|    explained_variance   | -14.1       |
|    learning_rate        | 9.47e-05    |
|    loss                 | -0.0952     |
|    n_updates            | 200         |
|    policy_gradient_loss | -0.0386     |
|    value_loss           | 1.32e-05    |
-----------------------------------------
-----------------------------------------
| rollout/                |             |
|    ep_len_mean          | 10.4        |
|    ep_rew_mean          | -0.000884   |
| time/                   |             |
|    fps                  | 1           |
|    iterations           | 42          |
|    time_elapsed         | 5354        |
|    total_timesteps      | 6048        |
| train/                  |             |
|    approx_kl            | 0.012621068 |
|    clip_fraction        | 0.11        |
|    clip_range           | 0.2         |
|    entropy_loss         | -7.15       |
|    explained_variance   | -22.1       |
|    learning_rate        | 7.15e-05    |
|    loss                 | -0.134      |
|    n_updates            | 205         |
|    policy_gradient_loss | -0.0373     |
|    value_loss           | 2.66e-06    |
-----------------------------------------
Episode summary log written to examples/wildfire/data/scenarios/outputs/aircraft_utilization_check_553616/results_aircraft_utilization_check_600_summary.csv
------------------------------------------
| rollout/                |              |
|    ep_len_mean          | 10.3         |
|    ep_rew_mean          | -0.000882    |
| time/                   |              |
|    fps                  | 1            |
|    iterations           | 43           |
|    time_elapsed         | 5469         |
|    total_timesteps      | 6192         |
| train/                  |              |
|    approx_kl            | 0.0062059127 |
|    clip_fraction        | 0.0403       |
|    clip_range           | 0.2          |
|    entropy_loss         | -7.19        |
|    explained_variance   | -36          |
|    learning_rate        | 4.12e-05     |
|    loss                 | -0.0742      |
|    n_updates            | 210          |
|    policy_gradient_loss | -0.0265      |
|    value_loss           | 6.72e-06     |
------------------------------------------
Per-step log written to examples/wildfire/data/scenarios/outputs/aircraft_utilization_check_553616/results_aircraft_utilization_check_605_steps.csv
Decision-step log written to examples/wildfire/data/scenarios/outputs/aircraft_utilization_check_553616/results_aircraft_utilization_check_605_decision_steps.csv
Training complete in 5469.97 seconds.
Episode training summary written to examples/wildfire/data/scenarios/outputs/aircraft_utilization_check_553616/examples/wildfire/data/scenarios/outputs/aircraft_utilization_check_553616/aircraft_utilization_check_summary.csv
