/home/ibrahimoguz/.conda/envs/rl-env/bin/python
--switch-ignition-1 enabled: ignition randomized each episode in a 100x100 cell box around the scenario's original ignition.
PPO rollout config: num_envs=72, n_steps=144, effective_batch=10368, minibatches=12, batch_size=864
State fire fronts inspected for front-derived flags (topography/vegetation/indirect/urban/water): 5
Decision start delay override: 60.0 minutes
Adaptive fire timestep: scenario value.
Adaptive fire step-size factor: scenario/default value (active only when enable_adaptive_time_step=true).
Allowed tactic combinations: 17
Diagnostic: gc.collect() and prior-sim drop at reset start enabled.
State space: mixed (33 observation features)
Tactic distribution: group; controlled_aircraft=6; aircraft_group_size=2; action_decisions=3
Vector env start method: forkserver
Policy arch: independent pi=[512,256,128] / vf=[512,256,128], Tanh
Using cpu device
PPO hyperparams: lr=0.001 (decay^0.6), n_epochs=7, gamma=0.99, ent_coef=0.0, target_kl=None
Episode summary log written to examples/wildfire/data/scenarios/outputs/palisades_lr001_555952/results_palisades_lr001_100_summary.csv
Episode summary log written to examples/wildfire/data/scenarios/outputs/palisades_lr001_555952/results_palisades_lr001_200_summary.csv
Episode summary log written to examples/wildfire/data/scenarios/outputs/palisades_lr001_555952/results_palisades_lr001_300_summary.csv
Episode summary log written to examples/wildfire/data/scenarios/outputs/palisades_lr001_555952/results_palisades_lr001_400_summary.csv
------------------------------
| time/              |       |
|    fps             | 17    |
|    iterations      | 1     |
|    time_elapsed    | 591   |
|    total_timesteps | 10368 |
------------------------------
Episode summary log written to examples/wildfire/data/scenarios/outputs/palisades_lr001_555952/results_palisades_lr001_500_summary.csv
Episode summary log written to examples/wildfire/data/scenarios/outputs/palisades_lr001_555952/results_palisades_lr001_600_summary.csv
Episode summary log written to examples/wildfire/data/scenarios/outputs/palisades_lr001_555952/results_palisades_lr001_700_summary.csv
Episode summary log written to examples/wildfire/data/scenarios/outputs/palisades_lr001_555952/results_palisades_lr001_800_summary.csv
-----------------------------------------
| time/                   |             |
|    fps                  | 17          |
|    iterations           | 2           |
|    time_elapsed         | 1187        |
|    total_timesteps      | 20736       |
| train/                  |             |
|    approx_kl            | 0.013695293 |
|    clip_fraction        | 0.143       |
|    clip_range           | 0.2         |
|    entropy_loss         | -8.49       |
|    explained_variance   | -2.02       |
|    learning_rate        | 0.000994    |
|    loss                 | -0.0148     |
|    n_updates            | 7           |
|    policy_gradient_loss | -0.0152     |
|    value_loss           | 0.0716      |
-----------------------------------------
Episode summary log written to examples/wildfire/data/scenarios/outputs/palisades_lr001_555952/results_palisades_lr001_900_summary.csv
Per-step log written to examples/wildfire/data/scenarios/outputs/palisades_lr001_555952/results_palisades_lr001_1000_steps.csv
Decision-step log written to examples/wildfire/data/scenarios/outputs/palisades_lr001_555952/results_palisades_lr001_1000_decision_steps.csv
Episode summary log written to examples/wildfire/data/scenarios/outputs/palisades_lr001_555952/results_palisades_lr001_1000_summary.csv
Episode summary log written to examples/wildfire/data/scenarios/outputs/palisades_lr001_555952/results_palisades_lr001_1100_summary.csv
Episode summary log written to examples/wildfire/data/scenarios/outputs/palisades_lr001_555952/results_palisades_lr001_1200_summary.csv
-----------------------------------------
| time/                   |             |
|    fps                  | 17          |
|    iterations           | 3           |
|    time_elapsed         | 1793        |
|    total_timesteps      | 31104       |
| train/                  |             |
|    approx_kl            | 0.018739806 |
|    clip_fraction        | 0.205       |
|    clip_range           | 0.2         |
|    entropy_loss         | -8.47       |
|    explained_variance   | 0.471       |
|    learning_rate        | 0.000988    |
|    loss                 | -0.0257     |
|    n_updates            | 14          |
|    policy_gradient_loss | -0.0165     |
|    value_loss           | 0.00414     |
-----------------------------------------
Episode summary log written to examples/wildfire/data/scenarios/outputs/palisades_lr001_555952/results_palisades_lr001_1300_summary.csv
Episode summary log written to examples/wildfire/data/scenarios/outputs/palisades_lr001_555952/results_palisades_lr001_1400_summary.csv
Episode summary log written to examples/wildfire/data/scenarios/outputs/palisades_lr001_555952/results_palisades_lr001_1500_summary.csv
Episode summary log written to examples/wildfire/data/scenarios/outputs/palisades_lr001_555952/results_palisades_lr001_1600_summary.csv
-----------------------------------------
| time/                   |             |
|    fps                  | 17          |
|    iterations           | 4           |
|    time_elapsed         | 2408        |
|    total_timesteps      | 41472       |
| train/                  |             |
|    approx_kl            | 0.020287868 |
|    clip_fraction        | 0.241       |
|    clip_range           | 0.2         |
|    entropy_loss         | -8.46       |
|    explained_variance   | 0.497       |
|    learning_rate        | 0.000981    |
|    loss                 | -0.0296     |
|    n_updates            | 21          |
|    policy_gradient_loss | -0.0165     |
|    value_loss           | 0.00631     |
-----------------------------------------
Episode summary log written to examples/wildfire/data/scenarios/outputs/palisades_lr001_555952/results_palisades_lr001_1700_summary.csv
Episode summary log written to examples/wildfire/data/scenarios/outputs/palisades_lr001_555952/results_palisades_lr001_1800_summary.csv
Episode summary log written to examples/wildfire/data/scenarios/outputs/palisades_lr001_555952/results_palisades_lr001_1900_summary.csv
Per-step log written to examples/wildfire/data/scenarios/outputs/palisades_lr001_555952/results_palisades_lr001_2000_steps.csv
Decision-step log written to examples/wildfire/data/scenarios/outputs/palisades_lr001_555952/results_palisades_lr001_2000_decision_steps.csv
Episode summary log written to examples/wildfire/data/scenarios/outputs/palisades_lr001_555952/results_palisades_lr001_2000_summary.csv
Episode summary log written to examples/wildfire/data/scenarios/outputs/palisades_lr001_555952/results_palisades_lr001_2100_summary.csv
-----------------------------------------
| time/                   |             |
|    fps                  | 17          |
|    iterations           | 5           |
|    time_elapsed         | 3004        |
|    total_timesteps      | 51840       |
| train/                  |             |
|    approx_kl            | 0.021788975 |
|    clip_fraction        | 0.255       |
|    clip_range           | 0.2         |
|    entropy_loss         | -8.44       |
|    explained_variance   | 0.495       |
|    learning_rate        | 0.000975    |
|    loss                 | -0.0113     |
|    n_updates            | 28          |
|    policy_gradient_loss | -0.0178     |
|    value_loss           | 0.00729     |
-----------------------------------------
Episode summary log written to examples/wildfire/data/scenarios/outputs/palisades_lr001_555952/results_palisades_lr001_2200_summary.csv
Episode summary log written to examples/wildfire/data/scenarios/outputs/palisades_lr001_555952/results_palisades_lr001_2300_summary.csv
Episode summary log written to examples/wildfire/data/scenarios/outputs/palisades_lr001_555952/results_palisades_lr001_2400_summary.csv
Episode summary log written to examples/wildfire/data/scenarios/outputs/palisades_lr001_555952/results_palisades_lr001_2500_summary.csv
-----------------------------------------
| time/                   |             |
|    fps                  | 17          |
|    iterations           | 6           |
|    time_elapsed         | 3603        |
|    total_timesteps      | 62208       |
| train/                  |             |
|    approx_kl            | 0.021922223 |
|    clip_fraction        | 0.253       |
|    clip_range           | 0.2         |
|    entropy_loss         | -8.42       |
|    explained_variance   | 0.59        |
|    learning_rate        | 0.000969    |
|    loss                 | -0.0126     |
|    n_updates            | 35          |
|    policy_gradient_loss | -0.0175     |
|    value_loss           | 0.00637     |
-----------------------------------------
Episode summary log written to examples/wildfire/data/scenarios/outputs/palisades_lr001_555952/results_palisades_lr001_2600_summary.csv
Episode summary log written to examples/wildfire/data/scenarios/outputs/palisades_lr001_555952/results_palisades_lr001_2700_summary.csv
Episode summary log written to examples/wildfire/data/scenarios/outputs/palisades_lr001_555952/results_palisades_lr001_2800_summary.csv
Episode summary log written to examples/wildfire/data/scenarios/outputs/palisades_lr001_555952/results_palisades_lr001_2900_summary.csv
-----------------------------------------
| time/                   |             |
|    fps                  | 17          |
|    iterations           | 7           |
|    time_elapsed         | 4209        |
|    total_timesteps      | 72576       |
| train/                  |             |
|    approx_kl            | 0.021943793 |
|    clip_fraction        | 0.285       |
|    clip_range           | 0.2         |
|    entropy_loss         | -8.41       |
|    explained_variance   | 0.601       |
|    learning_rate        | 0.000963    |
|    loss                 | -0.0179     |
|    n_updates            | 42          |
|    policy_gradient_loss | -0.019      |
|    value_loss           | 0.00597     |
-----------------------------------------
Per-step log written to examples/wildfire/data/scenarios/outputs/palisades_lr001_555952/results_palisades_lr001_3000_steps.csv
Decision-step log written to examples/wildfire/data/scenarios/outputs/palisades_lr001_555952/results_palisades_lr001_3000_decision_steps.csv
Episode summary log written to examples/wildfire/data/scenarios/outputs/palisades_lr001_555952/results_palisades_lr001_3000_summary.csv
Episode summary log written to examples/wildfire/data/scenarios/outputs/palisades_lr001_555952/results_palisades_lr001_3100_summary.csv
Episode summary log written to examples/wildfire/data/scenarios/outputs/palisades_lr001_555952/results_palisades_lr001_3200_summary.csv
Episode summary log written to examples/wildfire/data/scenarios/outputs/palisades_lr001_555952/results_palisades_lr001_3300_summary.csv
-----------------------------------------
| time/                   |             |
|    fps                  | 17          |
|    iterations           | 8           |
|    time_elapsed         | 4820        |
|    total_timesteps      | 82944       |
| train/                  |             |
|    approx_kl            | 0.022444798 |
|    clip_fraction        | 0.275       |
|    clip_range           | 0.2         |
|    entropy_loss         | -8.4        |
|    explained_variance   | 0.562       |
|    learning_rate        | 0.000956    |
|    loss                 | -0.0261     |
|    n_updates            | 49          |
|    policy_gradient_loss | -0.0178     |
|    value_loss           | 0.00634     |
-----------------------------------------
Episode summary log written to examples/wildfire/data/scenarios/outputs/palisades_lr001_555952/results_palisades_lr001_3400_summary.csv
Episode summary log written to examples/wildfire/data/scenarios/outputs/palisades_lr001_555952/results_palisades_lr001_3500_summary.csv
Episode summary log written to examples/wildfire/data/scenarios/outputs/palisades_lr001_555952/results_palisades_lr001_3600_summary.csv
Episode summary log written to examples/wildfire/data/scenarios/outputs/palisades_lr001_555952/results_palisades_lr001_3700_summary.csv
Episode summary log written to examples/wildfire/data/scenarios/outputs/palisades_lr001_555952/results_palisades_lr001_3800_summary.csv
-----------------------------------------
| time/                   |             |
|    fps                  | 17          |
|    iterations           | 9           |
|    time_elapsed         | 5415        |
|    total_timesteps      | 93312       |
| train/                  |             |
|    approx_kl            | 0.022114476 |
|    clip_fraction        | 0.273       |
|    clip_range           | 0.2         |
|    entropy_loss         | -8.38       |
|    explained_variance   | 0.604       |
|    learning_rate        | 0.00095     |
|    loss                 | -0.026      |
|    n_updates            | 56          |
|    policy_gradient_loss | -0.0189     |
|    value_loss           | 0.0055      |
-----------------------------------------
Episode summary log written to examples/wildfire/data/scenarios/outputs/palisades_lr001_555952/results_palisades_lr001_3900_summary.csv
Per-step log written to examples/wildfire/data/scenarios/outputs/palisades_lr001_555952/results_palisades_lr001_4000_steps.csv
Decision-step log written to examples/wildfire/data/scenarios/outputs/palisades_lr001_555952/results_palisades_lr001_4000_decision_steps.csv
Episode summary log written to examples/wildfire/data/scenarios/outputs/palisades_lr001_555952/results_palisades_lr001_4000_summary.csv
Episode summary log written to examples/wildfire/data/scenarios/outputs/palisades_lr001_555952/results_palisades_lr001_4100_summary.csv
Episode summary log written to examples/wildfire/data/scenarios/outputs/palisades_lr001_555952/results_palisades_lr001_4200_summary.csv
-----------------------------------------
| time/                   |             |
|    fps                  | 17          |
|    iterations           | 10          |
|    time_elapsed         | 6013        |
|    total_timesteps      | 103680      |
| train/                  |             |
|    approx_kl            | 0.025438262 |
|    clip_fraction        | 0.314       |
|    clip_range           | 0.2         |
|    entropy_loss         | -8.35       |
|    explained_variance   | 0.551       |
|    learning_rate        | 0.000943    |
|    loss                 | -0.026      |
|    n_updates            | 63          |
|    policy_gradient_loss | -0.0195     |
|    value_loss           | 0.00573     |
-----------------------------------------
Episode summary log written to examples/wildfire/data/scenarios/outputs/palisades_lr001_555952/results_palisades_lr001_4300_summary.csv
Episode summary log written to examples/wildfire/data/scenarios/outputs/palisades_lr001_555952/results_palisades_lr001_4400_summary.csv
Episode summary log written to examples/wildfire/data/scenarios/outputs/palisades_lr001_555952/results_palisades_lr001_4500_summary.csv
Episode summary log written to examples/wildfire/data/scenarios/outputs/palisades_lr001_555952/results_palisades_lr001_4600_summary.csv
-----------------------------------------
| time/                   |             |
|    fps                  | 17          |
|    iterations           | 11          |
|    time_elapsed         | 6607        |
|    total_timesteps      | 114048      |
| train/                  |             |
|    approx_kl            | 0.020717477 |
|    clip_fraction        | 0.287       |
|    clip_range           | 0.2         |
|    entropy_loss         | -8.35       |
|    explained_variance   | 0.612       |
|    learning_rate        | 0.000937    |
|    loss                 | -0.0276     |
|    n_updates            | 70          |
|    policy_gradient_loss | -0.0191     |
|    value_loss           | 0.00506     |
-----------------------------------------
Episode summary log written to examples/wildfire/data/scenarios/outputs/palisades_lr001_555952/results_palisades_lr001_4700_summary.csv
Episode summary log written to examples/wildfire/data/scenarios/outputs/palisades_lr001_555952/results_palisades_lr001_4800_summary.csv
Episode summary log written to examples/wildfire/data/scenarios/outputs/palisades_lr001_555952/results_palisades_lr001_4900_summary.csv
Per-step log written to examples/wildfire/data/scenarios/outputs/palisades_lr001_555952/results_palisades_lr001_5000_steps.csv
Decision-step log written to examples/wildfire/data/scenarios/outputs/palisades_lr001_555952/results_palisades_lr001_5000_decision_steps.csv
Episode summary log written to examples/wildfire/data/scenarios/outputs/palisades_lr001_555952/results_palisades_lr001_5000_summary.csv
-----------------------------------------
| time/                   |             |
|    fps                  | 17          |
|    iterations           | 12          |
|    time_elapsed         | 7199        |
|    total_timesteps      | 124416      |
| train/                  |             |
|    approx_kl            | 0.027403837 |
|    clip_fraction        | 0.319       |
|    clip_range           | 0.2         |
|    entropy_loss         | -8.32       |
|    explained_variance   | 0.636       |
|    learning_rate        | 0.00093     |
|    loss                 | -0.0157     |
|    n_updates            | 77          |
|    policy_gradient_loss | -0.0185     |
|    value_loss           | 0.00515     |
-----------------------------------------
Episode summary log written to examples/wildfire/data/scenarios/outputs/palisades_lr001_555952/results_palisades_lr001_5100_summary.csv
Episode summary log written to examples/wildfire/data/scenarios/outputs/palisades_lr001_555952/results_palisades_lr001_5200_summary.csv
Episode summary log written to examples/wildfire/data/scenarios/outputs/palisades_lr001_555952/results_palisades_lr001_5300_summary.csv
Episode summary log written to examples/wildfire/data/scenarios/outputs/palisades_lr001_555952/results_palisades_lr001_5400_summary.csv
Episode summary log written to examples/wildfire/data/scenarios/outputs/palisades_lr001_555952/results_palisades_lr001_5500_summary.csv
-----------------------------------------
| time/                   |             |
|    fps                  | 17          |
|    iterations           | 13          |
|    time_elapsed         | 7797        |
|    total_timesteps      | 134784      |
| train/                  |             |
|    approx_kl            | 0.025143376 |
|    clip_fraction        | 0.296       |
|    clip_range           | 0.2         |
|    entropy_loss         | -8.32       |
|    explained_variance   | 0.625       |
|    learning_rate        | 0.000924    |
|    loss                 | -0.0171     |
|    n_updates            | 84          |
|    policy_gradient_loss | -0.0205     |
|    value_loss           | 0.00593     |
-----------------------------------------
Episode summary log written to examples/wildfire/data/scenarios/outputs/palisades_lr001_555952/results_palisades_lr001_5600_summary.csv
Episode summary log written to examples/wildfire/data/scenarios/outputs/palisades_lr001_555952/results_palisades_lr001_5700_summary.csv
Episode summary log written to examples/wildfire/data/scenarios/outputs/palisades_lr001_555952/results_palisades_lr001_5800_summary.csv
Episode summary log written to examples/wildfire/data/scenarios/outputs/palisades_lr001_555952/results_palisades_lr001_5900_summary.csv
----------------------------------------
| time/                   |            |
|    fps                  | 17         |
|    iterations           | 14         |
|    time_elapsed         | 8395       |
|    total_timesteps      | 145152     |
| train/                  |            |
|    approx_kl            | 0.02550233 |
|    clip_fraction        | 0.313      |
|    clip_range           | 0.2        |
|    entropy_loss         | -8.31      |
|    explained_variance   | 0.575      |
|    learning_rate        | 0.000917   |
|    loss                 | -0.0209    |
|    n_updates            | 91         |
|    policy_gradient_loss | -0.0176    |
|    value_loss           | 0.00551    |
----------------------------------------
Per-step log written to examples/wildfire/data/scenarios/outputs/palisades_lr001_555952/results_palisades_lr001_6000_steps.csv
Decision-step log written to examples/wildfire/data/scenarios/outputs/palisades_lr001_555952/results_palisades_lr001_6000_decision_steps.csv
Episode summary log written to examples/wildfire/data/scenarios/outputs/palisades_lr001_555952/results_palisades_lr001_6000_summary.csv
Episode summary log written to examples/wildfire/data/scenarios/outputs/palisades_lr001_555952/results_palisades_lr001_6100_summary.csv
Episode summary log written to examples/wildfire/data/scenarios/outputs/palisades_lr001_555952/results_palisades_lr001_6200_summary.csv
Episode summary log written to examples/wildfire/data/scenarios/outputs/palisades_lr001_555952/results_palisades_lr001_6300_summary.csv
-----------------------------------------
| time/                   |             |
|    fps                  | 17          |
|    iterations           | 15          |
|    time_elapsed         | 8999        |
|    total_timesteps      | 155520      |
| train/                  |             |
|    approx_kl            | 0.024574494 |
|    clip_fraction        | 0.318       |
|    clip_range           | 0.2         |
|    entropy_loss         | -8.31       |
|    explained_variance   | 0.603       |
|    learning_rate        | 0.000911    |
|    loss                 | -0.0164     |
|    n_updates            | 98          |
|    policy_gradient_loss | -0.0181     |
|    value_loss           | 0.00567     |
-----------------------------------------
Episode summary log written to examples/wildfire/data/scenarios/outputs/palisades_lr001_555952/results_palisades_lr001_6400_summary.csv
Episode summary log written to examples/wildfire/data/scenarios/outputs/palisades_lr001_555952/results_palisades_lr001_6500_summary.csv
Episode summary log written to examples/wildfire/data/scenarios/outputs/palisades_lr001_555952/results_palisades_lr001_6600_summary.csv
Episode summary log written to examples/wildfire/data/scenarios/outputs/palisades_lr001_555952/results_palisades_lr001_6700_summary.csv
Episode summary log written to examples/wildfire/data/scenarios/outputs/palisades_lr001_555952/results_palisades_lr001_6800_summary.csv
-----------------------------------------
| time/                   |             |
|    fps                  | 17          |
|    iterations           | 16          |
|    time_elapsed         | 9591        |
|    total_timesteps      | 165888      |
| train/                  |             |
|    approx_kl            | 0.023101678 |
|    clip_fraction        | 0.312       |
|    clip_range           | 0.2         |
|    entropy_loss         | -8.29       |
|    explained_variance   | 0.658       |
|    learning_rate        | 0.000904    |
|    loss                 | -0.0346     |
|    n_updates            | 105         |
|    policy_gradient_loss | -0.022      |
|    value_loss           | 0.00729     |
-----------------------------------------
Episode summary log written to examples/wildfire/data/scenarios/outputs/palisades_lr001_555952/results_palisades_lr001_6900_summary.csv
Per-step log written to examples/wildfire/data/scenarios/outputs/palisades_lr001_555952/results_palisades_lr001_7000_steps.csv
Decision-step log written to examples/wildfire/data/scenarios/outputs/palisades_lr001_555952/results_palisades_lr001_7000_decision_steps.csv
Episode summary log written to examples/wildfire/data/scenarios/outputs/palisades_lr001_555952/results_palisades_lr001_7000_summary.csv
Episode summary log written to examples/wildfire/data/scenarios/outputs/palisades_lr001_555952/results_palisades_lr001_7100_summary.csv
Episode summary log written to examples/wildfire/data/scenarios/outputs/palisades_lr001_555952/results_palisades_lr001_7200_summary.csv
-----------------------------------------
| time/                   |             |
|    fps                  | 17          |
|    iterations           | 17          |
|    time_elapsed         | 10191       |
|    total_timesteps      | 176256      |
| train/                  |             |
|    approx_kl            | 0.023241991 |
|    clip_fraction        | 0.307       |
|    clip_range           | 0.2         |
|    entropy_loss         | -8.28       |
|    explained_variance   | 0.594       |
|    learning_rate        | 0.000898    |
|    loss                 | -0.0252     |
|    n_updates            | 112         |
|    policy_gradient_loss | -0.02       |
|    value_loss           | 0.00548     |
-----------------------------------------
Episode summary log written to examples/wildfire/data/scenarios/outputs/palisades_lr001_555952/results_palisades_lr001_7300_summary.csv
Episode summary log written to examples/wildfire/data/scenarios/outputs/palisades_lr001_555952/results_palisades_lr001_7400_summary.csv
Episode summary log written to examples/wildfire/data/scenarios/outputs/palisades_lr001_555952/results_palisades_lr001_7500_summary.csv
Episode summary log written to examples/wildfire/data/scenarios/outputs/palisades_lr001_555952/results_palisades_lr001_7600_summary.csv
-----------------------------------------
| time/                   |             |
|    fps                  | 17          |
|    iterations           | 18          |
|    time_elapsed         | 10783       |
|    total_timesteps      | 186624      |
| train/                  |             |
|    approx_kl            | 0.023046227 |
|    clip_fraction        | 0.302       |
|    clip_range           | 0.2         |
|    entropy_loss         | -8.27       |
|    explained_variance   | 0.676       |
|    learning_rate        | 0.000891    |
|    loss                 | -0.0223     |
|    n_updates            | 119         |
|    policy_gradient_loss | -0.0193     |
|    value_loss           | 0.00477     |
-----------------------------------------
Episode summary log written to examples/wildfire/data/scenarios/outputs/palisades_lr001_555952/results_palisades_lr001_7700_summary.csv
Episode summary log written to examples/wildfire/data/scenarios/outputs/palisades_lr001_555952/results_palisades_lr001_7800_summary.csv
Episode summary log written to examples/wildfire/data/scenarios/outputs/palisades_lr001_555952/results_palisades_lr001_7900_summary.csv
Per-step log written to examples/wildfire/data/scenarios/outputs/palisades_lr001_555952/results_palisades_lr001_8000_steps.csv
Decision-step log written to examples/wildfire/data/scenarios/outputs/palisades_lr001_555952/results_palisades_lr001_8000_decision_steps.csv
Episode summary log written to examples/wildfire/data/scenarios/outputs/palisades_lr001_555952/results_palisades_lr001_8000_summary.csv
Episode summary log written to examples/wildfire/data/scenarios/outputs/palisades_lr001_555952/results_palisades_lr001_8100_summary.csv
----------------------------------------
| time/                   |            |
|    fps                  | 17         |
|    iterations           | 19         |
|    time_elapsed         | 11374      |
|    total_timesteps      | 196992     |
| train/                  |            |
|    approx_kl            | 0.02504619 |
|    clip_fraction        | 0.301      |
|    clip_range           | 0.2        |
|    entropy_loss         | -8.26      |
|    explained_variance   | 0.543      |
|    learning_rate        | 0.000884   |
|    loss                 | -0.0254    |
|    n_updates            | 126        |
|    policy_gradient_loss | -0.0183    |
|    value_loss           | 0.00653    |
----------------------------------------
Episode summary log written to examples/wildfire/data/scenarios/outputs/palisades_lr001_555952/results_palisades_lr001_8200_summary.csv
Episode summary log written to examples/wildfire/data/scenarios/outputs/palisades_lr001_555952/results_palisades_lr001_8300_summary.csv
Episode summary log written to examples/wildfire/data/scenarios/outputs/palisades_lr001_555952/results_palisades_lr001_8400_summary.csv
Episode summary log written to examples/wildfire/data/scenarios/outputs/palisades_lr001_555952/results_palisades_lr001_8500_summary.csv
-----------------------------------------
| time/                   |             |
|    fps                  | 17          |
|    iterations           | 20          |
|    time_elapsed         | 11973       |
|    total_timesteps      | 207360      |
| train/                  |             |
|    approx_kl            | 0.025528004 |
|    clip_fraction        | 0.33        |
|    clip_range           | 0.2         |
|    entropy_loss         | -8.25       |
|    explained_variance   | 0.706       |
|    learning_rate        | 0.000878    |
|    loss                 | -0.0357     |
|    n_updates            | 133         |
|    policy_gradient_loss | -0.0242     |
|    value_loss           | 0.00451     |
-----------------------------------------
Episode summary log written to examples/wildfire/data/scenarios/outputs/palisades_lr001_555952/results_palisades_lr001_8600_summary.csv
Episode summary log written to examples/wildfire/data/scenarios/outputs/palisades_lr001_555952/results_palisades_lr001_8700_summary.csv
Episode summary log written to examples/wildfire/data/scenarios/outputs/palisades_lr001_555952/results_palisades_lr001_8800_summary.csv
Episode summary log written to examples/wildfire/data/scenarios/outputs/palisades_lr001_555952/results_palisades_lr001_8900_summary.csv
