Running "module reset". Resetting modules to system default. The following $MODULEPATH directories have been removed: None
/home/ibrahimoguz/FirefightingSoS/rl-5-30/SoSID_X-Challenge-git/src/sosid/paths.py:13: UserWarning: pkg_resources is deprecated as an API. See https://setuptools.pypa.io/en/latest/pkg_resources.html. The pkg_resources package is slated for removal as early as 2025-11-30. Refrain from using this package or pin to Setuptools<81.
  import pkg_resources
Traceback (most recent call last):
  File "/home/ibrahimoguz/.conda/envs/rl-env/lib/python3.10/runpy.py", line 196, in _run_module_as_main
    return _run_code(code, main_globals, None,
  File "/home/ibrahimoguz/.conda/envs/rl-env/lib/python3.10/runpy.py", line 86, in _run_code
    exec(code, run_globals)
  File "/home/ibrahimoguz/FirefightingSoS/wildfire-rl-new/examples/wildfire/ppo_runnerv2.py", line 4466, in <module>
    main()
  File "/home/ibrahimoguz/FirefightingSoS/wildfire-rl-new/examples/wildfire/ppo_runnerv2.py", line 4109, in main
    raise ValueError(
ValueError: --controlled-agent-count=4 exceeds the 3 aircraft defined in Palisades copy.json.
Command exited with non-zero status 1
	Command being timed: "python -u -m examples.wildfire.ppo_runnerv2 --scenario Palisades copy.json --num-envs 128 --timesteps 1008000 --device cpu --output-dir examples/wildfire/data/scenarios/outputs/palisades_lr00075_556892 --save-model palisades_lr00075.zip --progress-file-tag palisades_lr00075 --fire-detection-delay-minutes 60 --vec-start-method fork --state-fire-fronts 5 --gc-collect-on-reset --n-epochs 5 --learning-rate 0.0005 --gamma 0.99 --tactic-distribution individual --controlled-agent-count 4 --state-space old --switch-ignition-1"
	User time (seconds): 10.39
	System time (seconds): 5.66
	Percent of CPU this job got: 57%
	Elapsed (wall clock) time (h:mm:ss or m:ss): 0:28.04
	Average shared text size (kbytes): 0
	Average unshared data size (kbytes): 0
	Average stack size (kbytes): 0
	Average total size (kbytes): 0
	Maximum resident set size (kbytes): 967004
	Average resident set size (kbytes): 0
	Major (requiring I/O) page faults: 7949
	Minor (reclaiming a frame) page faults: 175238
	Voluntary context switches: 24908
	Involuntary context switches: 180
	Swaps: 0
	File system inputs: 1579768
	File system outputs: 240
	Socket messages sent: 0
	Socket messages received: 0
	Signals delivered: 0
	Page size (bytes): 4096
	Exit status: 1
