Running "module reset". Resetting modules to system default. The following $MODULEPATH directories have been removed: None
/home/ibrahimoguz/FirefightingSoS/rl-5-30/SoSID_X-Challenge-git/src/sosid/paths.py:13: UserWarning: pkg_resources is deprecated as an API. See https://setuptools.pypa.io/en/latest/pkg_resources.html. The pkg_resources package is slated for removal as early as 2025-11-30. Refrain from using this package or pin to Setuptools<81.
  import pkg_resources
	Command being timed: "python -u -m examples.wildfire.ppo_runnerv2 --scenario Palisades copy.json --num-envs 128 --timesteps 1008000 --device cpu --output-dir examples/wildfire/data/scenarios/outputs/palisades_lr00075_557062 --save-model palisades_lr00075.zip --progress-file-tag palisades_lr00075 --fire-detection-delay-minutes 60 --vec-start-method fork --state-fire-fronts 5 --gc-collect-on-reset --n-epochs 5 --learning-rate 0.00075 --gamma 0.99 --tactic-distribution individual --controlled-agent-count 3 --state-space old"
	User time (seconds): 2234114.98
	System time (seconds): 9783.01
	Percent of CPU this job got: 5258%
	Elapsed (wall clock) time (h:mm:ss or m:ss): 11:51:12
	Average shared text size (kbytes): 0
	Average unshared data size (kbytes): 0
	Average stack size (kbytes): 0
	Average total size (kbytes): 0
	Maximum resident set size (kbytes): 2031888
	Average resident set size (kbytes): 0
	Major (requiring I/O) page faults: 1930
	Minor (reclaiming a frame) page faults: 6903705321
	Voluntary context switches: 20668065
	Involuntary context switches: 34283427
	Swaps: 0
	File system inputs: 349288
	File system outputs: 2821648
	Socket messages sent: 0
	Socket messages received: 0
	Signals delivered: 0
	Page size (bytes): 4096
	Exit status: 0
