Running "module reset". Resetting modules to system default. The following $MODULEPATH directories have been removed: None
	Command being timed: "python -u examples/wildfire/profile_abm_breakdown.py --scenarios Palisades copy.json --seeds 101 --decision-steps 3 --decision-interval-minutes 10 --fire-detection-delay-minutes 30 --state-space small --state-fire-fronts 5 --tactic-distribution group --aircraft-group-size 2 --controlled-agent-count 6 --action-mode random --top-n 20 --output-dir /home/ibrahimoguz/FirefightingSoS/wildfire-rl-new/examples/wildfire/data/scenarios/outputs/abm_profile_555027/palisades"
	User time (seconds): 5.56
	System time (seconds): 0.99
	Percent of CPU this job got: 38%
	Elapsed (wall clock) time (h:mm:ss or m:ss): 0:17.21
	Average shared text size (kbytes): 0
	Average unshared data size (kbytes): 0
	Average stack size (kbytes): 0
	Average total size (kbytes): 0
	Maximum resident set size (kbytes): 1619472
	Average resident set size (kbytes): 0
	Major (requiring I/O) page faults: 3284
	Minor (reclaiming a frame) page faults: 272605
	Voluntary context switches: 16737
	Involuntary context switches: 34
	Swaps: 0
	File system inputs: 728424
	File system outputs: 584
	Socket messages sent: 0
	Socket messages received: 0
	Signals delivered: 0
	Page size (bytes): 4096
	Exit status: 0
	Command being timed: "python -u examples/wildfire/profile_abm_breakdown.py --scenarios Pyrenees.json --seeds 101 --decision-steps 3 --decision-interval-minutes 10 --fire-detection-delay-minutes 30 --state-space small --state-fire-fronts 5 --tactic-distribution group --aircraft-group-size 2 --controlled-agent-count 12 --action-mode random --top-n 20 --output-dir /home/ibrahimoguz/FirefightingSoS/wildfire-rl-new/examples/wildfire/data/scenarios/outputs/abm_profile_555027/pyrenees"
	User time (seconds): 14.53
	System time (seconds): 0.96
	Percent of CPU this job got: 82%
	Elapsed (wall clock) time (h:mm:ss or m:ss): 0:18.68
	Average shared text size (kbytes): 0
	Average unshared data size (kbytes): 0
	Average stack size (kbytes): 0
	Average total size (kbytes): 0
	Maximum resident set size (kbytes): 1592496
	Average resident set size (kbytes): 0
	Major (requiring I/O) page faults: 0
	Minor (reclaiming a frame) page faults: 355331
	Voluntary context switches: 7263
	Involuntary context switches: 46
	Swaps: 0
	File system inputs: 0
	File system outputs: 80
	Socket messages sent: 0
	Socket messages received: 0
	Signals delivered: 0
	Page size (bytes): 4096
	Exit status: 0
	Command being timed: "python -u examples/wildfire/profile_abm_breakdown.py --scenarios Salamis.json --seeds 101 --decision-steps 3 --decision-interval-minutes 10 --fire-detection-delay-minutes 30 --state-space small --state-fire-fronts 5 --tactic-distribution individual --aircraft-group-size 2 --controlled-agent-count 3 --action-mode random --top-n 20 --output-dir /home/ibrahimoguz/FirefightingSoS/wildfire-rl-new/examples/wildfire/data/scenarios/outputs/abm_profile_555027/salamis"
	User time (seconds): 4.04
	System time (seconds): 0.98
	Percent of CPU this job got: 64%
	Elapsed (wall clock) time (h:mm:ss or m:ss): 0:07.82
	Average shared text size (kbytes): 0
	Average unshared data size (kbytes): 0
	Average stack size (kbytes): 0
	Average total size (kbytes): 0
	Maximum resident set size (kbytes): 1560276
	Average resident set size (kbytes): 0
	Major (requiring I/O) page faults: 1189
	Minor (reclaiming a frame) page faults: 320873
	Voluntary context switches: 5887
	Involuntary context switches: 38
	Swaps: 0
	File system inputs: 321008
	File system outputs: 56
	Socket messages sent: 0
	Socket messages received: 0
	Signals delivered: 0
	Page size (bytes): 4096
	Exit status: 0
