Running "module reset". Resetting modules to system default. The following $MODULEPATH directories have been removed: None
	Command being timed: "python -u examples/wildfire/replay_aircraft_utilization.py --decision-steps /home/ibrahimoguz/FirefightingSoS/wildfire-rl-new/examples/wildfire/data/scenarios/outputs/aircraft_utilization_check_553616/results_aircraft_utilization_check_605_decision_steps.csv --scenario Palisades copy.json --max-episodes 20 --output-dir /home/ibrahimoguz/FirefightingSoS/wildfire-rl-new/examples/wildfire/data/scenarios/outputs/aircraft_utilization_replay_554046 --decision-interval-minutes 10 --fire-detection-delay-minutes 30 --state-space mixed --state-fire-fronts 5 --controlled-agent-count 6 --aircraft-group-size 2"
	User time (seconds): 178.15
	System time (seconds): 7.50
	Percent of CPU this job got: 87%
	Elapsed (wall clock) time (h:mm:ss or m:ss): 3:32.29
	Average shared text size (kbytes): 0
	Average unshared data size (kbytes): 0
	Average stack size (kbytes): 0
	Average total size (kbytes): 0
	Maximum resident set size (kbytes): 11141684
	Average resident set size (kbytes): 0
	Major (requiring I/O) page faults: 9708
	Minor (reclaiming a frame) page faults: 1101301
	Voluntary context switches: 27268
	Involuntary context switches: 351
	Swaps: 0
	File system inputs: 1972720
	File system outputs: 192
	Socket messages sent: 0
	Socket messages received: 0
	Signals delivered: 0
	Page size (bytes): 4096
	Exit status: 0
