/home/ibrahimoguz/.conda/envs/rl-env/bin/python

==============================================================================
ABM PROFILE SUMMARY (per RL decision)
==============================================================================
scenario             n  full   fire  abm   schedule  block  aircraft  static  select  suppress  traj  abm_pct
-------------------  -  -----  ----  ----  --------  -----  --------  ------  ------  --------  ----  -------
Palisades copy.json  3  137.6  49.5  73.1      72.0    1.1      56.8    12.8     0.0       0.0   0.0       53

==============================================================================
BREED TIMINGS: Palisades copy.json
==============================================================================
breed               ms/decision  calls/decision  %full
------------------  -----------  --------------  -----
    SuppressionUAV        56.82           600.0   41.3
WaterSourceManager         8.75           600.0    6.4
ProtectionLocation         2.44           600.0    1.8
 AirTrafficManager         1.09           600.0    0.8
    IgnitionCenter         0.53           600.0    0.4

==============================================================================
TASK TIMINGS: Palisades copy.json
==============================================================================
task  ms/decision  calls/decision  %full
----  -----------  --------------  -----
hold         5.91          3600.0    4.3

==============================================================================
HEAVY HELPERS: Palisades copy.json
==============================================================================
(no rows)

CSV profile outputs written to: /home/ibrahimoguz/FirefightingSoS/wildfire-rl-new/examples/wildfire/data/scenarios/outputs/abm_profile_555027/palisades

==============================================================================
ABM PROFILE SUMMARY (per RL decision)
==============================================================================
scenario       n  full    fire  abm     schedule  block  aircraft  static  select  suppress  traj   abm_pct
-------------  -  ------  ----  ------  --------  -----  --------  ------  ------  --------  -----  -------
Pyrenees.json  3  1810.0  62.1  1730.5    1678.4   52.2    1641.4    33.1   145.2     523.6  177.2       96

==============================================================================
BREED TIMINGS: Pyrenees.json
==============================================================================
breed               ms/decision  calls/decision  %full
------------------  -----------  --------------  -----
    SuppressionUAV      1641.44           600.0   90.7
WaterSourceManager        24.57           600.0    1.4
ProtectionLocation         5.41           600.0    0.3
 AirTrafficManager         2.28           600.0    0.1
    IgnitionCenter         0.85           600.0    0.0

==============================================================================
TASK TIMINGS: Pyrenees.json
==============================================================================
task                          ms/decision  calls/decision  %full
----------------------------  -----------  --------------  -----
           indirect_suppress       498.37            11.3   27.5
  follow_firefront_track_poi       496.57          1445.0   27.4
              to_suppressant        76.55          1045.0    4.2
          indirect_track_poi        66.32           807.7    3.7
       topography_select_poi        64.40             8.0    3.6
                     takeoff        48.98          2589.0    2.7
       vegetation_select_poi        45.31             7.7    2.5
            water_select_poi        30.54            33.0    1.7
             direct_suppress        25.21            11.0    1.4
   select_suppressant_source        22.62            19.0    1.2
     await_takeoff_clearance         3.59          1804.7    0.2
              vip_select_poi         2.72             3.0    0.2
         indirect_select_poi         2.24             5.0    0.1
            resupply_payload         1.86           530.0    0.1
            land_to_resupply         0.57            17.7    0.0
               change_tactic         0.29            19.0    0.0
          transition_segment         0.17            21.7    0.0
retransition_before_resupply         0.14            17.7    0.0
 await_operational_clearance         0.02             4.7    0.0

==============================================================================
HEAVY HELPERS: Pyrenees.json
==============================================================================
helper                           ms/decision  calls/decision  %full
-------------------------------  -----------  --------------  -----
    indirect_suppression_aspect       495.04            11.3   27.3
                set_destination       320.41          1498.7   17.7
            generate_trajectory       107.39          1612.7    5.9
   generate_straight_trajectory        69.81          1669.0    3.9
      update_fire_block_ellipse        49.76             0.3    2.7
         max_suppression_aspect        20.24             0.3    1.1
estimate_propellant_for_journey        11.12            76.0    0.6
      create_fire_block_ellipse         1.07             0.7    0.1
           verify_block_indices         0.92             0.7    0.1
            is_fire_containable         0.15             0.7    0.0

CSV profile outputs written to: /home/ibrahimoguz/FirefightingSoS/wildfire-rl-new/examples/wildfire/data/scenarios/outputs/abm_profile_555027/pyrenees

==============================================================================
ABM PROFILE SUMMARY (per RL decision)
==============================================================================
scenario      n  full   fire  abm   schedule  block  aircraft  static  select  suppress  traj  abm_pct
------------  -  -----  ----  ----  --------  -----  --------  ------  ------  --------  ----  -------
Salamis.json  3  120.3  65.1  40.3      39.2    1.1      30.6     6.3     0.0       0.0   0.0       33

==============================================================================
BREED TIMINGS: Salamis.json
==============================================================================
breed               ms/decision  calls/decision  %full
------------------  -----------  --------------  -----
    SuppressionUAV        30.59           600.0   25.4
WaterSourceManager         3.31           600.0    2.8
ProtectionLocation         1.40           600.0    1.2
 AirTrafficManager         1.06           600.0    0.9
    IgnitionCenter         0.52           600.0    0.4

==============================================================================
TASK TIMINGS: Salamis.json
==============================================================================
task  ms/decision  calls/decision  %full
----  -----------  --------------  -----
hold         3.23          1800.0    2.7

==============================================================================
HEAVY HELPERS: Salamis.json
==============================================================================
(no rows)

CSV profile outputs written to: /home/ibrahimoguz/FirefightingSoS/wildfire-rl-new/examples/wildfire/data/scenarios/outputs/abm_profile_555027/salamis
ABM profile outputs written to: /home/ibrahimoguz/FirefightingSoS/wildfire-rl-new/examples/wildfire/data/scenarios/outputs/abm_profile_555027
