Running "module reset". Resetting modules to system default. The following $MODULEPATH directories have been removed: None
	Command being timed: "python -u -m examples.wildfire.ppo_runnerv2 --scenario Palisades copy.json --timesteps 6144 --num-envs 1 --device cpu --state-space mixed --state-fire-fronts 5 --tactic-distribution group --aircraft-group-size 2 --controlled-agent-count 6 --fire-detection-delay-minutes 30 --output-dir examples/wildfire/data/scenarios/outputs/aircraft_utilization_check_553616 --progress-file-tag aircraft_utilization_check --log-output examples/wildfire/data/scenarios/outputs/aircraft_utilization_check_553616/aircraft_utilization_check_steps.csv --summary-output examples/wildfire/data/scenarios/outputs/aircraft_utilization_check_553616/aircraft_utilization_check_summary.csv"
	User time (seconds): 7024.51
	System time (seconds): 27.93
	Percent of CPU this job got: 127%
	Elapsed (wall clock) time (h:mm:ss or m:ss): 1:31:54
	Average shared text size (kbytes): 0
	Average unshared data size (kbytes): 0
	Average stack size (kbytes): 0
	Average total size (kbytes): 0
	Maximum resident set size (kbytes): 36651300
	Average resident set size (kbytes): 0
	Major (requiring I/O) page faults: 10518
	Minor (reclaiming a frame) page faults: 13297558
	Voluntary context switches: 412572
	Involuntary context switches: 13624
	Swaps: 0
	File system inputs: 2170128
	File system outputs: 20328
	Socket messages sent: 0
	Socket messages received: 0
	Signals delivered: 0
	Page size (bytes): 4096
	Exit status: 0
